<html>
<body>
<pre>
<h1>µVision Build Log</h1>
<h2>Tool Versions:</h2>
IDE-Version: ¦ÌVision V5.15
Copyright (C) 2015 ARM Ltd and ARM Germany GmbH. All rights reserved.
License Information: 1 jinbi, 11, LIC=LJWEV-PPQ8P-PF3IX-HKD5N-E1BVJ-J6P65
 
Tool Versions:
Toolchain:       MDK-ARM Professional  Version: 5.15.0
Toolchain Path:  E:\KEIL5\ARM\ARMCC\Bin
C Compiler:      Armcc.exe V5.05 update 2 (build 169)
Assembler:       Armasm.exe V5.05 update 2 (build 169)
Linker/Locator:  ArmLink.exe V5.05 update 2 (build 169)
Library Manager: ArmAr.exe V5.05 update 2 (build 169)
Hex Converter:   FromElf.exe V5.05 update 2 (build 169)
CPU DLL:         SARMCM3.DLL V5.15.0
Dialog DLL:      DARMSTM.DLL V1.65.0.0
Target DLL:      CMSIS_AGDI.dll V1.21.12.0
Dialog DLL:      TARMSTM.DLL V1.64.0.0
 
<h2>Project:</h2>
E:\ÐÄÂÊÑªÑõÉÏÔÆ\Project\RVMDK£¨uv4£©\iSO-STM32.uvprojx
Project File Date:  05/25/2024

<h2>Output:</h2>
*** Using Compiler 'V5.05 update 2 (build 169)', folder: 'E:\KEIL5\ARM\ARMCC\Bin'
Rebuild target '´úÂëÄ£°å'
assembling startup_stm32f10x_hd.s...
compiling core_cm3.c...
compiling system_stm32f10x.c...
compiling misc.c...
compiling stm32f10x_gpio.c...
compiling stm32f10x_rcc.c...
compiling stm32f10x_tim.c...
compiling stm32f10x_exti.c...
compiling stm32f10x_fsmc.c...
compiling stm32f10x_spi.c...
compiling stm32f10x_usart.c...
compiling main.c...
..\..\User\exti.h(5): warning:  #9-D: nested comment is not allowed
  ///*?â²??Ð¶?EXIT?à¹Øºê¶???
..\..\User\main.c: 1 warning, 0 errors
compiling time.c...
compiling bsp.c...
compiling exti.c...
..\..\User\exti.h(5): warning:  #9-D: nested comment is not allowed
  ///*?â²??Ð¶?EXIT?à¹Øºê¶???
..\..\User\exti.c(10): warning:  #9-D: nested comment is not allowed
      /* config the extiline clock and AFIO clock 
..\..\User\exti.c(13): warning:  #9-D: nested comment is not allowed
  /* EXTI line gpio config    
..\..\User\exti.c(18): warning:  #9-D: nested comment is not allowed
      /* config the NVIC 
..\..\User\exti.c(20): warning:  #9-D: nested comment is not allowed
      /* ?????Ð¶?Ô´ 
..\..\User\exti.c(27): warning:  #9-D: nested comment is not allowed
      /* EXTI line mode config 
..\..\User\exti.c: 6 warnings, 0 errors
compiling bsp_ili9341_lcd.c...
compiling fonts.c...
compiling bsp_spi_flash.c...
compiling bsp_i2c.c...
compiling mpu6050.c...
compiling bsp_usart.c...
compiling delay.c...
compiling algorithm.c...
compiling myiic.c...
compiling MAX30102.c...
compiling sys.c...
compiling other.c...
..\..\User\exti.h(5): warning:  #9-D: nested comment is not allowed
  ///*?â²??Ð¶?EXIT?à¹Øºê¶???
..\..\User\other.c: 1 warning, 0 errors
compiling usart.c...
compiling onenet.c...
compiling MqttKit.c...
compiling esp8266.c...
linking...
Program Size: Code=23042 RO-data=325310 RW-data=180 ZI-data=13052  
FromELF: creating hex file...
"..\..\Output\10_fianlly.axf" - 0 Error(s), 8 Warning(s).

<h2>Collection of Component include folders:</h2>
  E:\ÐÄÂÊÑªÑõÉÏÔÆ\Project\RVMDK£¨uv4£©\RTE
  E:\KEIL5\ARM\PACK\Keil\STM32F1xx_DFP\1.1.0\Device\Include

<h2>Collection of Component Files used:</h2>
</pre>
</body>
</html>
