Component: ARM Compiler 5.05 update 2 (build 169) Tool: armlink [4d0f33]

==============================================================================

Section Cross References

    startup_stm32f10x_hd.o(RESET) refers to startup_stm32f10x_hd.o(STACK) for __initial_sp
    startup_stm32f10x_hd.o(RESET) refers to startup_stm32f10x_hd.o(.text) for Reset_Handler
    startup_stm32f10x_hd.o(RESET) refers to exti.o(i.EXTI15_10_IRQHandler) for EXTI15_10_IRQHandler
    startup_stm32f10x_hd.o(RESET) refers to time.o(i.TIM6_IRQHandler) for TIM6_IRQHandler
    startup_stm32f10x_hd.o(.text) refers to system_stm32f10x.o(i.SystemInit) for SystemInit
    startup_stm32f10x_hd.o(.text) refers to entry.o(.ARM.Collect$$$$00000000) for __main
    system_stm32f10x.o(i.SetSysClock) refers to system_stm32f10x.o(i.SetSysClockTo72) for SetSysClockTo72
    system_stm32f10x.o(i.SystemCoreClockUpdate) refers to system_stm32f10x.o(.data) for SystemCoreClock
    system_stm32f10x.o(i.SystemInit) refers to system_stm32f10x.o(i.SetSysClock) for SetSysClock
    stm32f10x_gpio.o(i.GPIO_AFIODeInit) refers to stm32f10x_rcc.o(i.RCC_APB2PeriphResetCmd) for RCC_APB2PeriphResetCmd
    stm32f10x_gpio.o(i.GPIO_DeInit) refers to stm32f10x_rcc.o(i.RCC_APB2PeriphResetCmd) for RCC_APB2PeriphResetCmd
    stm32f10x_rcc.o(i.RCC_GetClocksFreq) refers to stm32f10x_rcc.o(.data) for APBAHBPrescTable
    stm32f10x_rcc.o(i.RCC_WaitForHSEStartUp) refers to stm32f10x_rcc.o(i.RCC_GetFlagStatus) for RCC_GetFlagStatus
    stm32f10x_tim.o(i.TIM_DeInit) refers to stm32f10x_rcc.o(i.RCC_APB2PeriphResetCmd) for RCC_APB2PeriphResetCmd
    stm32f10x_tim.o(i.TIM_DeInit) refers to stm32f10x_rcc.o(i.RCC_APB1PeriphResetCmd) for RCC_APB1PeriphResetCmd
    stm32f10x_tim.o(i.TIM_ETRClockMode1Config) refers to stm32f10x_tim.o(i.TIM_ETRConfig) for TIM_ETRConfig
    stm32f10x_tim.o(i.TIM_ETRClockMode2Config) refers to stm32f10x_tim.o(i.TIM_ETRConfig) for TIM_ETRConfig
    stm32f10x_tim.o(i.TIM_ICInit) refers to stm32f10x_tim.o(i.TI1_Config) for TI1_Config
    stm32f10x_tim.o(i.TIM_ICInit) refers to stm32f10x_tim.o(i.TIM_SetIC1Prescaler) for TIM_SetIC1Prescaler
    stm32f10x_tim.o(i.TIM_ICInit) refers to stm32f10x_tim.o(i.TI2_Config) for TI2_Config
    stm32f10x_tim.o(i.TIM_ICInit) refers to stm32f10x_tim.o(i.TIM_SetIC2Prescaler) for TIM_SetIC2Prescaler
    stm32f10x_tim.o(i.TIM_ICInit) refers to stm32f10x_tim.o(i.TI3_Config) for TI3_Config
    stm32f10x_tim.o(i.TIM_ICInit) refers to stm32f10x_tim.o(i.TIM_SetIC3Prescaler) for TIM_SetIC3Prescaler
    stm32f10x_tim.o(i.TIM_ICInit) refers to stm32f10x_tim.o(i.TI4_Config) for TI4_Config
    stm32f10x_tim.o(i.TIM_ICInit) refers to stm32f10x_tim.o(i.TIM_SetIC4Prescaler) for TIM_SetIC4Prescaler
    stm32f10x_tim.o(i.TIM_ITRxExternalClockConfig) refers to stm32f10x_tim.o(i.TIM_SelectInputTrigger) for TIM_SelectInputTrigger
    stm32f10x_tim.o(i.TIM_PWMIConfig) refers to stm32f10x_tim.o(i.TI1_Config) for TI1_Config
    stm32f10x_tim.o(i.TIM_PWMIConfig) refers to stm32f10x_tim.o(i.TIM_SetIC1Prescaler) for TIM_SetIC1Prescaler
    stm32f10x_tim.o(i.TIM_PWMIConfig) refers to stm32f10x_tim.o(i.TI2_Config) for TI2_Config
    stm32f10x_tim.o(i.TIM_PWMIConfig) refers to stm32f10x_tim.o(i.TIM_SetIC2Prescaler) for TIM_SetIC2Prescaler
    stm32f10x_tim.o(i.TIM_TIxExternalClockConfig) refers to stm32f10x_tim.o(i.TI2_Config) for TI2_Config
    stm32f10x_tim.o(i.TIM_TIxExternalClockConfig) refers to stm32f10x_tim.o(i.TI1_Config) for TI1_Config
    stm32f10x_tim.o(i.TIM_TIxExternalClockConfig) refers to stm32f10x_tim.o(i.TIM_SelectInputTrigger) for TIM_SelectInputTrigger
    stm32f10x_spi.o(i.I2S_Init) refers to stm32f10x_rcc.o(i.RCC_GetClocksFreq) for RCC_GetClocksFreq
    stm32f10x_spi.o(i.SPI_I2S_DeInit) refers to stm32f10x_rcc.o(i.RCC_APB2PeriphResetCmd) for RCC_APB2PeriphResetCmd
    stm32f10x_spi.o(i.SPI_I2S_DeInit) refers to stm32f10x_rcc.o(i.RCC_APB1PeriphResetCmd) for RCC_APB1PeriphResetCmd
    stm32f10x_usart.o(i.USART_DeInit) refers to stm32f10x_rcc.o(i.RCC_APB2PeriphResetCmd) for RCC_APB2PeriphResetCmd
    stm32f10x_usart.o(i.USART_DeInit) refers to stm32f10x_rcc.o(i.RCC_APB1PeriphResetCmd) for RCC_APB1PeriphResetCmd
    stm32f10x_usart.o(i.USART_Init) refers to stm32f10x_rcc.o(i.RCC_GetClocksFreq) for RCC_GetClocksFreq
    main.o(i.Heart_spo2) refers to max30102.o(i.max30102_FIFO_ReadBytes) for max30102_FIFO_ReadBytes
    main.o(i.Heart_spo2) refers to ffltui.o(.text) for __aeabi_ui2f
    main.o(i.Heart_spo2) refers to fdiv.o(.text) for __aeabi_fdiv
    main.o(i.Heart_spo2) refers to fmul.o(.text) for __aeabi_fmul
    main.o(i.Heart_spo2) refers to ffixi.o(.text) for __aeabi_f2iz
    main.o(i.Heart_spo2) refers to printf1.o(i.__0sprintf$1) for __2sprintf
    main.o(i.Heart_spo2) refers to bsp_ili9341_lcd.o(i.ILI9341_DispString_EN_CH) for ILI9341_DispString_EN_CH
    main.o(i.Heart_spo2) refers to bsp_ili9341_lcd.o(i.ILI9341_DispString_EN) for ILI9341_DispString_EN
[...]
    printfa.o(i._fp_digits) refers to dmul.o(.text) for __aeabi_dmul
    printfa.o(i._fp_digits) refers to ddiv.o(.text) for __aeabi_ddiv
    printfa.o(i._fp_digits) refers to cdrcmple.o(.text) for __aeabi_cdrcmple
    printfa.o(i._fp_digits) refers to dadd.o(.text) for __aeabi_dadd
    printfa.o(i._fp_digits) refers to dfixul.o(.text) for __aeabi_d2ulz
    printfa.o(i._fp_digits) refers to uldiv.o(.text) for __aeabi_uldivmod
    printfa.o(i._printf_core) refers (Special) to iusefp.o(.text) for __I$use$fp
    printfa.o(i._printf_core) refers to printfa.o(i._printf_pre_padding) for _printf_pre_padding
    printfa.o(i._printf_core) refers to uldiv.o(.text) for __aeabi_uldivmod
    printfa.o(i._printf_core) refers to printfa.o(i._printf_post_padding) for _printf_post_padding
    printfa.o(i._printf_core) refers to printfa.o(i._fp_digits) for _fp_digits
    printfa.o(i._printf_core) refers to uidiv.o(.text) for __aeabi_uidivmod
    printfa.o(i._printf_post_padding) refers (Special) to iusefp.o(.text) for __I$use$fp
    printfa.o(i._printf_pre_padding) refers (Special) to iusefp.o(.text) for __I$use$fp
    printfa.o(i._snputc) refers (Special) to iusefp.o(.text) for __I$use$fp
    printfa.o(i._sputc) refers (Special) to iusefp.o(.text) for __I$use$fp
    fmul.o(.text) refers (Special) to iusefp.o(.text) for __I$use$fp
    fdiv.o(.text) refers (Special) to iusefp.o(.text) for __I$use$fp
    fdiv.o(.text) refers to fepilogue.o(.text) for _float_round
    dadd.o(.text) refers (Special) to iusefp.o(.text) for __I$use$fp
    dadd.o(.text) refers to llshl.o(.text) for __aeabi_llsl
    dadd.o(.text) refers to llsshr.o(.text) for __aeabi_lasr
    dadd.o(.text) refers to depilogue.o(.text) for _double_epilogue
    ddiv.o(.text) refers (Special) to iusefp.o(.text) for __I$use$fp
    ddiv.o(.text) refers to depilogue.o(.text) for _double_round
    ffltui.o(.text) refers (Special) to iusefp.o(.text) for __I$use$fp
    ffltui.o(.text) refers to fepilogue.o(.text) for _float_epilogue
    dflti.o(.text) refers (Special) to iusefp.o(.text) for __I$use$fp
    dflti.o(.text) refers to depilogue.o(.text) for _double_epilogue
    ffixi.o(.text) refers (Special) to iusefp.o(.text) for __I$use$fp
    dfixi.o(.text) refers (Special) to iusefp.o(.text) for __I$use$fp
    dfixi.o(.text) refers to llushr.o(.text) for __aeabi_llsr
    entry2.o(.ARM.Collect$$$$00000001) refers to entry2.o(.ARM.Collect$$$$00002712) for __lit__00000000
    entry2.o(.ARM.Collect$$$$00002712) refers to startup_stm32f10x_hd.o(STACK) for __initial_sp
    entry2.o(__vectab_stack_and_reset_area) refers to startup_stm32f10x_hd.o(STACK) for __initial_sp
    entry2.o(__vectab_stack_and_reset_area) refers to entry.o(.ARM.Collect$$$$00000000) for __main
    entry5.o(.ARM.Collect$$$$00000004) refers to init.o(.text) for __scatterload
    entry9a.o(.ARM.Collect$$$$0000000B) refers to main.o(i.main) for main
    entry9b.o(.ARM.Collect$$$$0000000C) refers to main.o(i.main) for main
    uldiv.o(.text) refers to llushr.o(.text) for __aeabi_llsr
    uldiv.o(.text) refers to llshl.o(.text) for __aeabi_llsl
    depilogue.o(.text) refers to llshl.o(.text) for __aeabi_llsl
    depilogue.o(.text) refers to llushr.o(.text) for __aeabi_llsr
    dmul.o(.text) refers to depilogue.o(.text) for _double_epilogue
    dfixul.o(.text) refers to llushr.o(.text) for __aeabi_llsr
    dfixul.o(.text) refers to llshl.o(.text) for __aeabi_llsl
    init.o(.text) refers to entry5.o(.ARM.Collect$$$$00000004) for __main_after_scatterload


==============================================================================

Removing Unused input sections from the image.

    Removing startup_stm32f10x_hd.o(HEAP), (512 bytes).
    Removing core_cm3.o(.emb_text), (32 bytes).
    Removing system_stm32f10x.o(i.SystemCoreClockUpdate), (164 bytes).
    Removing system_stm32f10x.o(.data), (20 bytes).
    Removing misc.o(i.NVIC_Init), (112 bytes).
    Removing misc.o(i.NVIC_PriorityGroupConfig), (20 bytes).
    Removing misc.o(i.NVIC_SetVectorTable), (20 bytes).
    Removing misc.o(i.NVIC_SystemLPConfig), (32 bytes).
    Removing stm32f10x_gpio.o(i.GPIO_AFIODeInit), (20 bytes).
    Removing stm32f10x_gpio.o(i.GPIO_DeInit), (200 bytes).
    Removing stm32f10x_gpio.o(i.GPIO_ETH_MediaInterfaceConfig), (12 bytes).
    Removing stm32f10x_gpio.o(i.GPIO_EXTILineConfig), (64 bytes).
    Removing stm32f10x_gpio.o(i.GPIO_EventOutputCmd), (12 bytes).
    Removing stm32f10x_gpio.o(i.GPIO_EventOutputConfig), (32 bytes).
    Removing stm32f10x_gpio.o(i.GPIO_PinLockConfig), (18 bytes).
    Removing stm32f10x_gpio.o(i.GPIO_PinRemapConfig), (144 bytes).
    Removing stm32f10x_gpio.o(i.GPIO_ReadInputData), (8 bytes).
    Removing stm32f10x_gpio.o(i.GPIO_ReadOutputData), (8 bytes).
    Removing stm32f10x_gpio.o(i.GPIO_ReadOutputDataBit), (18 bytes).
    Removing stm32f10x_gpio.o(i.GPIO_StructInit), (16 bytes).
    Removing stm32f10x_gpio.o(i.GPIO_Write), (4 bytes).
    Removing stm32f10x_gpio.o(i.GPIO_WriteBit), (10 bytes).
    Removing stm32f10x_rcc.o(i.RCC_ADCCLKConfig), (24 bytes).
    Removing stm32f10x_rcc.o(i.RCC_APB1PeriphClockCmd), (32 bytes).
    Removing stm32f10x_rcc.o(i.RCC_APB1PeriphResetCmd), (32 bytes).
    Removing stm32f10x_rcc.o(i.RCC_APB2PeriphResetCmd), (32 bytes).
    Removing stm32f10x_rcc.o(i.RCC_AdjustHSICalibrationValue), (24 bytes).
    Removing stm32f10x_rcc.o(i.RCC_BackupResetCmd), (12 bytes).
    Removing stm32f10x_rcc.o(i.RCC_ClearFlag), (20 bytes).
    Removing stm32f10x_rcc.o(i.RCC_ClearITPendingBit), (12 bytes).
    Removing stm32f10x_rcc.o(i.RCC_ClockSecuritySystemCmd), (12 bytes).
    Removing stm32f10x_rcc.o(i.RCC_DeInit), (76 bytes).
    Removing stm32f10x_rcc.o(i.RCC_GetClocksFreq), (212 bytes).
    Removing stm32f10x_rcc.o(i.RCC_GetFlagStatus), (60 bytes).
    Removing stm32f10x_rcc.o(i.RCC_GetITStatus), (24 bytes).
    Removing stm32f10x_rcc.o(i.RCC_GetSYSCLKSource), (16 bytes).
    Removing stm32f10x_rcc.o(i.RCC_HCLKConfig), (24 bytes).
    Removing stm32f10x_rcc.o(i.RCC_HSEConfig), (76 bytes).
    Removing stm32f10x_rcc.o(i.RCC_HSICmd), (12 bytes).
    Removing stm32f10x_rcc.o(i.RCC_ITConfig), (32 bytes).
    Removing stm32f10x_rcc.o(i.RCC_LSEConfig), (52 bytes).
    Removing stm32f10x_rcc.o(i.RCC_LSICmd), (12 bytes).
    Removing stm32f10x_rcc.o(i.RCC_MCOConfig), (12 bytes).
    Removing stm32f10x_rcc.o(i.RCC_PCLK1Config), (24 bytes).
    Removing stm32f10x_rcc.o(i.RCC_PCLK2Config), (24 bytes).
    Removing stm32f10x_rcc.o(i.RCC_PLLCmd), (12 bytes).
    Removing stm32f10x_rcc.o(i.RCC_PLLConfig), (28 bytes).
    Removing stm32f10x_rcc.o(i.RCC_RTCCLKCmd), (12 bytes).
    Removing stm32f10x_rcc.o(i.RCC_RTCCLKConfig), (16 bytes).
    Removing stm32f10x_rcc.o(i.RCC_SYSCLKConfig), (24 bytes).
    Removing stm32f10x_rcc.o(i.RCC_USBCLKConfig), (12 bytes).
    Removing stm32f10x_rcc.o(i.RCC_WaitForHSEStartUp), (56 bytes).
    Removing stm32f10x_rcc.o(.data), (20 bytes).
    Removing stm32f10x_tim.o(i.TI1_Config), (128 bytes).
    Removing stm32f10x_tim.o(i.TI2_Config), (152 bytes).
    Removing stm32f10x_tim.o(i.TI3_Config), (144 bytes).
    Removing stm32f10x_tim.o(i.TI4_Config), (152 bytes).
    Removing stm32f10x_tim.o(i.TIM_ARRPreloadConfig), (24 bytes).
    Removing stm32f10x_tim.o(i.TIM_BDTRConfig), (32 bytes).
    Removing stm32f10x_tim.o(i.TIM_BDTRStructInit), (18 bytes).
    Removing stm32f10x_tim.o(i.TIM_CCPreloadControl), (24 bytes).
    Removing stm32f10x_tim.o(i.TIM_CCxCmd), (30 bytes).
    Removing stm32f10x_tim.o(i.TIM_CCxNCmd), (30 bytes).
    Removing stm32f10x_tim.o(i.TIM_ClearFlag), (6 bytes).
    Removing stm32f10x_tim.o(i.TIM_ClearOC1Ref), (18 bytes).
    Removing stm32f10x_tim.o(i.TIM_ClearOC2Ref), (24 bytes).
    Removing stm32f10x_tim.o(i.TIM_ClearOC3Ref), (18 bytes).
    Removing stm32f10x_tim.o(i.TIM_ClearOC4Ref), (24 bytes).
    Removing stm32f10x_tim.o(i.TIM_Cmd), (24 bytes).
    Removing stm32f10x_tim.o(i.TIM_CounterModeConfig), (18 bytes).
    Removing stm32f10x_tim.o(i.TIM_CtrlPWMOutputs), (30 bytes).
    Removing stm32f10x_tim.o(i.TIM_DMACmd), (18 bytes).
    Removing stm32f10x_tim.o(i.TIM_DMAConfig), (10 bytes).
    Removing stm32f10x_tim.o(i.TIM_DeInit), (488 bytes).
    Removing stm32f10x_tim.o(i.TIM_ETRClockMode1Config), (54 bytes).
    Removing stm32f10x_tim.o(i.TIM_ETRClockMode2Config), (32 bytes).
    Removing stm32f10x_tim.o(i.TIM_ETRConfig), (28 bytes).
    Removing stm32f10x_tim.o(i.TIM_EncoderInterfaceConfig), (66 bytes).
    Removing stm32f10x_tim.o(i.TIM_ForcedOC1Config), (18 bytes).
    Removing stm32f10x_tim.o(i.TIM_ForcedOC2Config), (26 bytes).
    Removing stm32f10x_tim.o(i.TIM_ForcedOC3Config), (18 bytes).
    Removing stm32f10x_tim.o(i.TIM_ForcedOC4Config), (26 bytes).
    Removing stm32f10x_tim.o(i.TIM_GenerateEvent), (4 bytes).
    Removing stm32f10x_tim.o(i.TIM_GetCapture1), (6 bytes).
    Removing stm32f10x_tim.o(i.TIM_GetCapture2), (6 bytes).
    Removing stm32f10x_tim.o(i.TIM_GetCapture3), (6 bytes).
    Removing stm32f10x_tim.o(i.TIM_GetCapture4), (8 bytes).
    Removing stm32f10x_tim.o(i.TIM_GetCounter), (6 bytes).
    Removing stm32f10x_tim.o(i.TIM_GetFlagStatus), (18 bytes).
    Removing stm32f10x_tim.o(i.TIM_GetPrescaler), (6 bytes).
    Removing stm32f10x_tim.o(i.TIM_ICInit), (172 bytes).
    Removing stm32f10x_tim.o(i.TIM_ICStructInit), (18 bytes).
    Removing stm32f10x_tim.o(i.TIM_ITConfig), (18 bytes).
    Removing stm32f10x_tim.o(i.TIM_ITRxExternalClockConfig), (24 bytes).
    Removing stm32f10x_tim.o(i.TIM_InternalClockConfig), (12 bytes).
    Removing stm32f10x_tim.o(i.TIM_OC1FastConfig), (18 bytes).
    Removing stm32f10x_tim.o(i.TIM_OC1Init), (152 bytes).
    Removing stm32f10x_tim.o(i.TIM_OC1NPolarityConfig), (18 bytes).
    Removing stm32f10x_tim.o(i.TIM_OC1PolarityConfig), (18 bytes).
    Removing stm32f10x_tim.o(i.TIM_OC1PreloadConfig), (18 bytes).
    Removing stm32f10x_tim.o(i.TIM_OC2FastConfig), (26 bytes).
    Removing stm32f10x_tim.o(i.TIM_OC2Init), (164 bytes).
    Removing stm32f10x_tim.o(i.TIM_OC2NPolarityConfig), (26 bytes).
    Removing stm32f10x_tim.o(i.TIM_OC2PolarityConfig), (26 bytes).
    Removing stm32f10x_tim.o(i.TIM_OC2PreloadConfig), (26 bytes).
    Removing stm32f10x_tim.o(i.TIM_OC3FastConfig), (18 bytes).
    Removing stm32f10x_tim.o(i.TIM_OC3Init), (160 bytes).
    Removing stm32f10x_tim.o(i.TIM_OC3NPolarityConfig), (26 bytes).
    Removing stm32f10x_tim.o(i.TIM_OC3PolarityConfig), (26 bytes).
    Removing stm32f10x_tim.o(i.TIM_OC3PreloadConfig), (18 bytes).
    Removing stm32f10x_tim.o(i.TIM_OC4FastConfig), (26 bytes).
    Removing stm32f10x_tim.o(i.TIM_OC4Init), (124 bytes).
    Removing stm32f10x_tim.o(i.TIM_OC4PolarityConfig), (26 bytes).
    Removing stm32f10x_tim.o(i.TIM_OC4PreloadConfig), (26 bytes).
    Removing stm32f10x_tim.o(i.TIM_OCStructInit), (20 bytes).
    Removing stm32f10x_tim.o(i.TIM_PWMIConfig), (124 bytes).
    Removing stm32f10x_tim.o(i.TIM_PrescalerConfig), (6 bytes).
    Removing stm32f10x_tim.o(i.TIM_SelectCCDMA), (24 bytes).
    Removing stm32f10x_tim.o(i.TIM_SelectCOM), (24 bytes).
    Removing stm32f10x_tim.o(i.TIM_SelectHallSensor), (24 bytes).
    Removing stm32f10x_tim.o(i.TIM_SelectInputTrigger), (18 bytes).
    Removing stm32f10x_tim.o(i.TIM_SelectMasterSlaveMode), (18 bytes).
    Removing stm32f10x_tim.o(i.TIM_SelectOCxM), (82 bytes).
    Removing stm32f10x_tim.o(i.TIM_SelectOnePulseMode), (18 bytes).
    Removing stm32f10x_tim.o(i.TIM_SelectOutputTrigger), (18 bytes).
    Removing stm32f10x_tim.o(i.TIM_SelectSlaveMode), (18 bytes).
    Removing stm32f10x_tim.o(i.TIM_SetAutoreload), (4 bytes).
    Removing stm32f10x_tim.o(i.TIM_SetClockDivision), (18 bytes).
    Removing stm32f10x_tim.o(i.TIM_SetCompare1), (4 bytes).
    Removing stm32f10x_tim.o(i.TIM_SetCompare2), (4 bytes).
    Removing stm32f10x_tim.o(i.TIM_SetCompare3), (4 bytes).
    Removing stm32f10x_tim.o(i.TIM_SetCompare4), (6 bytes).
    Removing stm32f10x_tim.o(i.TIM_SetCounter), (4 bytes).
    Removing stm32f10x_tim.o(i.TIM_SetIC1Prescaler), (18 bytes).
    Removing stm32f10x_tim.o(i.TIM_SetIC2Prescaler), (26 bytes).
    Removing stm32f10x_tim.o(i.TIM_SetIC3Prescaler), (18 bytes).
    Removing stm32f10x_tim.o(i.TIM_SetIC4Prescaler), (26 bytes).
    Removing stm32f10x_tim.o(i.TIM_TIxExternalClockConfig), (62 bytes).
    Removing stm32f10x_tim.o(i.TIM_TimeBaseInit), (164 bytes).
    Removing stm32f10x_tim.o(i.TIM_TimeBaseStructInit), (18 bytes).
    Removing stm32f10x_tim.o(i.TIM_UpdateDisableConfig), (24 bytes).
    Removing stm32f10x_tim.o(i.TIM_UpdateRequestConfig), (24 bytes).
    Removing stm32f10x_exti.o(i.EXTI_ClearFlag), (12 bytes).
    Removing stm32f10x_exti.o(i.EXTI_DeInit), (36 bytes).
    Removing stm32f10x_exti.o(i.EXTI_GenerateSWInterrupt), (16 bytes).
    Removing stm32f10x_exti.o(i.EXTI_GetFlagStatus), (24 bytes).
    Removing stm32f10x_exti.o(i.EXTI_Init), (148 bytes).
    Removing stm32f10x_exti.o(i.EXTI_StructInit), (16 bytes).
    Removing stm32f10x_fsmc.o(i.FSMC_ClearFlag), (64 bytes).
    Removing stm32f10x_fsmc.o(i.FSMC_ClearITPendingBit), (72 bytes).
    Removing stm32f10x_fsmc.o(i.FSMC_GetECC), (28 bytes).
    Removing stm32f10x_fsmc.o(i.FSMC_GetFlagStatus), (56 bytes).
    Removing stm32f10x_fsmc.o(i.FSMC_GetITStatus), (68 bytes).
    Removing stm32f10x_fsmc.o(i.FSMC_ITConfig), (128 bytes).
    Removing stm32f10x_fsmc.o(i.FSMC_NANDCmd), (92 bytes).
    Removing stm32f10x_fsmc.o(i.FSMC_NANDDeInit), (68 bytes).
    Removing stm32f10x_fsmc.o(i.FSMC_NANDECCCmd), (92 bytes).
    Removing stm32f10x_fsmc.o(i.FSMC_NANDInit), (136 bytes).
    Removing stm32f10x_fsmc.o(i.FSMC_NANDStructInit), (54 bytes).
    Removing stm32f10x_fsmc.o(i.FSMC_NORSRAMDeInit), (54 bytes).
    Removing stm32f10x_fsmc.o(i.FSMC_NORSRAMStructInit), (114 bytes).
    Removing stm32f10x_fsmc.o(i.FSMC_PCCARDCmd), (48 bytes).
    Removing stm32f10x_fsmc.o(i.FSMC_PCCARDDeInit), (40 bytes).
    Removing stm32f10x_fsmc.o(i.FSMC_PCCARDInit), (132 bytes).
    Removing stm32f10x_fsmc.o(i.FSMC_PCCARDStructInit), (60 bytes).
    Removing stm32f10x_spi.o(i.I2S_Cmd), (24 bytes).
    Removing stm32f10x_spi.o(i.I2S_Init), (232 bytes).
    Removing stm32f10x_spi.o(i.I2S_StructInit), (20 bytes).
    Removing stm32f10x_spi.o(i.SPI_BiDirectionalLineConfig), (28 bytes).
    Removing stm32f10x_spi.o(i.SPI_CalculateCRC), (24 bytes).
    Removing stm32f10x_spi.o(i.SPI_DataSizeConfig), (18 bytes).
    Removing stm32f10x_spi.o(i.SPI_GetCRC), (16 bytes).
    Removing stm32f10x_spi.o(i.SPI_GetCRCPolynomial), (6 bytes).
    Removing stm32f10x_spi.o(i.SPI_I2S_ClearFlag), (6 bytes).
    Removing stm32f10x_spi.o(i.SPI_I2S_ClearITPendingBit), (20 bytes).
    Removing stm32f10x_spi.o(i.SPI_I2S_DMACmd), (18 bytes).
    Removing stm32f10x_spi.o(i.SPI_I2S_DeInit), (88 bytes).
    Removing stm32f10x_spi.o(i.SPI_I2S_GetITStatus), (52 bytes).
    Removing stm32f10x_spi.o(i.SPI_I2S_ITConfig), (32 bytes).
    Removing stm32f10x_spi.o(i.SPI_NSSInternalSoftwareConfig), (30 bytes).
    Removing stm32f10x_spi.o(i.SPI_SSOutputCmd), (24 bytes).
    Removing stm32f10x_spi.o(i.SPI_StructInit), (24 bytes).
    Removing stm32f10x_spi.o(i.SPI_TransmitCRC), (10 bytes).
    Removing stm32f10x_usart.o(i.USART_ClearFlag), (18 bytes).
    Removing stm32f10x_usart.o(i.USART_ClearITPendingBit), (30 bytes).
    Removing stm32f10x_usart.o(i.USART_ClockInit), (34 bytes).
    Removing stm32f10x_usart.o(i.USART_ClockStructInit), (12 bytes).
    Removing stm32f10x_usart.o(i.USART_Cmd), (24 bytes).
    Removing stm32f10x_usart.o(i.USART_DMACmd), (18 bytes).
    Removing stm32f10x_usart.o(i.USART_DeInit), (156 bytes).
    Removing stm32f10x_usart.o(i.USART_GetITStatus), (84 bytes).
    Removing stm32f10x_usart.o(i.USART_HalfDuplexCmd), (24 bytes).
    Removing stm32f10x_usart.o(i.USART_ITConfig), (74 bytes).
    Removing stm32f10x_usart.o(i.USART_Init), (216 bytes).
    Removing stm32f10x_usart.o(i.USART_IrDACmd), (24 bytes).
    Removing stm32f10x_usart.o(i.USART_IrDAConfig), (18 bytes).
    Removing stm32f10x_usart.o(i.USART_LINBreakDetectLengthConfig), (18 bytes).
    Removing stm32f10x_usart.o(i.USART_LINCmd), (24 bytes).
    Removing stm32f10x_usart.o(i.USART_OneBitMethodCmd), (24 bytes).
    Removing stm32f10x_usart.o(i.USART_OverSampling8Cmd), (22 bytes).
    Removing stm32f10x_usart.o(i.USART_ReceiveData), (10 bytes).
    Removing stm32f10x_usart.o(i.USART_ReceiverWakeUpCmd), (24 bytes).
    Removing stm32f10x_usart.o(i.USART_SendBreak), (10 bytes).
    Removing stm32f10x_usart.o(i.USART_SetAddress), (18 bytes).
    Removing stm32f10x_usart.o(i.USART_SetGuardTime), (16 bytes).
    Removing stm32f10x_usart.o(i.USART_SetPrescaler), (16 bytes).
    Removing stm32f10x_usart.o(i.USART_SmartCardCmd), (24 bytes).
    Removing stm32f10x_usart.o(i.USART_SmartCardNACKCmd), (24 bytes).
    Removing stm32f10x_usart.o(i.USART_StructInit), (24 bytes).
    Removing stm32f10x_usart.o(i.USART_WakeUpConfig), (18 bytes).
    Removing time.o(i.BASIC_TIM_NVIC_Config), (42 bytes).
    Removing time.o(i.TIMx_Configuration), (72 bytes).
    Removing exti.o(i.EXTI_Pxy_Config), (112 bytes).
    Removing bsp_ili9341_lcd.o(i.ILI9341_DispStringLine_EN), (104 bytes).
    Removing bsp_ili9341_lcd.o(i.ILI9341_DispString_CH), (96 bytes).
    Removing bsp_ili9341_lcd.o(i.ILI9341_DispString_EN_CH_YDir), (120 bytes).
    Removing bsp_ili9341_lcd.o(i.ILI9341_DispString_EN_YDir), (104 bytes).
    Removing bsp_ili9341_lcd.o(i.ILI9341_DisplayStringEx), (264 bytes).
    Removing bsp_ili9341_lcd.o(i.ILI9341_DisplayStringEx_YDir), (268 bytes).
    Removing bsp_ili9341_lcd.o(i.ILI9341_DrawChar_Ex), (140 bytes).
    Removing bsp_ili9341_lcd.o(i.ILI9341_DrawCircle), (312 bytes).
    Removing bsp_ili9341_lcd.o(i.ILI9341_DrawLine), (160 bytes).
    Removing bsp_ili9341_lcd.o(i.ILI9341_DrawRectangle), (136 bytes).
    Removing bsp_ili9341_lcd.o(i.ILI9341_GetPointPixel), (24 bytes).
    Removing bsp_ili9341_lcd.o(i.ILI9341_Read_Data), (12 bytes).
    Removing bsp_ili9341_lcd.o(i.ILI9341_Read_PixelData), (54 bytes).
    Removing bsp_ili9341_lcd.o(i.ILI9341_SetCursor), (20 bytes).
    Removing bsp_ili9341_lcd.o(i.ILI9341_SetPointPixel), (56 bytes).
    Removing bsp_ili9341_lcd.o(i.ILI9341_zoomChar), (388 bytes).
    Removing bsp_ili9341_lcd.o(i.LCD_ClearLine), (32 bytes).
    Removing bsp_ili9341_lcd.o(i.LCD_GetColors), (24 bytes).
    Removing bsp_ili9341_lcd.o(i.LCD_SetBackColor), (12 bytes).
    Removing bsp_ili9341_lcd.o(i.LCD_SetFont), (12 bytes).
    Removing bsp_ili9341_lcd.o(i.LCD_SetTextColor), (12 bytes).
    Removing bsp_ili9341_lcd.o(.bss), (17408 bytes).
    Removing bsp_spi_flash.o(i.SPI_FLASH_BufferWrite), (290 bytes).
    Removing bsp_spi_flash.o(i.SPI_FLASH_BulkErase), (40 bytes).
    Removing bsp_spi_flash.o(i.SPI_FLASH_PageWrite), (156 bytes).
    Removing bsp_spi_flash.o(i.SPI_FLASH_ReadByte), (10 bytes).
    Removing bsp_spi_flash.o(i.SPI_FLASH_ReadDeviceID), (60 bytes).
    Removing bsp_spi_flash.o(i.SPI_FLASH_ReadID), (80 bytes).
    Removing bsp_spi_flash.o(i.SPI_FLASH_SectorErase), (68 bytes).
    Removing bsp_spi_flash.o(i.SPI_FLASH_SendHalfWord), (112 bytes).
    Removing bsp_spi_flash.o(i.SPI_FLASH_StartReadSequence), (48 bytes).
    Removing bsp_spi_flash.o(i.SPI_FLASH_WaitForWriteEnd), (52 bytes).
    Removing bsp_spi_flash.o(i.SPI_FLASH_WriteEnable), (32 bytes).
    Removing bsp_spi_flash.o(i.SPI_Flash_PowerDown), (32 bytes).
    Removing bsp_spi_flash.o(i.SPI_Flash_WAKEUP), (32 bytes).
    Removing bsp_i2c.o(i.i2c_CheckDevice), (32 bytes).
    Removing mpu6050.o(i.MPU6050ReadID), (72 bytes).
    Removing mpu6050.o(i.MPU6050ReadTemp), (32 bytes).
    Removing mpu6050.o(.conststring), (72 bytes).
    Removing bsp_usart.o(i.USART_Config), (128 bytes).
    Removing bsp_usart.o(i.Usart_SendByte), (30 bytes).
    Removing bsp_usart.o(i.Usart_SendHalfWord), (60 bytes).
    Removing bsp_usart.o(i.Usart_SendString), (42 bytes).
    Removing bsp_usart.o(i.fgetc), (32 bytes).
    Removing myiic.o(i.IIC_ReadBytes), (94 bytes).
    Removing myiic.o(i.IIC_Read_One_Byte), (62 bytes).
    Removing myiic.o(i.IIC_WriteBytes), (60 bytes).
    Removing myiic.o(i.IIC_Write_One_Byte), (54 bytes).
    Removing max30102.o(i.max30102_FIFO_ReadWords), (168 bytes).
    Removing max30102.o(i.maxim_max30102_read_fifo), (124 bytes).
    Removing max30102.o(i.maxim_max30102_read_reg), (18 bytes).
    Removing max30102.o(i.maxim_max30102_write_reg), (18 bytes).
    Removing sys.o(i.INTX_DISABLE), (4 bytes).
    Removing sys.o(i.INTX_ENABLE), (4 bytes).
    Removing sys.o(i.WFI_SET), (4 bytes).
    Removing dmul.o(.text), (228 bytes).
    Removing dfixul.o(.text), (48 bytes).
    Removing cdrcmple.o(.text), (48 bytes).

271 unused section(s) (total 31922 bytes) removed from the image.

==============================================================================

Image Symbol Table

    Local Symbols

    Symbol Name                              Value     Ov Type        Size  Object(Section)

    ../clib/microlib/division.c              0x00000000   Number         0  uldiv.o ABSOLUTE
    ../clib/microlib/division.c              0x00000000   Number         0  uidiv.o ABSOLUTE
    ../clib/microlib/init/entry.s            0x00000000   Number         0  entry5.o ABSOLUTE
    ../clib/microlib/init/entry.s            0x00000000   Number         0  entry8a.o ABSOLUTE
    ../clib/microlib/init/entry.s            0x00000000   Number         0  entry10a.o ABSOLUTE
    ../clib/microlib/init/entry.s            0x00000000   Number         0  entry10b.o ABSOLUTE
    ../clib/microlib/init/entry.s            0x00000000   Number         0  entry11a.o ABSOLUTE
    ../clib/microlib/init/entry.s            0x00000000   Number         0  entry11b.o ABSOLUTE
    ../clib/microlib/init/entry.s            0x00000000   Number         0  entry.o ABSOLUTE
    ../clib/microlib/init/entry.s            0x00000000   Number         0  entry7b.o ABSOLUTE
    ../clib/microlib/init/entry.s            0x00000000   Number         0  entry7a.o ABSOLUTE
    ../clib/microlib/init/entry.s            0x00000000   Number         0  entry8b.o ABSOLUTE
    ../clib/microlib/init/entry.s            0x00000000   Number         0  entry9a.o ABSOLUTE
    ../clib/microlib/init/entry.s            0x00000000   Number         0  entry2.o ABSOLUTE
    ../clib/microlib/init/entry.s            0x00000000   Number         0  entry9b.o ABSOLUTE
    ../clib/microlib/longlong.c              0x00000000   Number         0  llshl.o ABSOLUTE
    ../clib/microlib/longlong.c              0x00000000   Number         0  llushr.o ABSOLUTE
    ../clib/microlib/longlong.c              0x00000000   Number         0  llsshr.o ABSOLUTE
    ../clib/microlib/printf/printf.c         0x00000000   Number         0  printf8.o ABSOLUTE
    ../clib/microlib/printf/printf.c         0x00000000   Number         0  printf7.o ABSOLUTE
    ../clib/microlib/printf/printf.c         0x00000000   Number         0  printf6.o ABSOLUTE
    ../clib/microlib/printf/printf.c         0x00000000   Number         0  printf5.o ABSOLUTE
    ../clib/microlib/printf/printf.c         0x00000000   Number         0  printf1.o ABSOLUTE
    ../clib/microlib/printf/printf.c         0x00000000   Number         0  printf3.o ABSOLUTE
    ../clib/microlib/printf/printf.c         0x00000000   Number         0  printf2.o ABSOLUTE
    ../clib/microlib/printf/printf.c         0x00000000   Number         0  printf4.o ABSOLUTE
    ../clib/microlib/printf/printf.c         0x00000000   Number         0  printfb.o ABSOLUTE
    ../clib/microlib/printf/printf.c         0x00000000   Number         0  printf0.o ABSOLUTE
    ../clib/microlib/printf/printf.c         0x00000000   Number         0  printfa.o ABSOLUTE
    ../clib/microlib/printf/stubs.s          0x00000000   Number         0  stubs.o ABSOLUTE
    ../clib/microlib/stdio/streams.c         0x00000000   Number         0  stdout.o ABSOLUTE
    ../clib/microlib/stubs.s                 0x00000000   Number         0  iusefp.o ABSOLUTE
    ../fplib/microlib/fpadd.c                0x00000000   Number         0  dadd.o ABSOLUTE
    ../fplib/microlib/fpdiv.c                0x00000000   Number         0  ddiv.o ABSOLUTE
    ../fplib/microlib/fpdiv.c                0x00000000   Number         0  fdiv.o ABSOLUTE
    ../fplib/microlib/fpepilogue.c           0x00000000   Number         0  fepilogue.o ABSOLUTE
    ../fplib/microlib/fpepilogue.c           0x00000000   Number         0  depilogue.o ABSOLUTE
    ../fplib/microlib/fpfix.c                0x00000000   Number         0  dfixul.o ABSOLUTE
    ../fplib/microlib/fpfix.c                0x00000000   Number         0  ffixi.o ABSOLUTE
    ../fplib/microlib/fpfix.c                0x00000000   Number         0  dfixi.o ABSOLUTE
    ../fplib/microlib/fpflt.c                0x00000000   Number         0  dflti.o ABSOLUTE
    ../fplib/microlib/fpflt.c                0x00000000   Number         0  ffltui.o ABSOLUTE
    ../fplib/microlib/fpmul.c                0x00000000   Number         0  fmul.o ABSOLUTE
    ../fplib/microlib/fpmul.c                0x00000000   Number         0  dmul.o ABSOLUTE
    ..\..\Libraries\CMSIS\core_cm3.c         0x00000000   Number         0  core_cm3.o ABSOLUTE
    ..\..\Libraries\CMSIS\startup\startup_stm32f10x_hd.s 0x00000000   Number         0  startup_stm32f10x_hd.o ABSOLUTE
    ..\..\Libraries\CMSIS\system_stm32f10x.c 0x00000000   Number         0  system_stm32f10x.o ABSOLUTE
    ..\..\Libraries\FWlib\src\misc.c         0x00000000   Number         0  misc.o ABSOLUTE
    ..\..\Libraries\FWlib\src\stm32f10x_exti.c 0x00000000   Number         0  stm32f10x_exti.o ABSOLUTE
    ..\..\Libraries\FWlib\src\stm32f10x_fsmc.c 0x00000000   Number         0  stm32f10x_fsmc.o ABSOLUTE
    ..\..\Libraries\FWlib\src\stm32f10x_gpio.c 0x00000000   Number         0  stm32f10x_gpio.o ABSOLUTE
    ..\..\Libraries\FWlib\src\stm32f10x_rcc.c 0x00000000   Number         0  stm32f10x_rcc.o ABSOLUTE
    ..\..\Libraries\FWlib\src\stm32f10x_spi.c 0x00000000   Number         0  stm32f10x_spi.o ABSOLUTE
    ..\..\Libraries\FWlib\src\stm32f10x_tim.c 0x00000000   Number         0  stm32f10x_tim.o ABSOLUTE
    ..\..\Libraries\FWlib\src\stm32f10x_usart.c 0x00000000   Number         0  stm32f10x_usart.o ABSOLUTE
    ..\..\User\MAX30102.c                    0x00000000   Number         0  max30102.o ABSOLUTE
    ..\..\User\SysTick\delay.c               0x00000000   Number         0  delay.o ABSOLUTE
    ..\..\User\algorithm.c                   0x00000000   Number         0  algorithm.o ABSOLUTE
    ..\..\User\bsp.c                         0x00000000   Number         0  bsp.o ABSOLUTE
    ..\..\User\bsp_i2c.c                     0x00000000   Number         0  bsp_i2c.o ABSOLUTE
    ..\..\User\bsp_ili9341_lcd.c             0x00000000   Number         0  bsp_ili9341_lcd.o ABSOLUTE
    ..\..\User\bsp_spi_flash.c               0x00000000   Number         0  bsp_spi_flash.o ABSOLUTE
    ..\..\User\bsp_usart.c                   0x00000000   Number         0  bsp_usart.o ABSOLUTE
    ..\..\User\exti.c                        0x00000000   Number         0  exti.o ABSOLUTE
    ..\..\User\fonts.c                       0x00000000   Number         0  fonts.o ABSOLUTE
    ..\..\User\main.c                        0x00000000   Number         0  main.o ABSOLUTE
    ..\..\User\mpu6050.c                     0x00000000   Number         0  mpu6050.o ABSOLUTE
    ..\..\User\myiic.c                       0x00000000   Number         0  myiic.o ABSOLUTE
    ..\..\User\sys.c                         0x00000000   Number         0  sys.o ABSOLUTE
    ..\..\User\time.c                        0x00000000   Number         0  time.o ABSOLUTE
    ..\\..\\Libraries\\CMSIS\\core_cm3.c     0x00000000   Number         0  core_cm3.o ABSOLUTE
    cdrcmple.s                               0x00000000   Number         0  cdrcmple.o ABSOLUTE
    dc.s                                     0x00000000   Number         0  dc.o ABSOLUTE
    handlers.s                               0x00000000   Number         0  handlers.o ABSOLUTE
    init.s                                   0x00000000   Number         0  init.o ABSOLUTE
    RESET                                    0x08000000   Section      304  startup_stm32f10x_hd.o(RESET)
    .ARM.Collect$$$$00000000                 0x08000130   Section        0  entry.o(.ARM.Collect$$$$00000000)
    .ARM.Collect$$$$00000001                 0x08000130   Section        4  entry2.o(.ARM.Collect$$$$00000001)
    .ARM.Collect$$$$00000004                 0x08000134   Section        4  entry5.o(.ARM.Collect$$$$00000004)
    .ARM.Collect$$$$00000008                 0x08000138   Section        0  entry7b.o(.ARM.Collect$$$$00000008)
    .ARM.Collect$$$$0000000A                 0x08000138   Section        0  entry8b.o(.ARM.Collect$$$$0000000A)
    .ARM.Collect$$$$0000000B                 0x08000138   Section        8  entry9a.o(.ARM.Collect$$$$0000000B)
    .ARM.Collect$$$$0000000D                 0x08000140   Section        0  entry10a.o(.ARM.Collect$$$$0000000D)
    .ARM.Collect$$$$0000000F                 0x08000140   Section        0  entry11a.o(.ARM.Collect$$$$0000000F)
    .ARM.Collect$$$$00002712                 0x08000140   Section        4  entry2.o(.ARM.Collect$$$$00002712)
    __lit__00000000                          0x08000140   Data           4  entry2.o(.ARM.Collect$$$$00002712)
    .text                                    0x08000144   Section       36  startup_stm32f10x_hd.o(.text)
    .text                                    0x08000168   Section        0  fmul.o(.text)
    .text                                    0x080001cc   Section        0  fdiv.o(.text)
    .text                                    0x08000248   Section        0  dadd.o(.text)
    .text                                    0x08000396   Section        0  ddiv.o(.text)
    .text                                    0x08000474   Section        0  ffltui.o(.text)
    .text                                    0x0800047e   Section        0  dflti.o(.text)
    .text                                    0x080004a0   Section        0  ffixi.o(.text)
    .text                                    0x080004d2   Section        0  dfixi.o(.text)
    .text                                    0x08000510   Section        0  uidiv.o(.text)
    .text                                    0x0800053c   Section        0  llshl.o(.text)
    .text                                    0x0800055a   Section        0  llushr.o(.text)
    .text                                    0x0800057a   Section        0  llsshr.o(.text)
    .text                                    0x0800059e   Section        0  fepilogue.o(.text)
    .text                                    0x0800059e   Section        0  iusefp.o(.text)
    .text                                    0x0800060c   Section        0  depilogue.o(.text)
    .text                                    0x080006c8   Section       36  init.o(.text)
    i.EXTI15_10_IRQHandler                   0x080006ec   Section        0  exti.o(i.EXTI15_10_IRQHandler)
    i.EXTI_ClearITPendingBit                 0x08000710   Section        0  stm32f10x_exti.o(i.EXTI_ClearITPendingBit)
    i.EXTI_GetITStatus                       0x0800071c   Section        0  stm32f10x_exti.o(i.EXTI_GetITStatus)
    i.FSMC_NORSRAMCmd                        0x08000744   Section        0  stm32f10x_fsmc.o(i.FSMC_NORSRAMCmd)
    i.FSMC_NORSRAMInit                       0x08000778   Section        0  stm32f10x_fsmc.o(i.FSMC_NORSRAMInit)
    i.GPIO_Init                              0x0800085e   Section        0  stm32f10x_gpio.o(i.GPIO_Init)
    i.GPIO_ReadInputDataBit                  0x08000974   Section        0  stm32f10x_gpio.o(i.GPIO_ReadInputDataBit)
    i.GPIO_ResetBits                         0x08000986   Section        0  stm32f10x_gpio.o(i.GPIO_ResetBits)
    i.GPIO_SetBits                           0x0800098a   Section        0  stm32f10x_gpio.o(i.GPIO_SetBits)
    i.GetGBKCode_from_EXFlash                0x08000990   Section        0  fonts.o(i.GetGBKCode_from_EXFlash)
    i.Heart_spo2                             0x080009e4   Section        0  main.o(i.Heart_spo2)
    Heart_spo2                               0x080009e5   Thumb Code   442  main.o(i.Heart_spo2)
    i.IIC_Ack                                0x08000be4   Section        0  myiic.o(i.IIC_Ack)
    i.IIC_Init                               0x08000c34   Section        0  myiic.o(i.IIC_Init)
    i.IIC_NAck                               0x08000c74   Section        0  myiic.o(i.IIC_NAck)
    i.IIC_Read_Byte                          0x08000cc4   Section        0  myiic.o(i.IIC_Read_Byte)
    i.IIC_Send_Byte                          0x08000d34   Section        0  myiic.o(i.IIC_Send_Byte)
    i.IIC_Start                              0x08000d9c   Section        0  myiic.o(i.IIC_Start)
    i.IIC_Stop                               0x08000de8   Section        0  myiic.o(i.IIC_Stop)
    i.IIC_Wait_Ack                           0x08000e34   Section        0  myiic.o(i.IIC_Wait_Ack)
    i.ILI9341_BackLed_Control                0x08000e98   Section        0  bsp_ili9341_lcd.o(i.ILI9341_BackLed_Control)
    i.ILI9341_Clear                          0x08000ebc   Section        0  bsp_ili9341_lcd.o(i.ILI9341_Clear)
    i.ILI9341_Delay                          0x08000ee8   Section        0  bsp_ili9341_lcd.o(i.ILI9341_Delay)
    ILI9341_Delay                            0x08000ee9   Thumb Code    18  bsp_ili9341_lcd.o(i.ILI9341_Delay)
    i.ILI9341_DispChar_CH                    0x08000efc   Section        0  bsp_ili9341_lcd.o(i.ILI9341_DispChar_CH)
    i.ILI9341_DispChar_EN                    0x08000f80   Section        0  bsp_ili9341_lcd.o(i.ILI9341_DispChar_EN)
    i.ILI9341_DispStringLine_EN_CH           0x08001018   Section        0  bsp_ili9341_lcd.o(i.ILI9341_DispStringLine_EN_CH)
    i.ILI9341_DispString_EN                  0x080010cc   Section        0  bsp_ili9341_lcd.o(i.ILI9341_DispString_EN)
    i.ILI9341_DispString_EN_CH               0x08001134   Section        0  bsp_ili9341_lcd.o(i.ILI9341_DispString_EN_CH)
    i.ILI9341_FSMC_Config                    0x080011e8   Section        0  bsp_ili9341_lcd.o(i.ILI9341_FSMC_Config)
    ILI9341_FSMC_Config                      0x080011e9   Thumb Code    94  bsp_ili9341_lcd.o(i.ILI9341_FSMC_Config)
    i.ILI9341_FillColor                      0x08001246   Section        0  bsp_ili9341_lcd.o(i.ILI9341_FillColor)
    ILI9341_FillColor                        0x08001247   Thumb Code    32  bsp_ili9341_lcd.o(i.ILI9341_FillColor)
    i.ILI9341_GPIO_Config                    0x08001268   Section        0  bsp_ili9341_lcd.o(i.ILI9341_GPIO_Config)
    ILI9341_GPIO_Config                      0x08001269   Thumb Code   398  bsp_ili9341_lcd.o(i.ILI9341_GPIO_Config)
    i.ILI9341_GramScan                       0x08001400   Section        0  bsp_ili9341_lcd.o(i.ILI9341_GramScan)
    i.ILI9341_Init                           0x080014b8   Section        0  bsp_ili9341_lcd.o(i.ILI9341_Init)
    i.ILI9341_OpenWindow                     0x080014e0   Section        0  bsp_ili9341_lcd.o(i.ILI9341_OpenWindow)
    i.ILI9341_REG_Config                     0x08001540   Section        0  bsp_ili9341_lcd.o(i.ILI9341_REG_Config)
    ILI9341_REG_Config                       0x08001541   Thumb Code   556  bsp_ili9341_lcd.o(i.ILI9341_REG_Config)
    i.ILI9341_Rst                            0x08001770   Section        0  bsp_ili9341_lcd.o(i.ILI9341_Rst)
    i.ILI9341_Write_Cmd                      0x08001798   Section        0  bsp_ili9341_lcd.o(i.ILI9341_Write_Cmd)
    ILI9341_Write_Cmd                        0x08001799   Thumb Code     8  bsp_ili9341_lcd.o(i.ILI9341_Write_Cmd)
    i.ILI9341_Write_Data                     0x080017a0   Section        0  bsp_ili9341_lcd.o(i.ILI9341_Write_Data)
    ILI9341_Write_Data                       0x080017a1   Thumb Code     6  bsp_ili9341_lcd.o(i.ILI9341_Write_Data)
    i.LCD_GetFont                            0x080017ac   Section        0  bsp_ili9341_lcd.o(i.LCD_GetFont)
    i.LCD_SetColors                          0x080017b8   Section        0  bsp_ili9341_lcd.o(i.LCD_SetColors)
    i.LCD_Showimage                          0x080017cc   Section        0  bsp_ili9341_lcd.o(i.LCD_Showimage)
    i.LED_GPIO_Config                        0x08001814   Section        0  bsp.o(i.LED_GPIO_Config)
    i.MPU6050ReadAcc                         0x08001874   Section        0  mpu6050.o(i.MPU6050ReadAcc)
    i.MPU6050ReadGyro                        0x080018b4   Section        0  mpu6050.o(i.MPU6050ReadGyro)
    i.MPU6050_DataAnalyze                    0x080018f4   Section        0  main.o(i.MPU6050_DataAnalyze)
    MPU6050_DataAnalyze                      0x080018f5   Thumb Code   434  main.o(i.MPU6050_DataAnalyze)
    i.MPU6050_DateConver                     0x08001ab4   Section        0  main.o(i.MPU6050_DateConver)
    MPU6050_DateConver                       0x08001ab5   Thumb Code   200  main.o(i.MPU6050_DateConver)
    i.MPU6050_Init                           0x08001b88   Section        0  mpu6050.o(i.MPU6050_Init)
    i.MPU6050_ReadData                       0x08001bd0   Section        0  mpu6050.o(i.MPU6050_ReadData)
    i.MPU6050_ReturnTemp                     0x08001c28   Section        0  mpu6050.o(i.MPU6050_ReturnTemp)
    i.MPU6050_WriteReg                       0x08001c80   Section        0  mpu6050.o(i.MPU6050_WriteReg)
    i.RCC_AHBPeriphClockCmd                  0x08001cb0   Section        0  stm32f10x_rcc.o(i.RCC_AHBPeriphClockCmd)
    i.RCC_APB2PeriphClockCmd                 0x08001cd0   Section        0  stm32f10x_rcc.o(i.RCC_APB2PeriphClockCmd)
    i.SPI_Cmd                                0x08001cf0   Section        0  stm32f10x_spi.o(i.SPI_Cmd)
    i.SPI_FLASH_BufferRead                   0x08001d08   Section        0  bsp_spi_flash.o(i.SPI_FLASH_BufferRead)
    i.SPI_FLASH_Init                         0x08001d58   Section        0  bsp_spi_flash.o(i.SPI_FLASH_Init)
    i.SPI_FLASH_SendByte                     0x08001e18   Section        0  bsp_spi_flash.o(i.SPI_FLASH_SendByte)
    i.SPI_I2S_GetFlagStatus                  0x08001e90   Section        0  stm32f10x_spi.o(i.SPI_I2S_GetFlagStatus)
    i.SPI_I2S_ReceiveData                    0x08001ea2   Section        0  stm32f10x_spi.o(i.SPI_I2S_ReceiveData)
    i.SPI_I2S_SendData                       0x08001ea8   Section        0  stm32f10x_spi.o(i.SPI_I2S_SendData)
    i.SPI_Init                               0x08001eac   Section        0  stm32f10x_spi.o(i.SPI_Init)
    i.SPI_TIMEOUT_UserCallback               0x08001ee8   Section        0  bsp_spi_flash.o(i.SPI_TIMEOUT_UserCallback)
    SPI_TIMEOUT_UserCallback                 0x08001ee9   Thumb Code    16  bsp_spi_flash.o(i.SPI_TIMEOUT_UserCallback)
    i.SetSysClock                            0x08001f28   Section        0  system_stm32f10x.o(i.SetSysClock)
    SetSysClock                              0x08001f29   Thumb Code     8  system_stm32f10x.o(i.SetSysClock)
    i.SetSysClockTo72                        0x08001f30   Section        0  system_stm32f10x.o(i.SetSysClockTo72)
    SetSysClockTo72                          0x08001f31   Thumb Code   214  system_stm32f10x.o(i.SetSysClockTo72)
    i.Step_temp                              0x08002010   Section        0  main.o(i.Step_temp)
    Step_temp                                0x08002011   Thumb Code    92  main.o(i.Step_temp)
    i.SysTick_CLKSourceConfig                0x0800208c   Section        0  misc.o(i.SysTick_CLKSourceConfig)
    i.SystemInit                             0x080020b4   Section        0  system_stm32f10x.o(i.SystemInit)
    i.TIM6_IRQHandler                        0x08002114   Section        0  time.o(i.TIM6_IRQHandler)
    i.TIM_ClearITPendingBit                  0x0800213c   Section        0  stm32f10x_tim.o(i.TIM_ClearITPendingBit)
    i.TIM_GetITStatus                        0x08002142   Section        0  stm32f10x_tim.o(i.TIM_GetITStatus)
    i.USART_GetFlagStatus                    0x08002164   Section        0  stm32f10x_usart.o(i.USART_GetFlagStatus)
    i.USART_SendData                         0x0800217e   Section        0  stm32f10x_usart.o(i.USART_SendData)
    i.__0printf$1                            0x08002188   Section        0  printf1.o(i.__0printf$1)
    i.__0sprintf$1                           0x080021a8   Section        0  printf1.o(i.__0sprintf$1)
    i.__scatterload_copy                     0x080021d0   Section       14  handlers.o(i.__scatterload_copy)
    i.__scatterload_null                     0x080021de   Section        2  handlers.o(i.__scatterload_null)
    i.__scatterload_zeroinit                 0x080021e0   Section       14  handlers.o(i.__scatterload_zeroinit)
    i._printf_core                           0x080021f0   Section        0  printf1.o(i._printf_core)
    _printf_core                             0x080021f1   Thumb Code   336  printf1.o(i._printf_core)
    i._sputc                                 0x08002344   Section        0  printf1.o(i._sputc)
    _sputc                                   0x08002345   Thumb Code    10  printf1.o(i._sputc)
    i.delay_init                             0x08002350   Section        0  delay.o(i.delay_init)
    i.delay_ms                               0x08002374   Section        0  delay.o(i.delay_ms)
    i.delay_us                               0x080023c0   Section        0  delay.o(i.delay_us)
    i.fputc                                  0x0800240c   Section        0  bsp_usart.o(i.fputc)
    i.i2c_Ack                                0x08002430   Section        0  bsp_i2c.o(i.i2c_Ack)
    i.i2c_Delay                              0x08002460   Section        0  bsp_i2c.o(i.i2c_Delay)
    i2c_Delay                                0x08002461   Thumb Code    14  bsp_i2c.o(i.i2c_Delay)
    i.i2c_GPIO_Config                        0x08002470   Section        0  bsp_i2c.o(i.i2c_GPIO_Config)
    i.i2c_NAck                               0x080024a0   Section        0  bsp_i2c.o(i.i2c_NAck)
    i.i2c_ReadByte                           0x080024c8   Section        0  bsp_i2c.o(i.i2c_ReadByte)
    i.i2c_SendByte                           0x08002518   Section        0  bsp_i2c.o(i.i2c_SendByte)
    i.i2c_Start                              0x0800256c   Section        0  bsp_i2c.o(i.i2c_Start)
    i.i2c_Stop                               0x0800259c   Section        0  bsp_i2c.o(i.i2c_Stop)
    i.i2c_WaitAck                            0x080025bc   Section        0  bsp_i2c.o(i.i2c_WaitAck)
    i.int2str                                0x080025f8   Section        0  main.o(i.int2str)
    i.main                                   0x0800263c   Section        0  main.o(i.main)
    i.max30102_Bus_Read                      0x0800270c   Section        0  max30102.o(i.max30102_Bus_Read)
    i.max30102_Bus_Write                     0x0800275e   Section        0  max30102.o(i.max30102_Bus_Write)
    i.max30102_FIFO_ReadBytes                0x080027a2   Section        0  max30102.o(i.max30102_FIFO_ReadBytes)
    i.max30102_init                          0x08002824   Section        0  max30102.o(i.max30102_init)
    i.max30102_reset                         0x080028a8   Section        0  max30102.o(i.max30102_reset)
    i.maxim_find_peaks                       0x080028bc   Section        0  algorithm.o(i.maxim_find_peaks)
    i.maxim_heart_rate_and_oxygen_saturation 0x08002900   Section        0  algorithm.o(i.maxim_heart_rate_and_oxygen_saturation)
    i.maxim_peaks_above_min_height           0x08002e00   Section        0  algorithm.o(i.maxim_peaks_above_min_height)
    i.maxim_remove_close_peaks               0x08002e7a   Section        0  algorithm.o(i.maxim_remove_close_peaks)
    i.maxim_sort_ascend                      0x08002eec   Section        0  algorithm.o(i.maxim_sort_ascend)
    i.maxim_sort_indices_descend             0x08002f22   Section        0  algorithm.o(i.maxim_sort_indices_descend)
    .constdata                               0x08002f62   Section    151048  main.o(.constdata)
    .constdata                               0x08027d6a   Section    15200  fonts.o(.constdata)
    .constdata                               0x0802b8ca   Section      246  algorithm.o(.constdata)
    .data                                    0x20000000   Section       68  main.o(.data)
    load                                     0x20000004   Data           4  main.o(.data)
    i_save                                   0x20000040   Data           4  main.o(.data)
    .data                                    0x20000044   Section       16  bsp_ili9341_lcd.o(.data)
    LCD_Currentfonts                         0x2000004c   Data           4  bsp_ili9341_lcd.o(.data)
    CurrentTextColor                         0x20000050   Data           2  bsp_ili9341_lcd.o(.data)
    CurrentBackColor                         0x20000052   Data           2  bsp_ili9341_lcd.o(.data)
    .data                                    0x20000054   Section       25  fonts.o(.data)
    everRead                                 0x2000006c   Data           1  fonts.o(.data)
    .data                                    0x20000070   Section        4  bsp_spi_flash.o(.data)
    SPITimeout                               0x20000070   Data           4  bsp_spi_flash.o(.data)
    .data                                    0x20000074   Section        4  delay.o(.data)
    fac_us                                   0x20000074   Data           1  delay.o(.data)
    fac_ms                                   0x20000076   Data           2  delay.o(.data)
    .data                                    0x20000078   Section        4  stdout.o(.data)
    .bss                                     0x2000007c   Section     5272  main.o(.bss)
    .bss                                     0x20001514   Section     5984  algorithm.o(.bss)
    an_dx                                    0x20001514   Data        1984  algorithm.o(.bss)
    an_x                                     0x20001cd4   Data        2000  algorithm.o(.bss)
    an_y                                     0x200024a4   Data        2000  algorithm.o(.bss)
    STACK                                    0x20002c78   Section     1024  startup_stm32f10x_hd.o(STACK)

    Global Symbols

    Symbol Name                              Value     Ov Type        Size  Object(Section)

    BuildAttributes$$THM_ISAv4$P$D$K$B$S$PE$A:L22UL41UL21$X:L11$S22US41US21$IEEE1$IW$USESV6$~STKCKD$USESV7$~SHL$OTIME$ROPI$EBA8$MICROLIB$REQ8$PRES8$EABIv2 0x00000000   Number         0  anon$$obj.o ABSOLUTE
    __ARM_use_no_argv                        0x00000000   Number         0  main.o ABSOLUTE
    _printf_a                                0x00000000   Number         0  stubs.o ABSOLUTE
    _printf_c                                0x00000000   Number         0  stubs.o ABSOLUTE
    _printf_charcount                        0x00000000   Number         0  stubs.o ABSOLUTE
    _printf_d                                0x00000000   Number         0  stubs.o ABSOLUTE
    _printf_e                                0x00000000   Number         0  stubs.o ABSOLUTE
    _printf_f                                0x00000000   Number         0  stubs.o ABSOLUTE
    _printf_flags                            0x00000000   Number         0  stubs.o ABSOLUTE
    _printf_fp_dec                           0x00000000   Number         0  stubs.o ABSOLUTE
    _printf_fp_hex                           0x00000000   Number         0  stubs.o ABSOLUTE
    _printf_g                                0x00000000   Number         0  stubs.o ABSOLUTE
    _printf_i                                0x00000000   Number         0  stubs.o ABSOLUTE
    _printf_int_dec                          0x00000000   Number         0  stubs.o ABSOLUTE
    _printf_l                                0x00000000   Number         0  stubs.o ABSOLUTE
    _printf_lc                               0x00000000   Number         0  stubs.o ABSOLUTE
    _printf_ll                               0x00000000   Number         0  stubs.o ABSOLUTE
    _printf_lld                              0x00000000   Number         0  stubs.o ABSOLUTE
    _printf_lli                              0x00000000   Number         0  stubs.o ABSOLUTE
    _printf_llo                              0x00000000   Number         0  stubs.o ABSOLUTE
    _printf_llu                              0x00000000   Number         0  stubs.o ABSOLUTE
    _printf_llx                              0x00000000   Number         0  stubs.o ABSOLUTE
    _printf_longlong_dec                     0x00000000   Number         0  stubs.o ABSOLUTE
    _printf_longlong_hex                     0x00000000   Number         0  stubs.o ABSOLUTE
    _printf_longlong_oct                     0x00000000   Number         0  stubs.o ABSOLUTE
    _printf_ls                               0x00000000   Number         0  stubs.o ABSOLUTE
    _printf_mbtowc                           0x00000000   Number         0  stubs.o ABSOLUTE
    _printf_n                                0x00000000   Number         0  stubs.o ABSOLUTE
    _printf_o                                0x00000000   Number         0  stubs.o ABSOLUTE
    _printf_p                                0x00000000   Number         0  stubs.o ABSOLUTE
    _printf_percent                          0x00000000   Number         0  stubs.o ABSOLUTE
    _printf_pre_padding                      0x00000000   Number         0  stubs.o ABSOLUTE
    _printf_return_value                     0x00000000   Number         0  stubs.o ABSOLUTE
    _printf_s                                0x00000000   Number         0  stubs.o ABSOLUTE
    _printf_sizespec                         0x00000000   Number         0  stubs.o ABSOLUTE
    _printf_str                              0x00000000   Number         0  stubs.o ABSOLUTE
    _printf_truncate_signed                  0x00000000   Number         0  stubs.o ABSOLUTE
    _printf_truncate_unsigned                0x00000000   Number         0  stubs.o ABSOLUTE
    _printf_u                                0x00000000   Number         0  stubs.o ABSOLUTE
    _printf_wc                               0x00000000   Number         0  stubs.o ABSOLUTE
    _printf_wctomb                           0x00000000   Number         0  stubs.o ABSOLUTE
    _printf_widthprec                        0x00000000   Number         0  stubs.o ABSOLUTE
    _printf_x                                0x00000000   Number         0  stubs.o ABSOLUTE
    __cpp_initialize__aeabi_                  - Undefined Weak Reference
    __cxa_finalize                            - Undefined Weak Reference
    __decompress                              - Undefined Weak Reference
    _clock_init                               - Undefined Weak Reference
    _microlib_exit                            - Undefined Weak Reference
    __Vectors_Size                           0x00000130   Number         0  startup_stm32f10x_hd.o ABSOLUTE
    __Vectors                                0x08000000   Data           4  startup_stm32f10x_hd.o(RESET)
    __Vectors_End                            0x08000130   Data           0  startup_stm32f10x_hd.o(RESET)
    __main                                   0x08000131   Thumb Code     0  entry.o(.ARM.Collect$$$$00000000)
    _main_stk                                0x08000131   Thumb Code     0  entry2.o(.ARM.Collect$$$$00000001)
    _main_scatterload                        0x08000135   Thumb Code     0  entry5.o(.ARM.Collect$$$$00000004)
    __main_after_scatterload                 0x08000139   Thumb Code     0  entry5.o(.ARM.Collect$$$$00000004)
    _main_clock                              0x08000139   Thumb Code     0  entry7b.o(.ARM.Collect$$$$00000008)
    _main_cpp_init                           0x08000139   Thumb Code     0  entry8b.o(.ARM.Collect$$$$0000000A)
    _main_init                               0x08000139   Thumb Code     0  entry9a.o(.ARM.Collect$$$$0000000B)
    __rt_final_cpp                           0x08000141   Thumb Code     0  entry10a.o(.ARM.Collect$$$$0000000D)
    __rt_final_exit                          0x08000141   Thumb Code     0  entry11a.o(.ARM.Collect$$$$0000000F)
    Reset_Handler                            0x08000145   Thumb Code     8  startup_stm32f10x_hd.o(.text)
    NMI_Handler                              0x0800014d   Thumb Code     2  startup_stm32f10x_hd.o(.text)
    HardFault_Handler                        0x0800014f   Thumb Code     2  startup_stm32f10x_hd.o(.text)
    MemManage_Handler                        0x08000151   Thumb Code     2  startup_stm32f10x_hd.o(.text)
    BusFault_Handler                         0x08000153   Thumb Code     2  startup_stm32f10x_hd.o(.text)
    UsageFault_Handler                       0x08000155   Thumb Code     2  startup_stm32f10x_hd.o(.text)
    SVC_Handler                              0x08000157   Thumb Code     2  startup_stm32f10x_hd.o(.text)
    DebugMon_Handler                         0x08000159   Thumb Code     2  startup_stm32f10x_hd.o(.text)
    PendSV_Handler                           0x0800015b   Thumb Code     2  startup_stm32f10x_hd.o(.text)
    SysTick_Handler                          0x0800015d   Thumb Code     2  startup_stm32f10x_hd.o(.text)
    ADC1_2_IRQHandler                        0x0800015f   Thumb Code     0  startup_stm32f10x_hd.o(.text)
    ADC3_IRQHandler                          0x0800015f   Thumb Code     0  startup_stm32f10x_hd.o(.text)
    CAN1_RX1_IRQHandler                      0x0800015f   Thumb Code     0  startup_stm32f10x_hd.o(.text)
    CAN1_SCE_IRQHandler                      0x0800015f   Thumb Code     0  startup_stm32f10x_hd.o(.text)
    DMA1_Channel1_IRQHandler                 0x0800015f   Thumb Code     0  startup_stm32f10x_hd.o(.text)
    DMA1_Channel2_IRQHandler                 0x0800015f   Thumb Code     0  startup_stm32f10x_hd.o(.text)
    DMA1_Channel3_IRQHandler                 0x0800015f   Thumb Code     0  startup_stm32f10x_hd.o(.text)
    DMA1_Channel4_IRQHandler                 0x0800015f   Thumb Code     0  startup_stm32f10x_hd.o(.text)
    DMA1_Channel5_IRQHandler                 0x0800015f   Thumb Code     0  startup_stm32f10x_hd.o(.text)
    DMA1_Channel6_IRQHandler                 0x0800015f   Thumb Code     0  startup_stm32f10x_hd.o(.text)
    DMA1_Channel7_IRQHandler                 0x0800015f   Thumb Code     0  startup_stm32f10x_hd.o(.text)
    DMA2_Channel1_IRQHandler                 0x0800015f   Thumb Code     0  startup_stm32f10x_hd.o(.text)
    DMA2_Channel2_IRQHandler                 0x0800015f   Thumb Code     0  startup_stm32f10x_hd.o(.text)
    DMA2_Channel3_IRQHandler                 0x0800015f   Thumb Code     0  startup_stm32f10x_hd.o(.text)
    DMA2_Channel4_5_IRQHandler               0x0800015f   Thumb Code     0  startup_stm32f10x_hd.o(.text)
    EXTI0_IRQHandler                         0x0800015f   Thumb Code     0  startup_stm32f10x_hd.o(.text)
    EXTI1_IRQHandler                         0x0800015f   Thumb Code     0  startup_stm32f10x_hd.o(.text)
    EXTI2_IRQHandler                         0x0800015f   Thumb Code     0  startup_stm32f10x_hd.o(.text)
    EXTI3_IRQHandler                         0x0800015f   Thumb Code     0  startup_stm32f10x_hd.o(.text)
    EXTI4_IRQHandler                         0x0800015f   Thumb Code     0  startup_stm32f10x_hd.o(.text)
    EXTI9_5_IRQHandler                       0x0800015f   Thumb Code     0  startup_stm32f10x_hd.o(.text)
    FLASH_IRQHandler                         0x0800015f   Thumb Code     0  startup_stm32f10x_hd.o(.text)
    FSMC_IRQHandler                          0x0800015f   Thumb Code     0  startup_stm32f10x_hd.o(.text)
    I2C1_ER_IRQHandler                       0x0800015f   Thumb Code     0  startup_stm32f10x_hd.o(.text)
    I2C1_EV_IRQHandler                       0x0800015f   Thumb Code     0  startup_stm32f10x_hd.o(.text)
    I2C2_ER_IRQHandler                       0x0800015f   Thumb Code     0  startup_stm32f10x_hd.o(.text)
    I2C2_EV_IRQHandler                       0x0800015f   Thumb Code     0  startup_stm32f10x_hd.o(.text)
    PVD_IRQHandler                           0x0800015f   Thumb Code     0  startup_stm32f10x_hd.o(.text)
    RCC_IRQHandler                           0x0800015f   Thumb Code     0  startup_stm32f10x_hd.o(.text)
    RTCAlarm_IRQHandler                      0x0800015f   Thumb Code     0  startup_stm32f10x_hd.o(.text)
    RTC_IRQHandler                           0x0800015f   Thumb Code     0  startup_stm32f10x_hd.o(.text)
    SDIO_IRQHandler                          0x0800015f   Thumb Code     0  startup_stm32f10x_hd.o(.text)
    SPI1_IRQHandler                          0x0800015f   Thumb Code     0  startup_stm32f10x_hd.o(.text)
    SPI2_IRQHandler                          0x0800015f   Thumb Code     0  startup_stm32f10x_hd.o(.text)
    SPI3_IRQHandler                          0x0800015f   Thumb Code     0  startup_stm32f10x_hd.o(.text)
    TAMPER_IRQHandler                        0x0800015f   Thumb Code     0  startup_stm32f10x_hd.o(.text)
    TIM1_BRK_IRQHandler                      0x0800015f   Thumb Code     0  startup_stm32f10x_hd.o(.text)
    TIM1_CC_IRQHandler                       0x0800015f   Thumb Code     0  startup_stm32f10x_hd.o(.text)
    TIM1_TRG_COM_IRQHandler                  0x0800015f   Thumb Code     0  startup_stm32f10x_hd.o(.text)
    TIM1_UP_IRQHandler                       0x0800015f   Thumb Code     0  startup_stm32f10x_hd.o(.text)
    TIM2_IRQHandler                          0x0800015f   Thumb Code     0  startup_stm32f10x_hd.o(.text)
    TIM3_IRQHandler                          0x0800015f   Thumb Code     0  startup_stm32f10x_hd.o(.text)
    TIM4_IRQHandler                          0x0800015f   Thumb Code     0  startup_stm32f10x_hd.o(.text)
    TIM5_IRQHandler                          0x0800015f   Thumb Code     0  startup_stm32f10x_hd.o(.text)
    TIM7_IRQHandler                          0x0800015f   Thumb Code     0  startup_stm32f10x_hd.o(.text)
    TIM8_BRK_IRQHandler                      0x0800015f   Thumb Code     0  startup_stm32f10x_hd.o(.text)
    TIM8_CC_IRQHandler                       0x0800015f   Thumb Code     0  startup_stm32f10x_hd.o(.text)
    TIM8_TRG_COM_IRQHandler                  0x0800015f   Thumb Code     0  startup_stm32f10x_hd.o(.text)
    TIM8_UP_IRQHandler                       0x0800015f   Thumb Code     0  startup_stm32f10x_hd.o(.text)
    UART4_IRQHandler                         0x0800015f   Thumb Code     0  startup_stm32f10x_hd.o(.text)
    UART5_IRQHandler                         0x0800015f   Thumb Code     0  startup_stm32f10x_hd.o(.text)
    USART1_IRQHandler                        0x0800015f   Thumb Code     0  startup_stm32f10x_hd.o(.text)
    USART2_IRQHandler                        0x0800015f   Thumb Code     0  startup_stm32f10x_hd.o(.text)
    USART3_IRQHandler                        0x0800015f   Thumb Code     0  startup_stm32f10x_hd.o(.text)
    USBWakeUp_IRQHandler                     0x0800015f   Thumb Code     0  startup_stm32f10x_hd.o(.text)
    USB_HP_CAN1_TX_IRQHandler                0x0800015f   Thumb Code     0  startup_stm32f10x_hd.o(.text)
    USB_LP_CAN1_RX0_IRQHandler               0x0800015f   Thumb Code     0  startup_stm32f10x_hd.o(.text)
    WWDG_IRQHandler                          0x0800015f   Thumb Code     0  startup_stm32f10x_hd.o(.text)
    __aeabi_fmul                             0x08000169   Thumb Code   100  fmul.o(.text)
    __aeabi_fdiv                             0x080001cd   Thumb Code   124  fdiv.o(.text)
    __aeabi_dadd                             0x08000249   Thumb Code   322  dadd.o(.text)
    __aeabi_dsub                             0x0800038b   Thumb Code     6  dadd.o(.text)
    __aeabi_drsub                            0x08000391   Thumb Code     6  dadd.o(.text)
    __aeabi_ddiv                             0x08000397   Thumb Code   222  ddiv.o(.text)
    __aeabi_ui2f                             0x08000475   Thumb Code    10  ffltui.o(.text)
    __aeabi_i2d                              0x0800047f   Thumb Code    34  dflti.o(.text)
    __aeabi_f2iz                             0x080004a1   Thumb Code    50  ffixi.o(.text)
    __aeabi_d2iz                             0x080004d3   Thumb Code    62  dfixi.o(.text)
    __aeabi_uidiv                            0x08000511   Thumb Code     0  uidiv.o(.text)
    __aeabi_uidivmod                         0x08000511   Thumb Code    44  uidiv.o(.text)
    __aeabi_llsl                             0x0800053d   Thumb Code    30  llshl.o(.text)
    _ll_shift_l                              0x0800053d   Thumb Code     0  llshl.o(.text)
    __aeabi_llsr                             0x0800055b   Thumb Code    32  llushr.o(.text)
    _ll_ushift_r                             0x0800055b   Thumb Code     0  llushr.o(.text)
    __aeabi_lasr                             0x0800057b   Thumb Code    36  llsshr.o(.text)
    _ll_sshift_r                             0x0800057b   Thumb Code     0  llsshr.o(.text)
    __I$use$fp                               0x0800059f   Thumb Code     0  iusefp.o(.text)
    _float_round                             0x0800059f   Thumb Code    18  fepilogue.o(.text)
    _float_epilogue                          0x080005b1   Thumb Code    92  fepilogue.o(.text)
    _double_round                            0x0800060d   Thumb Code    30  depilogue.o(.text)
    _double_epilogue                         0x0800062b   Thumb Code   156  depilogue.o(.text)
    __scatterload                            0x080006c9   Thumb Code    28  init.o(.text)
    __scatterload_rt2                        0x080006c9   Thumb Code     0  init.o(.text)
    EXTI15_10_IRQHandler                     0x080006ed   Thumb Code    32  exti.o(i.EXTI15_10_IRQHandler)
    EXTI_ClearITPendingBit                   0x08000711   Thumb Code     6  stm32f10x_exti.o(i.EXTI_ClearITPendingBit)
    EXTI_GetITStatus                         0x0800071d   Thumb Code    34  stm32f10x_exti.o(i.EXTI_GetITStatus)
    FSMC_NORSRAMCmd                          0x08000745   Thumb Code    46  stm32f10x_fsmc.o(i.FSMC_NORSRAMCmd)
    FSMC_NORSRAMInit                         0x08000779   Thumb Code   230  stm32f10x_fsmc.o(i.FSMC_NORSRAMInit)
    GPIO_Init                                0x0800085f   Thumb Code   278  stm32f10x_gpio.o(i.GPIO_Init)
    GPIO_ReadInputDataBit                    0x08000975   Thumb Code    18  stm32f10x_gpio.o(i.GPIO_ReadInputDataBit)
    GPIO_ResetBits                           0x08000987   Thumb Code     4  stm32f10x_gpio.o(i.GPIO_ResetBits)
    GPIO_SetBits                             0x0800098b   Thumb Code     4  stm32f10x_gpio.o(i.GPIO_SetBits)
    GetGBKCode_from_EXFlash                  0x08000991   Thumb Code    74  fonts.o(i.GetGBKCode_from_EXFlash)
    IIC_Ack                                  0x08000be5   Thumb Code    66  myiic.o(i.IIC_Ack)
    IIC_Init                                 0x08000c35   Thumb Code    52  myiic.o(i.IIC_Init)
    IIC_NAck                                 0x08000c75   Thumb Code    66  myiic.o(i.IIC_NAck)
    IIC_Read_Byte                            0x08000cc5   Thumb Code   100  myiic.o(i.IIC_Read_Byte)
    IIC_Send_Byte                            0x08000d35   Thumb Code    90  myiic.o(i.IIC_Send_Byte)
    IIC_Start                                0x08000d9d   Thumb Code    64  myiic.o(i.IIC_Start)
    IIC_Stop                                 0x08000de9   Thumb Code    62  myiic.o(i.IIC_Stop)
    IIC_Wait_Ack                             0x08000e35   Thumb Code    88  myiic.o(i.IIC_Wait_Ack)
    ILI9341_BackLed_Control                  0x08000e99   Thumb Code    30  bsp_ili9341_lcd.o(i.ILI9341_BackLed_Control)
    ILI9341_Clear                            0x08000ebd   Thumb Code    40  bsp_ili9341_lcd.o(i.ILI9341_Clear)
    ILI9341_DispChar_CH                      0x08000efd   Thumb Code   122  bsp_ili9341_lcd.o(i.ILI9341_DispChar_CH)
    ILI9341_DispChar_EN                      0x08000f81   Thumb Code   138  bsp_ili9341_lcd.o(i.ILI9341_DispChar_EN)
    ILI9341_DispStringLine_EN_CH             0x08001019   Thumb Code   168  bsp_ili9341_lcd.o(i.ILI9341_DispStringLine_EN_CH)
    ILI9341_DispString_EN                    0x080010cd   Thumb Code    92  bsp_ili9341_lcd.o(i.ILI9341_DispString_EN)
    ILI9341_DispString_EN_CH                 0x08001135   Thumb Code   168  bsp_ili9341_lcd.o(i.ILI9341_DispString_EN_CH)
    ILI9341_GramScan                         0x08001401   Thumb Code   172  bsp_ili9341_lcd.o(i.ILI9341_GramScan)
    ILI9341_Init                             0x080014b9   Thumb Code    34  bsp_ili9341_lcd.o(i.ILI9341_Init)
    ILI9341_OpenWindow                       0x080014e1   Thumb Code    96  bsp_ili9341_lcd.o(i.ILI9341_OpenWindow)
    ILI9341_Rst                              0x08001771   Thumb Code    36  bsp_ili9341_lcd.o(i.ILI9341_Rst)
    LCD_GetFont                              0x080017ad   Thumb Code     6  bsp_ili9341_lcd.o(i.LCD_GetFont)
    LCD_SetColors                            0x080017b9   Thumb Code    10  bsp_ili9341_lcd.o(i.LCD_SetColors)
    LCD_Showimage                            0x080017cd   Thumb Code    72  bsp_ili9341_lcd.o(i.LCD_Showimage)
    LED_GPIO_Config                          0x08001815   Thumb Code    90  bsp.o(i.LED_GPIO_Config)
    MPU6050ReadAcc                           0x08001875   Thumb Code    64  mpu6050.o(i.MPU6050ReadAcc)
    MPU6050ReadGyro                          0x080018b5   Thumb Code    64  mpu6050.o(i.MPU6050ReadGyro)
    MPU6050_Init                             0x08001b89   Thumb Code    72  mpu6050.o(i.MPU6050_Init)
    MPU6050_ReadData                         0x08001bd1   Thumb Code    88  mpu6050.o(i.MPU6050_ReadData)
    MPU6050_ReturnTemp                       0x08001c29   Thumb Code    78  mpu6050.o(i.MPU6050_ReturnTemp)
    MPU6050_WriteReg                         0x08001c81   Thumb Code    46  mpu6050.o(i.MPU6050_WriteReg)
    RCC_AHBPeriphClockCmd                    0x08001cb1   Thumb Code    26  stm32f10x_rcc.o(i.RCC_AHBPeriphClockCmd)
    RCC_APB2PeriphClockCmd                   0x08001cd1   Thumb Code    26  stm32f10x_rcc.o(i.RCC_APB2PeriphClockCmd)
    SPI_Cmd                                  0x08001cf1   Thumb Code    24  stm32f10x_spi.o(i.SPI_Cmd)
    SPI_FLASH_BufferRead                     0x08001d09   Thumb Code    76  bsp_spi_flash.o(i.SPI_FLASH_BufferRead)
    SPI_FLASH_Init                           0x08001d59   Thumb Code   178  bsp_spi_flash.o(i.SPI_FLASH_Init)
    SPI_FLASH_SendByte                       0x08001e19   Thumb Code   110  bsp_spi_flash.o(i.SPI_FLASH_SendByte)
    SPI_I2S_GetFlagStatus                    0x08001e91   Thumb Code    18  stm32f10x_spi.o(i.SPI_I2S_GetFlagStatus)
    SPI_I2S_ReceiveData                      0x08001ea3   Thumb Code     6  stm32f10x_spi.o(i.SPI_I2S_ReceiveData)
    SPI_I2S_SendData                         0x08001ea9   Thumb Code     4  stm32f10x_spi.o(i.SPI_I2S_SendData)
    SPI_Init                                 0x08001ead   Thumb Code    60  stm32f10x_spi.o(i.SPI_Init)
    SysTick_CLKSourceConfig                  0x0800208d   Thumb Code    40  misc.o(i.SysTick_CLKSourceConfig)
    SystemInit                               0x080020b5   Thumb Code    78  system_stm32f10x.o(i.SystemInit)
    TIM6_IRQHandler                          0x08002115   Thumb Code    32  time.o(i.TIM6_IRQHandler)
    TIM_ClearITPendingBit                    0x0800213d   Thumb Code     6  stm32f10x_tim.o(i.TIM_ClearITPendingBit)
    TIM_GetITStatus                          0x08002143   Thumb Code    34  stm32f10x_tim.o(i.TIM_GetITStatus)
    USART_GetFlagStatus                      0x08002165   Thumb Code    26  stm32f10x_usart.o(i.USART_GetFlagStatus)
    USART_SendData                           0x0800217f   Thumb Code     8  stm32f10x_usart.o(i.USART_SendData)
    __0printf$1                              0x08002189   Thumb Code    22  printf1.o(i.__0printf$1)
    __1printf$1                              0x08002189   Thumb Code     0  printf1.o(i.__0printf$1)
    __2printf                                0x08002189   Thumb Code     0  printf1.o(i.__0printf$1)
    __0sprintf$1                             0x080021a9   Thumb Code    34  printf1.o(i.__0sprintf$1)
    __1sprintf$1                             0x080021a9   Thumb Code     0  printf1.o(i.__0sprintf$1)
    __2sprintf                               0x080021a9   Thumb Code     0  printf1.o(i.__0sprintf$1)
    __scatterload_copy                       0x080021d1   Thumb Code    14  handlers.o(i.__scatterload_copy)
    __scatterload_null                       0x080021df   Thumb Code     2  handlers.o(i.__scatterload_null)
    __scatterload_zeroinit                   0x080021e1   Thumb Code    14  handlers.o(i.__scatterload_zeroinit)
    delay_init                               0x08002351   Thumb Code    26  delay.o(i.delay_init)
    delay_ms                                 0x08002375   Thumb Code    72  delay.o(i.delay_ms)
    delay_us                                 0x080023c1   Thumb Code    72  delay.o(i.delay_us)
    fputc                                    0x0800240d   Thumb Code    32  bsp_usart.o(i.fputc)
    i2c_Ack                                  0x08002431   Thumb Code    44  bsp_i2c.o(i.i2c_Ack)
    i2c_GPIO_Config                          0x08002471   Thumb Code    42  bsp_i2c.o(i.i2c_GPIO_Config)
    i2c_NAck                                 0x080024a1   Thumb Code    36  bsp_i2c.o(i.i2c_NAck)
    i2c_ReadByte                             0x080024c9   Thumb Code    76  bsp_i2c.o(i.i2c_ReadByte)
    i2c_SendByte                             0x08002519   Thumb Code    80  bsp_i2c.o(i.i2c_SendByte)
    i2c_Start                                0x0800256d   Thumb Code    42  bsp_i2c.o(i.i2c_Start)
    i2c_Stop                                 0x0800259d   Thumb Code    28  bsp_i2c.o(i.i2c_Stop)
    i2c_WaitAck                              0x080025bd   Thumb Code    56  bsp_i2c.o(i.i2c_WaitAck)
    int2str                                  0x080025f9   Thumb Code    68  main.o(i.int2str)
    main                                     0x0800263d   Thumb Code   156  main.o(i.main)
    max30102_Bus_Read                        0x0800270d   Thumb Code    82  max30102.o(i.max30102_Bus_Read)
    max30102_Bus_Write                       0x0800275f   Thumb Code    68  max30102.o(i.max30102_Bus_Write)
    max30102_FIFO_ReadBytes                  0x080027a3   Thumb Code   128  max30102.o(i.max30102_FIFO_ReadBytes)
    max30102_init                            0x08002825   Thumb Code   128  max30102.o(i.max30102_init)
    max30102_reset                           0x080028a9   Thumb Code    20  max30102.o(i.max30102_reset)
    maxim_find_peaks                         0x080028bd   Thumb Code    66  algorithm.o(i.maxim_find_peaks)
    maxim_heart_rate_and_oxygen_saturation   0x08002901   Thumb Code  1272  algorithm.o(i.maxim_heart_rate_and_oxygen_saturation)
    maxim_peaks_above_min_height             0x08002e01   Thumb Code   122  algorithm.o(i.maxim_peaks_above_min_height)
    maxim_remove_close_peaks                 0x08002e7b   Thumb Code   114  algorithm.o(i.maxim_remove_close_peaks)
    maxim_sort_ascend                        0x08002eed   Thumb Code    54  algorithm.o(i.maxim_sort_ascend)
    maxim_sort_indices_descend               0x08002f23   Thumb Code    64  algorithm.o(i.maxim_sort_indices_descend)
    gImage_666                               0x08002f62   Data       151048  main.o(.constdata)
    ASCII8x16_Table                          0x08027d6a   Data        1520  fonts.o(.constdata)
    ASCII16x24_Table                         0x0802835a   Data        4560  fonts.o(.constdata)
    ASCII24x32_Table                         0x0802952a   Data        9120  fonts.o(.constdata)
    auw_hamm                                 0x0802b8ca   Data          62  algorithm.o(.constdata)
    uch_spo2_table                           0x0802b908   Data         184  algorithm.o(.constdata)
    Region$$Table$$Base                      0x0802b9c0   Number         0  anon$$obj.o(Region$$Table)
    Region$$Table$$Limit                     0x0802b9e0   Number         0  anon$$obj.o(Region$$Table)
    time                                     0x20000000   Data           4  main.o(.data)
    Accel                                    0x20000008   Data           6  main.o(.data)
    Gyro                                     0x2000000e   Data           6  main.o(.data)
    Temp                                     0x20000014   Data           2  main.o(.data)
    hold_value                               0x20000018   Data           4  main.o(.data)
    step_count                               0x2000001c   Data           4  main.o(.data)
    n_ir_buffer_length                       0x20000020   Data           4  main.o(.data)
    n_sp02                                   0x20000024   Data           4  main.o(.data)
    ch_spo2_valid                            0x20000028   Data           1  main.o(.data)
    n_heart_rate                             0x2000002c   Data           4  main.o(.data)
    ch_hr_valid                              0x20000030   Data           1  main.o(.data)
    heart                                    0x20000031   Data           6  main.o(.data)
    spo2                                     0x20000037   Data           6  main.o(.data)
    LCD_X_LENGTH                             0x20000044   Data           2  bsp_ili9341_lcd.o(.data)
    LCD_Y_LENGTH                             0x20000046   Data           2  bsp_ili9341_lcd.o(.data)
    LCD_SCAN_MODE                            0x20000048   Data           1  bsp_ili9341_lcd.o(.data)
    Font8x16                                 0x20000054   Data           8  fonts.o(.data)
    Font16x24                                0x2000005c   Data           8  fonts.o(.data)
    Font24x32                                0x20000064   Data           8  fonts.o(.data)
    __stdout                                 0x20000078   Data           4  stdout.o(.data)
    loading                                  0x2000007c   Data          50  main.o(.bss)
    temp_num                                 0x200000ae   Data          20  main.o(.bss)
    data_temp                                0x200000c4   Data        1200  main.o(.bss)
    aun_ir_buffer                            0x20000574   Data        2000  main.o(.bss)
    aun_red_buffer                           0x20000d44   Data        2000  main.o(.bss)
    __initial_sp                             0x20003078   Data           0  startup_stm32f10x_hd.o(STACK)



==============================================================================

Memory Map of the image

  Image Entry point : 0x08000131

  Load Region LR_IROM1 (Base: 0x08000000, Size: 0x0002ba5c, Max: 0x00080000, ABSOLUTE)

    Execution Region ER_IROM1 (Base: 0x08000000, Size: 0x0002b9e0, Max: 0x00080000, ABSOLUTE)

    Base Addr    Size         Type   Attr      Idx    E Section Name        Object

    0x08000000   0x00000130   Data   RO            3    RESET               startup_stm32f10x_hd.o
    0x08000130   0x00000000   Code   RO         2472  * .ARM.Collect$$$$00000000  mc_w.l(entry.o)
    0x08000130   0x00000004   Code   RO         2752    .ARM.Collect$$$$00000001  mc_w.l(entry2.o)
    0x08000134   0x00000004   Code   RO         2755    .ARM.Collect$$$$00000004  mc_w.l(entry5.o)
    0x08000138   0x00000000   Code   RO         2757    .ARM.Collect$$$$00000008  mc_w.l(entry7b.o)
    0x08000138   0x00000000   Code   RO         2759    .ARM.Collect$$$$0000000A  mc_w.l(entry8b.o)
    0x08000138   0x00000008   Code   RO         2760    .ARM.Collect$$$$0000000B  mc_w.l(entry9a.o)
    0x08000140   0x00000000   Code   RO         2762    .ARM.Collect$$$$0000000D  mc_w.l(entry10a.o)
    0x08000140   0x00000000   Code   RO         2764    .ARM.Collect$$$$0000000F  mc_w.l(entry11a.o)
    0x08000140   0x00000004   Code   RO         2753    .ARM.Collect$$$$00002712  mc_w.l(entry2.o)
    0x08000144   0x00000024   Code   RO            4    .text               startup_stm32f10x_hd.o
    0x08000168   0x00000064   Code   RO         2736    .text               mf_w.l(fmul.o)
    0x080001cc   0x0000007c   Code   RO         2738    .text               mf_w.l(fdiv.o)
    0x08000248   0x0000014e   Code   RO         2740    .text               mf_w.l(dadd.o)
    0x08000396   0x000000de   Code   RO         2742    .text               mf_w.l(ddiv.o)
    0x08000474   0x0000000a   Code   RO         2744    .text               mf_w.l(ffltui.o)
    0x0800047e   0x00000022   Code   RO         2746    .text               mf_w.l(dflti.o)
    0x080004a0   0x00000032   Code   RO         2748    .text               mf_w.l(ffixi.o)
    0x080004d2   0x0000003e   Code   RO         2750    .text               mf_w.l(dfixi.o)
    0x08000510   0x0000002c   Code   RO         2767    .text               mc_w.l(uidiv.o)
    0x0800053c   0x0000001e   Code   RO         2771    .text               mc_w.l(llshl.o)
    0x0800055a   0x00000020   Code   RO         2773    .text               mc_w.l(llushr.o)
    0x0800057a   0x00000024   Code   RO         2775    .text               mc_w.l(llsshr.o)
    0x0800059e   0x00000000   Code   RO         2777    .text               mc_w.l(iusefp.o)
    0x0800059e   0x0000006e   Code   RO         2778    .text               mf_w.l(fepilogue.o)
    0x0800060c   0x000000ba   Code   RO         2780    .text               mf_w.l(depilogue.o)
    0x080006c6   0x00000002   PAD
    0x080006c8   0x00000024   Code   RO         2788    .text               mc_w.l(init.o)
    0x080006ec   0x00000024   Code   RO         1671    i.EXTI15_10_IRQHandler  exti.o
    0x08000710   0x0000000c   Code   RO         1040    i.EXTI_ClearITPendingBit  stm32f10x_exti.o
    0x0800071c   0x00000028   Code   RO         1044    i.EXTI_GetITStatus  stm32f10x_exti.o
    0x08000744   0x00000034   Code   RO         1104    i.FSMC_NORSRAMCmd   stm32f10x_fsmc.o
    0x08000778   0x000000e6   Code   RO         1106    i.FSMC_NORSRAMInit  stm32f10x_fsmc.o
    0x0800085e   0x00000116   Code   RO          183    i.GPIO_Init         stm32f10x_gpio.o
    0x08000974   0x00000012   Code   RO          187    i.GPIO_ReadInputDataBit  stm32f10x_gpio.o
    0x08000986   0x00000004   Code   RO          190    i.GPIO_ResetBits    stm32f10x_gpio.o
    0x0800098a   0x00000004   Code   RO          191    i.GPIO_SetBits      stm32f10x_gpio.o
    0x0800098e   0x00000002   PAD
    0x08000990   0x00000054   Code   RO         1945    i.GetGBKCode_from_EXFlash  fonts.o
    0x080009e4   0x00000200   Code   RO         1537    i.Heart_spo2        main.o
    0x08000be4   0x00000050   Code   RO         2310    i.IIC_Ack           myiic.o
    0x08000c34   0x00000040   Code   RO         2311    i.IIC_Init          myiic.o
    0x08000c74   0x00000050   Code   RO         2312    i.IIC_NAck          myiic.o
    0x08000cc4   0x00000070   Code   RO         2314    i.IIC_Read_Byte     myiic.o
    0x08000d34   0x00000068   Code   RO         2316    i.IIC_Send_Byte     myiic.o
    0x08000d9c   0x0000004c   Code   RO         2317    i.IIC_Start         myiic.o
    0x08000de8   0x0000004c   Code   RO         2318    i.IIC_Stop          myiic.o
    0x08000e34   0x00000064   Code   RO         2319    i.IIC_Wait_Ack      myiic.o
    0x08000e98   0x00000024   Code   RO         1689    i.ILI9341_BackLed_Control  bsp_ili9341_lcd.o
    0x08000ebc   0x0000002c   Code   RO         1690    i.ILI9341_Clear     bsp_ili9341_lcd.o
    0x08000ee8   0x00000012   Code   RO         1691    i.ILI9341_Delay     bsp_ili9341_lcd.o
    0x08000efa   0x00000002   PAD
    0x08000efc   0x00000084   Code   RO         1692    i.ILI9341_DispChar_CH  bsp_ili9341_lcd.o
    0x08000f80   0x00000098   Code   RO         1693    i.ILI9341_DispChar_EN  bsp_ili9341_lcd.o
    0x08001018   0x000000b4   Code   RO         1695    i.ILI9341_DispStringLine_EN_CH  bsp_ili9341_lcd.o
    0x080010cc   0x00000068   Code   RO         1697    i.ILI9341_DispString_EN  bsp_ili9341_lcd.o
    0x08001134   0x000000b4   Code   RO         1698    i.ILI9341_DispString_EN_CH  bsp_ili9341_lcd.o
    0x080011e8   0x0000005e   Code   RO         1707    i.ILI9341_FSMC_Config  bsp_ili9341_lcd.o
    0x08001246   0x00000020   Code   RO         1708    i.ILI9341_FillColor  bsp_ili9341_lcd.o
    0x08001266   0x00000002   PAD
    0x08001268   0x00000198   Code   RO         1709    i.ILI9341_GPIO_Config  bsp_ili9341_lcd.o
    0x08001400   0x000000b8   Code   RO         1711    i.ILI9341_GramScan  bsp_ili9341_lcd.o
    0x080014b8   0x00000028   Code   RO         1712    i.ILI9341_Init      bsp_ili9341_lcd.o
    0x080014e0   0x00000060   Code   RO         1713    i.ILI9341_OpenWindow  bsp_ili9341_lcd.o
    0x08001540   0x00000230   Code   RO         1714    i.ILI9341_REG_Config  bsp_ili9341_lcd.o
    0x08001770   0x00000028   Code   RO         1717    i.ILI9341_Rst       bsp_ili9341_lcd.o
    0x08001798   0x00000008   Code   RO         1720    i.ILI9341_Write_Cmd  bsp_ili9341_lcd.o
    0x080017a0   0x0000000c   Code   RO         1721    i.ILI9341_Write_Data  bsp_ili9341_lcd.o
    0x080017ac   0x0000000c   Code   RO         1725    i.LCD_GetFont       bsp_ili9341_lcd.o
    0x080017b8   0x00000014   Code   RO         1727    i.LCD_SetColors     bsp_ili9341_lcd.o
    0x080017cc   0x00000048   Code   RO         1730    i.LCD_Showimage     bsp_ili9341_lcd.o
    0x08001814   0x00000060   Code   RO         1659    i.LED_GPIO_Config   bsp.o
    0x08001874   0x00000040   Code   RO         2141    i.MPU6050ReadAcc    mpu6050.o
    0x080018b4   0x00000040   Code   RO         2142    i.MPU6050ReadGyro   mpu6050.o
    0x080018f4   0x000001c0   Code   RO         1538    i.MPU6050_DataAnalyze  main.o
    0x08001ab4   0x000000d4   Code   RO         1539    i.MPU6050_DateConver  main.o
    0x08001b88   0x00000048   Code   RO         2145    i.MPU6050_Init      mpu6050.o
    0x08001bd0   0x00000058   Code   RO         2146    i.MPU6050_ReadData  mpu6050.o
    0x08001c28   0x00000058   Code   RO         2147    i.MPU6050_ReturnTemp  mpu6050.o
    0x08001c80   0x0000002e   Code   RO         2148    i.MPU6050_WriteReg  mpu6050.o
    0x08001cae   0x00000002   PAD
    0x08001cb0   0x00000020   Code   RO          292    i.RCC_AHBPeriphClockCmd  stm32f10x_rcc.o
    0x08001cd0   0x00000020   Code   RO          295    i.RCC_APB2PeriphClockCmd  stm32f10x_rcc.o
    0x08001cf0   0x00000018   Code   RO         1218    i.SPI_Cmd           stm32f10x_spi.o
    0x08001d08   0x00000050   Code   RO         1967    i.SPI_FLASH_BufferRead  bsp_spi_flash.o
    0x08001d58   0x000000c0   Code   RO         1970    i.SPI_FLASH_Init    bsp_spi_flash.o
    0x08001e18   0x00000078   Code   RO         1976    i.SPI_FLASH_SendByte  bsp_spi_flash.o
    0x08001e90   0x00000012   Code   RO         1226    i.SPI_I2S_GetFlagStatus  stm32f10x_spi.o
    0x08001ea2   0x00000006   Code   RO         1229    i.SPI_I2S_ReceiveData  stm32f10x_spi.o
    0x08001ea8   0x00000004   Code   RO         1230    i.SPI_I2S_SendData  stm32f10x_spi.o
    0x08001eac   0x0000003c   Code   RO         1231    i.SPI_Init          stm32f10x_spi.o
    0x08001ee8   0x00000040   Code   RO         1983    i.SPI_TIMEOUT_UserCallback  bsp_spi_flash.o
    0x08001f28   0x00000008   Code   RO           24    i.SetSysClock       system_stm32f10x.o
    0x08001f30   0x000000e0   Code   RO           25    i.SetSysClockTo72   system_stm32f10x.o
    0x08002010   0x0000007c   Code   RO         1540    i.Step_temp         main.o
    0x0800208c   0x00000028   Code   RO          141    i.SysTick_CLKSourceConfig  misc.o
    0x080020b4   0x00000060   Code   RO           27    i.SystemInit        system_stm32f10x.o
    0x08002114   0x00000028   Code   RO         1635    i.TIM6_IRQHandler   time.o
    0x0800213c   0x00000006   Code   RO          502    i.TIM_ClearITPendingBit  stm32f10x_tim.o
    0x08002142   0x00000022   Code   RO          528    i.TIM_GetITStatus   stm32f10x_tim.o
    0x08002164   0x0000001a   Code   RO         1364    i.USART_GetFlagStatus  stm32f10x_usart.o
    0x0800217e   0x00000008   Code   RO         1378    i.USART_SendData    stm32f10x_usart.o
    0x08002186   0x00000002   PAD
    0x08002188   0x00000020   Code   RO         2520    i.__0printf$1       mc_w.l(printf1.o)
    0x080021a8   0x00000028   Code   RO         2522    i.__0sprintf$1      mc_w.l(printf1.o)
    0x080021d0   0x0000000e   Code   RO         2792    i.__scatterload_copy  mc_w.l(handlers.o)
    0x080021de   0x00000002   Code   RO         2793    i.__scatterload_null  mc_w.l(handlers.o)
    0x080021e0   0x0000000e   Code   RO         2794    i.__scatterload_zeroinit  mc_w.l(handlers.o)
    0x080021ee   0x00000002   PAD
    0x080021f0   0x00000154   Code   RO         2527    i._printf_core      mc_w.l(printf1.o)
    0x08002344   0x0000000a   Code   RO         2529    i._sputc            mc_w.l(printf1.o)
    0x0800234e   0x00000002   PAD
    0x08002350   0x00000024   Code   RO         2238    i.delay_init        delay.o
    0x08002374   0x0000004c   Code   RO         2239    i.delay_ms          delay.o
    0x080023c0   0x0000004c   Code   RO         2240    i.delay_us          delay.o
    0x0800240c   0x00000024   Code   RO         2201    i.fputc             bsp_usart.o
    0x08002430   0x00000030   Code   RO         2076    i.i2c_Ack           bsp_i2c.o
    0x08002460   0x0000000e   Code   RO         2078    i.i2c_Delay         bsp_i2c.o
    0x0800246e   0x00000002   PAD
    0x08002470   0x00000030   Code   RO         2079    i.i2c_GPIO_Config   bsp_i2c.o
    0x080024a0   0x00000028   Code   RO         2080    i.i2c_NAck          bsp_i2c.o
    0x080024c8   0x00000050   Code   RO         2081    i.i2c_ReadByte      bsp_i2c.o
    0x08002518   0x00000054   Code   RO         2082    i.i2c_SendByte      bsp_i2c.o
    0x0800256c   0x00000030   Code   RO         2083    i.i2c_Start         bsp_i2c.o
    0x0800259c   0x00000020   Code   RO         2084    i.i2c_Stop          bsp_i2c.o
    0x080025bc   0x0000003c   Code   RO         2085    i.i2c_WaitAck       bsp_i2c.o
    0x080025f8   0x00000044   Code   RO         1541    i.int2str           main.o
    0x0800263c   0x000000d0   Code   RO         1542    i.main              main.o
    0x0800270c   0x00000052   Code   RO         2388    i.max30102_Bus_Read  max30102.o
    0x0800275e   0x00000044   Code   RO         2389    i.max30102_Bus_Write  max30102.o
    0x080027a2   0x00000080   Code   RO         2390    i.max30102_FIFO_ReadBytes  max30102.o
    0x08002822   0x00000002   PAD
    0x08002824   0x00000084   Code   RO         2392    i.max30102_init     max30102.o
    0x080028a8   0x00000014   Code   RO         2393    i.max30102_reset    max30102.o
    0x080028bc   0x00000042   Code   RO         2264    i.maxim_find_peaks  algorithm.o
    0x080028fe   0x00000002   PAD
    0x08002900   0x00000500   Code   RO         2265    i.maxim_heart_rate_and_oxygen_saturation  algorithm.o
    0x08002e00   0x0000007a   Code   RO         2266    i.maxim_peaks_above_min_height  algorithm.o
    0x08002e7a   0x00000072   Code   RO         2267    i.maxim_remove_close_peaks  algorithm.o
    0x08002eec   0x00000036   Code   RO         2268    i.maxim_sort_ascend  algorithm.o
    0x08002f22   0x00000040   Code   RO         2269    i.maxim_sort_indices_descend  algorithm.o
    0x08002f62   0x00024e08   Data   RO         1544    .constdata          main.o
    0x08027d6a   0x00003b60   Data   RO         1946    .constdata          fonts.o
    0x0802b8ca   0x000000f6   Data   RO         2271    .constdata          algorithm.o
    0x0802b9c0   0x00000020   Data   RO         2790    Region$$Table       anon$$obj.o


    Execution Region RW_IRAM1 (Base: 0x20000000, Size: 0x00003078, Max: 0x00010000, ABSOLUTE)

    Base Addr    Size         Type   Attr      Idx    E Section Name        Object

    0x20000000   0x00000044   Data   RW         1545    .data               main.o
    0x20000044   0x00000010   Data   RW         1732    .data               bsp_ili9341_lcd.o
    0x20000054   0x00000019   Data   RW         1947    .data               fonts.o
    0x2000006d   0x00000003   PAD
    0x20000070   0x00000004   Data   RW         1984    .data               bsp_spi_flash.o
    0x20000074   0x00000004   Data   RW         2241    .data               delay.o
    0x20000078   0x00000004   Data   RW         2766    .data               mc_w.l(stdout.o)
    0x2000007c   0x00001498   Zero   RW         1543    .bss                main.o
    0x20001514   0x00001760   Zero   RW         2270    .bss                algorithm.o
    0x20002c74   0x00000004   PAD
    0x20002c78   0x00000400   Zero   RW            1    STACK               startup_stm32f10x_hd.o


==============================================================================

Image component sizes


      Code (inc. data)   RO Data    RW Data    ZI Data      Debug   Object Name

      1700         30        246          0       5984       6981   algorithm.o
        96          6          0          0          0        494   bsp.o
       454         36          0          0          0       4258   bsp_i2c.o
      2424        128          0         16          0      14094   bsp_ili9341_lcd.o
       456         76          0          4          0       2825   bsp_spi_flash.o
        36          4          0          0          0        524   bsp_usart.o
         0          0          0          0          0       4504   core_cm3.o
       188         18          0          4          0       1631   delay.o
        36          4          0          0          0        443   exti.o
        84         10      15200         25          0       2083   fonts.o
      1572        180     151048         68       5272       7212   main.o
       430          4          0          0          0       3228   max30102.o
        40          0          0          0          0        506   misc.o
       422         10          0          0          0       3301   mpu6050.o
       692        104          0          0          0       3970   myiic.o
        36          8        304          0       1024        848   startup_stm32f10x_hd.o
        52         12          0          0          0       1088   stm32f10x_exti.o
       282          6          0          0          0       1773   stm32f10x_fsmc.o
       304          0          0          0          0       3568   stm32f10x_gpio.o
        64         12          0          0          0       1113   stm32f10x_rcc.o
       112          0          0          0          0       3730   stm32f10x_spi.o
        40          0          0          0          0       1706   stm32f10x_tim.o
        34          0          0          0          0       2547   stm32f10x_usart.o
       328         28          0          0          0     254637   system_stm32f10x.o
        40          8          0          0          0        434   time.o

    ----------------------------------------------------------------------
      9938        684     166830        120      12284     327498   Object Totals
         0          0         32          0          0          0   (incl. Generated)
        16          0          0          3          4          0   (incl. Padding)

    ----------------------------------------------------------------------

      Code (inc. data)   RO Data    RW Data    ZI Data      Debug   Library Member Name

         0          0          0          0          0          0   entry.o
         0          0          0          0          0          0   entry10a.o
         0          0          0          0          0          0   entry11a.o
         8          4          0          0          0          0   entry2.o
         4          0          0          0          0          0   entry5.o
         0          0          0          0          0          0   entry7b.o
         0          0          0          0          0          0   entry8b.o
         8          4          0          0          0          0   entry9a.o
        30          0          0          0          0          0   handlers.o
        36          8          0          0          0         68   init.o
         0          0          0          0          0          0   iusefp.o
        30          0          0          0          0         68   llshl.o
        36          0          0          0          0         68   llsshr.o
        32          0          0          0          0         68   llushr.o
       422         20          0          0          0        336   printf1.o
         0          0          0          4          0          0   stdout.o
        44          0          0          0          0         80   uidiv.o
       334          0          0          0          0        148   dadd.o
       222          0          0          0          0        100   ddiv.o
       186          0          0          0          0        176   depilogue.o
        62          0          0          0          0         80   dfixi.o
        34          0          0          0          0         76   dflti.o
       124          0          0          0          0         88   fdiv.o
       110          0          0          0          0        168   fepilogue.o
        50          0          0          0          0         68   ffixi.o
        10          0          0          0          0         68   ffltui.o
       100          0          0          0          0         76   fmul.o

    ----------------------------------------------------------------------
      1888         36          0          4          0       1736   Library Totals
         6          0          0          0          0          0   (incl. Padding)

    ----------------------------------------------------------------------

      Code (inc. data)   RO Data    RW Data    ZI Data      Debug   Library Name

       650         36          0          4          0        688   mc_w.l
      1232          0          0          0          0       1048   mf_w.l

    ----------------------------------------------------------------------
      1888         36          0          4          0       1736   Library Totals

    ----------------------------------------------------------------------

==============================================================================


      Code (inc. data)   RO Data    RW Data    ZI Data      Debug   

     11826        720     166830        124      12284     323718   Grand Totals
     11826        720     166830        124      12284     323718   ELF Image Totals
     11826        720     166830        124          0          0   ROM Totals

==============================================================================

    Total RO  Size (Code + RO Data)               178656 ( 174.47kB)
    Total RW  Size (RW Data + ZI Data)             12408 (  12.12kB)
    Total ROM Size (Code + RO Data + RW Data)     178780 ( 174.59kB)

==============================================================================

