Component: ARM Compiler 5.05 update 2 (build 169) Tool: armlink [4d0f33]

==============================================================================

Section Cross References

    startup_stm32f10x_hd.o(RESET) refers to startup_stm32f10x_hd.o(STACK) for __initial_sp
    startup_stm32f10x_hd.o(RESET) refers to startup_stm32f10x_hd.o(.text) for Reset_Handler
    startup_stm32f10x_hd.o(RESET) refers to exti.o(i.EXTI2_IRQHandler) for EXTI2_IRQHandler
    startup_stm32f10x_hd.o(RESET) refers to usart.o(i.USART1_IRQHandler) for USART1_IRQHandler
    startup_stm32f10x_hd.o(RESET) refers to esp8266.o(i.USART3_IRQHandler) for USART3_IRQHandler
    startup_stm32f10x_hd.o(RESET) refers to time.o(i.TIM6_IRQHandler) for TIM6_IRQHandler
    startup_stm32f10x_hd.o(.text) refers to system_stm32f10x.o(i.SystemInit) for SystemInit
    startup_stm32f10x_hd.o(.text) refers to entry.o(.ARM.Collect$$$$00000000) for __main
    system_stm32f10x.o(i.SetSysClock) refers to system_stm32f10x.o(i.SetSysClockTo72) for SetSysClockTo72
    system_stm32f10x.o(i.SystemCoreClockUpdate) refers to system_stm32f10x.o(.data) for SystemCoreClock
    system_stm32f10x.o(i.SystemInit) refers to system_stm32f10x.o(i.SetSysClock) for SetSysClock
    stm32f10x_gpio.o(i.GPIO_AFIODeInit) refers to stm32f10x_rcc.o(i.RCC_APB2PeriphResetCmd) for RCC_APB2PeriphResetCmd
    stm32f10x_gpio.o(i.GPIO_DeInit) refers to stm32f10x_rcc.o(i.RCC_APB2PeriphResetCmd) for RCC_APB2PeriphResetCmd
    stm32f10x_rcc.o(i.RCC_GetClocksFreq) refers to stm32f10x_rcc.o(.data) for APBAHBPrescTable
    stm32f10x_rcc.o(i.RCC_WaitForHSEStartUp) refers to stm32f10x_rcc.o(i.RCC_GetFlagStatus) for RCC_GetFlagStatus
    stm32f10x_tim.o(i.TIM_DeInit) refers to stm32f10x_rcc.o(i.RCC_APB2PeriphResetCmd) for RCC_APB2PeriphResetCmd
    stm32f10x_tim.o(i.TIM_DeInit) refers to stm32f10x_rcc.o(i.RCC_APB1PeriphResetCmd) for RCC_APB1PeriphResetCmd
    stm32f10x_tim.o(i.TIM_ETRClockMode1Config) refers to stm32f10x_tim.o(i.TIM_ETRConfig) for TIM_ETRConfig
    stm32f10x_tim.o(i.TIM_ETRClockMode2Config) refers to stm32f10x_tim.o(i.TIM_ETRConfig) for TIM_ETRConfig
    stm32f10x_tim.o(i.TIM_ICInit) refers to stm32f10x_tim.o(i.TI1_Config) for TI1_Config
    stm32f10x_tim.o(i.TIM_ICInit) refers to stm32f10x_tim.o(i.TIM_SetIC1Prescaler) for TIM_SetIC1Prescaler
    stm32f10x_tim.o(i.TIM_ICInit) refers to stm32f10x_tim.o(i.TI2_Config) for TI2_Config
    stm32f10x_tim.o(i.TIM_ICInit) refers to stm32f10x_tim.o(i.TIM_SetIC2Prescaler) for TIM_SetIC2Prescaler
    stm32f10x_tim.o(i.TIM_ICInit) refers to stm32f10x_tim.o(i.TI3_Config) for TI3_Config
    stm32f10x_tim.o(i.TIM_ICInit) refers to stm32f10x_tim.o(i.TIM_SetIC3Prescaler) for TIM_SetIC3Prescaler
    stm32f10x_tim.o(i.TIM_ICInit) refers to stm32f10x_tim.o(i.TI4_Config) for TI4_Config
    stm32f10x_tim.o(i.TIM_ICInit) refers to stm32f10x_tim.o(i.TIM_SetIC4Prescaler) for TIM_SetIC4Prescaler
    stm32f10x_tim.o(i.TIM_ITRxExternalClockConfig) refers to stm32f10x_tim.o(i.TIM_SelectInputTrigger) for TIM_SelectInputTrigger
    stm32f10x_tim.o(i.TIM_PWMIConfig) refers to stm32f10x_tim.o(i.TI1_Config) for TI1_Config
    stm32f10x_tim.o(i.TIM_PWMIConfig) refers to stm32f10x_tim.o(i.TIM_SetIC1Prescaler) for TIM_SetIC1Prescaler
    stm32f10x_tim.o(i.TIM_PWMIConfig) refers to stm32f10x_tim.o(i.TI2_Config) for TI2_Config
    stm32f10x_tim.o(i.TIM_PWMIConfig) refers to stm32f10x_tim.o(i.TIM_SetIC2Prescaler) for TIM_SetIC2Prescaler
    stm32f10x_tim.o(i.TIM_TIxExternalClockConfig) refers to stm32f10x_tim.o(i.TI2_Config) for TI2_Config
    stm32f10x_tim.o(i.TIM_TIxExternalClockConfig) refers to stm32f10x_tim.o(i.TI1_Config) for TI1_Config
    stm32f10x_tim.o(i.TIM_TIxExternalClockConfig) refers to stm32f10x_tim.o(i.TIM_SelectInputTrigger) for TIM_SelectInputTrigger
    stm32f10x_spi.o(i.I2S_Init) refers to stm32f10x_rcc.o(i.RCC_GetClocksFreq) for RCC_GetClocksFreq
    stm32f10x_spi.o(i.SPI_I2S_DeInit) refers to stm32f10x_rcc.o(i.RCC_APB2PeriphResetCmd) for RCC_APB2PeriphResetCmd
    stm32f10x_spi.o(i.SPI_I2S_DeInit) refers to stm32f10x_rcc.o(i.RCC_APB1PeriphResetCmd) for RCC_APB1PeriphResetCmd
    stm32f10x_usart.o(i.USART_DeInit) refers to stm32f10x_rcc.o(i.RCC_APB2PeriphResetCmd) for RCC_APB2PeriphResetCmd
    stm32f10x_usart.o(i.USART_DeInit) refers to stm32f10x_rcc.o(i.RCC_APB1PeriphResetCmd) for RCC_APB1PeriphResetCmd
    stm32f10x_usart.o(i.USART_Init) refers to stm32f10x_rcc.o(i.RCC_GetClocksFreq) for RCC_GetClocksFreq
    main.o(i.SendData) refers to usart.o(i.UsartPrintf) for UsartPrintf
    main.o(i.SendData) refers to other.o(i.getsp02) for getsp02
    main.o(i.SendData) refers to other.o(i.getheart) for getheart
    main.o(i.SendData) refers to other.o(i.gettemp) for gettemp
    main.o(i.SendData) refers to other.o(i.getstep) for getstep
    main.o(i.SendData) refers to printfa.o(i.__0sprintf) for __2sprintf
    main.o(i.SendData) refers to onenet.o(i.OneNet_Publish) for OneNet_Publish
[...]
    i.EXTI_GetITStatus                       0x08000e74   Section        0  stm32f10x_exti.o(i.EXTI_GetITStatus)
    i.FSMC_NORSRAMCmd                        0x08000e9c   Section        0  stm32f10x_fsmc.o(i.FSMC_NORSRAMCmd)
    i.FSMC_NORSRAMInit                       0x08000ed0   Section        0  stm32f10x_fsmc.o(i.FSMC_NORSRAMInit)
    i.GPIO_Init                              0x08000fb6   Section        0  stm32f10x_gpio.o(i.GPIO_Init)
    i.GPIO_ReadInputDataBit                  0x080010cc   Section        0  stm32f10x_gpio.o(i.GPIO_ReadInputDataBit)
    i.GPIO_ResetBits                         0x080010de   Section        0  stm32f10x_gpio.o(i.GPIO_ResetBits)
    i.GPIO_SetBits                           0x080010e2   Section        0  stm32f10x_gpio.o(i.GPIO_SetBits)
    i.GPIO_WriteBit                          0x080010e6   Section        0  stm32f10x_gpio.o(i.GPIO_WriteBit)
    i.GetGBKCode_from_EXFlash                0x080010f0   Section        0  fonts.o(i.GetGBKCode_from_EXFlash)
    i.GetHeart                               0x08001144   Section        0  other.o(i.GetHeart)
    i.GetStep                                0x0800114c   Section        0  other.o(i.GetStep)
    i.Hardware_Init                          0x08001154   Section        0  other.o(i.Hardware_Init)
    i.Heart_spo2                             0x080011dc   Section        0  other.o(i.Heart_spo2)
    Heart_spo2                               0x080011dd   Thumb Code   584  other.o(i.Heart_spo2)
    i.IIC_Ack                                0x08001498   Section        0  myiic.o(i.IIC_Ack)
    i.IIC_Init                               0x080014e8   Section        0  myiic.o(i.IIC_Init)
    i.IIC_NAck                               0x08001528   Section        0  myiic.o(i.IIC_NAck)
    i.IIC_Read_Byte                          0x08001578   Section        0  myiic.o(i.IIC_Read_Byte)
    i.IIC_Send_Byte                          0x080015e8   Section        0  myiic.o(i.IIC_Send_Byte)
    i.IIC_Start                              0x08001650   Section        0  myiic.o(i.IIC_Start)
    i.IIC_Stop                               0x0800169c   Section        0  myiic.o(i.IIC_Stop)
    i.IIC_Wait_Ack                           0x080016e8   Section        0  myiic.o(i.IIC_Wait_Ack)
    i.ILI9341_BackLed_Control                0x0800174c   Section        0  bsp_ili9341_lcd.o(i.ILI9341_BackLed_Control)
    i.ILI9341_Clear                          0x08001770   Section        0  bsp_ili9341_lcd.o(i.ILI9341_Clear)
    i.ILI9341_ClearRegion                    0x0800179c   Section        0  bsp_ili9341_lcd.o(i.ILI9341_ClearRegion)
    i.ILI9341_Delay                          0x080017d8   Section        0  bsp_ili9341_lcd.o(i.ILI9341_Delay)
    ILI9341_Delay                            0x080017d9   Thumb Code    18  bsp_ili9341_lcd.o(i.ILI9341_Delay)
    i.ILI9341_DispChar_CH                    0x080017ec   Section        0  bsp_ili9341_lcd.o(i.ILI9341_DispChar_CH)
    i.ILI9341_DispChar_EN                    0x08001870   Section        0  bsp_ili9341_lcd.o(i.ILI9341_DispChar_EN)
    i.ILI9341_DispString_EN                  0x0800193c   Section        0  bsp_ili9341_lcd.o(i.ILI9341_DispString_EN)
    i.ILI9341_DispString_EN_CH               0x080019b0   Section        0  bsp_ili9341_lcd.o(i.ILI9341_DispString_EN_CH)
    i.ILI9341_FSMC_Config                    0x08001a64   Section        0  bsp_ili9341_lcd.o(i.ILI9341_FSMC_Config)
    ILI9341_FSMC_Config                      0x08001a65   Thumb Code    94  bsp_ili9341_lcd.o(i.ILI9341_FSMC_Config)
    i.ILI9341_FillColor                      0x08001ac2   Section        0  bsp_ili9341_lcd.o(i.ILI9341_FillColor)
    ILI9341_FillColor                        0x08001ac3   Thumb Code    32  bsp_ili9341_lcd.o(i.ILI9341_FillColor)
    i.ILI9341_GPIO_Config                    0x08001ae4   Section        0  bsp_ili9341_lcd.o(i.ILI9341_GPIO_Config)
    ILI9341_GPIO_Config                      0x08001ae5   Thumb Code   398  bsp_ili9341_lcd.o(i.ILI9341_GPIO_Config)
    i.ILI9341_GramScan                       0x08001c7c   Section        0  bsp_ili9341_lcd.o(i.ILI9341_GramScan)
    i.ILI9341_Init                           0x08001d34   Section        0  bsp_ili9341_lcd.o(i.ILI9341_Init)
    i.ILI9341_OpenWindow                     0x08001d5c   Section        0  bsp_ili9341_lcd.o(i.ILI9341_OpenWindow)
    i.ILI9341_REG_Config                     0x08001dbc   Section        0  bsp_ili9341_lcd.o(i.ILI9341_REG_Config)
    ILI9341_REG_Config                       0x08001dbd   Thumb Code   556  bsp_ili9341_lcd.o(i.ILI9341_REG_Config)
    i.ILI9341_Rst                            0x08001fec   Section        0  bsp_ili9341_lcd.o(i.ILI9341_Rst)
    i.ILI9341_Write_Cmd                      0x08002014   Section        0  bsp_ili9341_lcd.o(i.ILI9341_Write_Cmd)
    ILI9341_Write_Cmd                        0x08002015   Thumb Code     8  bsp_ili9341_lcd.o(i.ILI9341_Write_Cmd)
    i.ILI9341_Write_Data                     0x0800201c   Section        0  bsp_ili9341_lcd.o(i.ILI9341_Write_Data)
    ILI9341_Write_Data                       0x0800201d   Thumb Code     6  bsp_ili9341_lcd.o(i.ILI9341_Write_Data)
    i.Init_cgq                               0x08002028   Section        0  other.o(i.Init_cgq)
    i.LCD_Showimage                          0x08002050   Section        0  bsp_ili9341_lcd.o(i.LCD_Showimage)
    i.LED_GPIO_Config                        0x08002098   Section        0  bsp.o(i.LED_GPIO_Config)
    i.MPU6050ReadAcc                         0x080020f8   Section        0  mpu6050.o(i.MPU6050ReadAcc)
    i.MPU6050ReadGyro                        0x08002138   Section        0  mpu6050.o(i.MPU6050ReadGyro)
    i.MPU6050_DateConver                     0x08002178   Section        0  other.o(i.MPU6050_DateConver)
    MPU6050_DateConver                       0x08002179   Thumb Code   312  other.o(i.MPU6050_DateConver)
    i.MPU6050_Init                           0x080022bc   Section        0  mpu6050.o(i.MPU6050_Init)
    i.MPU6050_ReadData                       0x08002304   Section        0  mpu6050.o(i.MPU6050_ReadData)
    i.MPU6050_ReturnTemp                     0x0800235c   Section        0  mpu6050.o(i.MPU6050_ReturnTemp)
    i.MPU6050_WriteReg                       0x080023b4   Section        0  mpu6050.o(i.MPU6050_WriteReg)
    i.MQTT_DeleteBuffer                      0x080023e2   Section        0  mqttkit.o(i.MQTT_DeleteBuffer)
    i.MQTT_DumpLength                        0x080023fe   Section        0  mqttkit.o(i.MQTT_DumpLength)
    i.MQTT_NewBuffer                         0x0800242c   Section        0  mqttkit.o(i.MQTT_NewBuffer)
    i.MQTT_PacketCmdResp                     0x08002484   Section        0  mqttkit.o(i.MQTT_PacketCmdResp)
    i.MQTT_PacketConnect                     0x08002510   Section        0  mqttkit.o(i.MQTT_PacketConnect)
    i.MQTT_PacketPublish                     0x080027b0   Section        0  mqttkit.o(i.MQTT_PacketPublish)
    i.MQTT_PacketPublishAck                  0x08002968   Section        0  mqttkit.o(i.MQTT_PacketPublishAck)
    i.MQTT_PacketPublishComp                 0x080029b0   Section        0  mqttkit.o(i.MQTT_PacketPublishComp)
    i.MQTT_PacketPublishRec                  0x080029f8   Section        0  mqttkit.o(i.MQTT_PacketPublishRec)
    i.MQTT_PacketPublishRel                  0x08002a40   Section        0  mqttkit.o(i.MQTT_PacketPublishRel)
    i.MQTT_PacketSubscribe                   0x08002a88   Section        0  mqttkit.o(i.MQTT_PacketSubscribe)
    i.MQTT_ReadLength                        0x08002b86   Section        0  mqttkit.o(i.MQTT_ReadLength)
    i.MQTT_UnPacketCmd                       0x08002bcc   Section        0  mqttkit.o(i.MQTT_UnPacketCmd)
    i.MQTT_UnPacketConnectAck                0x08002c58   Section        0  mqttkit.o(i.MQTT_UnPacketConnectAck)
    i.MQTT_UnPacketPublish                   0x08002c78   Section        0  mqttkit.o(i.MQTT_UnPacketPublish)
    i.MQTT_UnPacketPublishAck                0x08002e38   Section        0  mqttkit.o(i.MQTT_UnPacketPublishAck)
    i.MQTT_UnPacketPublishComp               0x08002e56   Section        0  mqttkit.o(i.MQTT_UnPacketPublishComp)
    i.MQTT_UnPacketPublishRec                0x08002e74   Section        0  mqttkit.o(i.MQTT_UnPacketPublishRec)
    i.MQTT_UnPacketPublishRel                0x08002e92   Section        0  mqttkit.o(i.MQTT_UnPacketPublishRel)
    i.MQTT_UnPacketRecv                      0x08002eb8   Section        0  mqttkit.o(i.MQTT_UnPacketRecv)
    i.MQTT_UnPacketSubscribe                 0x08002f2c   Section        0  mqttkit.o(i.MQTT_UnPacketSubscribe)
    i.MQTT_UnPacketUnSubscribe               0x08002f60   Section        0  mqttkit.o(i.MQTT_UnPacketUnSubscribe)
    i.NVIC_Init                              0x08002f74   Section        0  misc.o(i.NVIC_Init)
    i.NVIC_PriorityGroupConfig               0x08002fe4   Section        0  misc.o(i.NVIC_PriorityGroupConfig)
    i.OneNet_DevLink                         0x08002ff8   Section        0  onenet.o(i.OneNet_DevLink)
    i.OneNet_Publish                         0x08003234   Section        0  onenet.o(i.OneNet_Publish)
    i.OneNet_RevPro                          0x080032b0   Section        0  onenet.o(i.OneNet_RevPro)
    i.OneNet_Subscribe                       0x080036c0   Section        0  onenet.o(i.OneNet_Subscribe)
    i.RCC_AHBPeriphClockCmd                  0x0800372c   Section        0  stm32f10x_rcc.o(i.RCC_AHBPeriphClockCmd)
    i.RCC_APB1PeriphClockCmd                 0x0800374c   Section        0  stm32f10x_rcc.o(i.RCC_APB1PeriphClockCmd)
    i.RCC_APB2PeriphClockCmd                 0x0800376c   Section        0  stm32f10x_rcc.o(i.RCC_APB2PeriphClockCmd)
    i.RCC_GetClocksFreq                      0x0800378c   Section        0  stm32f10x_rcc.o(i.RCC_GetClocksFreq)
    i.SPI_Cmd                                0x08003860   Section        0  stm32f10x_spi.o(i.SPI_Cmd)
    i.SPI_FLASH_BufferRead                   0x08003878   Section        0  bsp_spi_flash.o(i.SPI_FLASH_BufferRead)
    i.SPI_FLASH_Init                         0x080038c8   Section        0  bsp_spi_flash.o(i.SPI_FLASH_Init)
    i.SPI_FLASH_SendByte                     0x08003988   Section        0  bsp_spi_flash.o(i.SPI_FLASH_SendByte)
    i.SPI_I2S_GetFlagStatus                  0x08003a00   Section        0  stm32f10x_spi.o(i.SPI_I2S_GetFlagStatus)
    i.SPI_I2S_ReceiveData                    0x08003a12   Section        0  stm32f10x_spi.o(i.SPI_I2S_ReceiveData)
    i.SPI_I2S_SendData                       0x08003a18   Section        0  stm32f10x_spi.o(i.SPI_I2S_SendData)
    i.SPI_Init                               0x08003a1c   Section        0  stm32f10x_spi.o(i.SPI_Init)
    i.SPI_TIMEOUT_UserCallback               0x08003a58   Section        0  bsp_spi_flash.o(i.SPI_TIMEOUT_UserCallback)
    SPI_TIMEOUT_UserCallback                 0x08003a59   Thumb Code    16  bsp_spi_flash.o(i.SPI_TIMEOUT_UserCallback)
    i.SendData                               0x08003a98   Section        0  main.o(i.SendData)
    i.SetSysClock                            0x08003b64   Section        0  system_stm32f10x.o(i.SetSysClock)
    SetSysClock                              0x08003b65   Thumb Code     8  system_stm32f10x.o(i.SetSysClock)
    i.SetSysClockTo72                        0x08003b6c   Section        0  system_stm32f10x.o(i.SetSysClockTo72)
    SetSysClockTo72                          0x08003b6d   Thumb Code   214  system_stm32f10x.o(i.SetSysClockTo72)
    i.Show                                   0x08003c4c   Section        0  other.o(i.Show)
    i.Step_temp                              0x08003f64   Section        0  other.o(i.Step_temp)
    Step_temp                                0x08003f65   Thumb Code    90  other.o(i.Step_temp)
    i.SysTick_CLKSourceConfig                0x08003fe4   Section        0  misc.o(i.SysTick_CLKSourceConfig)
    i.SystemInit                             0x0800400c   Section        0  system_stm32f10x.o(i.SystemInit)
    i.TIM6_IRQHandler                        0x0800406c   Section        0  time.o(i.TIM6_IRQHandler)
    i.TIM_ClearITPendingBit                  0x08004094   Section        0  stm32f10x_tim.o(i.TIM_ClearITPendingBit)
    i.TIM_GetITStatus                        0x0800409a   Section        0  stm32f10x_tim.o(i.TIM_GetITStatus)
    i.USART1_IRQHandler                      0x080040bc   Section        0  usart.o(i.USART1_IRQHandler)
    i.USART3_IRQHandler                      0x080040d8   Section        0  esp8266.o(i.USART3_IRQHandler)
    i.USART_ClearFlag                        0x08004124   Section        0  stm32f10x_usart.o(i.USART_ClearFlag)
    i.USART_Cmd                              0x08004136   Section        0  stm32f10x_usart.o(i.USART_Cmd)
    i.USART_GetFlagStatus                    0x0800414e   Section        0  stm32f10x_usart.o(i.USART_GetFlagStatus)
    i.USART_GetITStatus                      0x08004168   Section        0  stm32f10x_usart.o(i.USART_GetITStatus)
    i.USART_ITConfig                         0x080041bc   Section        0  stm32f10x_usart.o(i.USART_ITConfig)
    i.USART_Init                             0x08004208   Section        0  stm32f10x_usart.o(i.USART_Init)
    i.USART_SendData                         0x080042e0   Section        0  stm32f10x_usart.o(i.USART_SendData)
    i.Usart1_Init                            0x080042e8   Section        0  usart.o(i.Usart1_Init)
    i.Usart3_Init                            0x08004398   Section        0  usart.o(i.Usart3_Init)
    i.UsartPrintf                            0x080044f4   Section        0  usart.o(i.UsartPrintf)
    i.Usart_SendString                       0x0800453c   Section        0  usart.o(i.Usart_SendString)
    i.__0printf                              0x08004570   Section        0  printfa.o(i.__0printf)
    i.__0sprintf                             0x08004590   Section        0  printfa.o(i.__0sprintf)
    i.__0vsnprintf                           0x080045b8   Section        0  printfa.o(i.__0vsnprintf)
    i.__aeabi_errno_addr                     0x080045dc   Section        0  errno.o(i.__aeabi_errno_addr)
    i.__scatterload_copy                     0x080045e4   Section       14  handlers.o(i.__scatterload_copy)
    i.__scatterload_null                     0x080045f2   Section        2  handlers.o(i.__scatterload_null)
    i.__scatterload_zeroinit                 0x080045f4   Section       14  handlers.o(i.__scatterload_zeroinit)
    i._fp_digits                             0x08004604   Section        0  printfa.o(i._fp_digits)
    _fp_digits                               0x08004605   Thumb Code   334  printfa.o(i._fp_digits)
    i._printf_core                           0x08004768   Section        0  printfa.o(i._printf_core)
    _printf_core                             0x08004769   Thumb Code  1744  printfa.o(i._printf_core)
    i._printf_post_padding                   0x08004e44   Section        0  printfa.o(i._printf_post_padding)
    _printf_post_padding                     0x08004e45   Thumb Code    36  printfa.o(i._printf_post_padding)
    i._printf_pre_padding                    0x08004e68   Section        0  printfa.o(i._printf_pre_padding)
    _printf_pre_padding                      0x08004e69   Thumb Code    46  printfa.o(i._printf_pre_padding)
    i._snputc                                0x08004e96   Section        0  printfa.o(i._snputc)
    _snputc                                  0x08004e97   Thumb Code    22  printfa.o(i._snputc)
    i._sputc                                 0x08004eac   Section        0  printfa.o(i._sputc)
    _sputc                                   0x08004ead   Thumb Code    10  printfa.o(i._sputc)
    i.delay_init                             0x08004eb8   Section        0  delay.o(i.delay_init)
    i.delay_ms                               0x08004edc   Section        0  delay.o(i.delay_ms)
    i.delay_us                               0x08004f28   Section        0  delay.o(i.delay_us)
    i.fputc                                  0x08004f74   Section        0  fputc.o(i.fputc)
    i.free                                   0x08004f88   Section        0  malloc.o(i.free)
    i.getheart                               0x08004fd8   Section        0  other.o(i.getheart)
    i.getsp02                                0x08004fe4   Section        0  other.o(i.getsp02)
    i.getstep                                0x08004ff0   Section        0  other.o(i.getstep)
    i.gettemp                                0x08004ffc   Section        0  other.o(i.gettemp)
    i.i2c_Ack                                0x08005008   Section        0  bsp_i2c.o(i.i2c_Ack)
    i.i2c_Delay                              0x0800503c   Section        0  bsp_i2c.o(i.i2c_Delay)
    i2c_Delay                                0x0800503d   Thumb Code    14  bsp_i2c.o(i.i2c_Delay)
    i.i2c_GPIO_Config                        0x0800504c   Section        0  bsp_i2c.o(i.i2c_GPIO_Config)
    i.i2c_NAck                               0x0800507c   Section        0  bsp_i2c.o(i.i2c_NAck)
    i.i2c_ReadByte                           0x080050a8   Section        0  bsp_i2c.o(i.i2c_ReadByte)
    i.i2c_SendByte                           0x080050fc   Section        0  bsp_i2c.o(i.i2c_SendByte)
    i.i2c_Start                              0x08005154   Section        0  bsp_i2c.o(i.i2c_Start)
    i.i2c_Stop                               0x08005184   Section        0  bsp_i2c.o(i.i2c_Stop)
    i.i2c_WaitAck                            0x080051a4   Section        0  bsp_i2c.o(i.i2c_WaitAck)
    i.int2str                                0x080051e4   Section        0  other.o(i.int2str)
    i.main                                   0x08005228   Section        0  main.o(i.main)
    i.malloc                                 0x08005270   Section        0  malloc.o(i.malloc)
    i.max30102_Bus_Read                      0x080052dc   Section        0  max30102.o(i.max30102_Bus_Read)
    i.max30102_Bus_Write                     0x0800532e   Section        0  max30102.o(i.max30102_Bus_Write)
    i.max30102_FIFO_ReadBytes                0x08005372   Section        0  max30102.o(i.max30102_FIFO_ReadBytes)
    i.max30102_init                          0x080053f4   Section        0  max30102.o(i.max30102_init)
    i.max30102_reset                         0x08005478   Section        0  max30102.o(i.max30102_reset)
    i.maxim_find_peaks                       0x0800548c   Section        0  algorithm.o(i.maxim_find_peaks)
    i.maxim_heart_rate_and_oxygen_saturation 0x080054d0   Section        0  algorithm.o(i.maxim_heart_rate_and_oxygen_saturation)
    i.maxim_peaks_above_min_height           0x080059d0   Section        0  algorithm.o(i.maxim_peaks_above_min_height)
    i.maxim_remove_close_peaks               0x08005a4a   Section        0  algorithm.o(i.maxim_remove_close_peaks)
    i.maxim_sort_ascend                      0x08005abc   Section        0  algorithm.o(i.maxim_sort_ascend)
    i.maxim_sort_indices_descend             0x08005af2   Section        0  algorithm.o(i.maxim_sort_indices_descend)
    .constdata                               0x08005b32   Section    15200  fonts.o(.constdata)
    .constdata                               0x08009692   Section      246  algorithm.o(.constdata)
    .constdata                               0x08009788   Section    309256  other.o(.constdata)
    .constdata                               0x08054f90   Section      129  ctype_o.o(.constdata)
    .constdata                               0x08055014   Section        4  ctype_o.o(.constdata)
    table                                    0x08055014   Data           4  ctype_o.o(.constdata)
    .conststring                             0x08055018   Section       11  main.o(.conststring)
    .conststring                             0x08055024   Section      124  onenet.o(.conststring)
    .data                                    0x20000000   Section       20  stm32f10x_rcc.o(.data)
    APBAHBPrescTable                         0x20000000   Data          16  stm32f10x_rcc.o(.data)
    ADCPrescTable                            0x20000010   Data           4  stm32f10x_rcc.o(.data)
    .data                                    0x20000014   Section       12  main.o(.data)
    .data                                    0x20000020   Section       16  bsp_ili9341_lcd.o(.data)
    LCD_Currentfonts                         0x20000028   Data           4  bsp_ili9341_lcd.o(.data)
    CurrentTextColor                         0x2000002c   Data           2  bsp_ili9341_lcd.o(.data)
    CurrentBackColor                         0x2000002e   Data           2  bsp_ili9341_lcd.o(.data)
    .data                                    0x20000030   Section       25  fonts.o(.data)
    everRead                                 0x20000048   Data           1  fonts.o(.data)
    .data                                    0x2000004c   Section        4  bsp_spi_flash.o(.data)
    SPITimeout                               0x2000004c   Data           4  bsp_spi_flash.o(.data)
    .data                                    0x20000050   Section        4  delay.o(.data)
    fac_us                                   0x20000050   Data           1  delay.o(.data)
    fac_ms                                   0x20000052   Data           2  delay.o(.data)
    .data                                    0x20000054   Section       72  other.o(.data)
    load                                     0x20000058   Data           4  other.o(.data)
    i_save                                   0x20000098   Data           4  other.o(.data)
    .data                                    0x2000009c   Section        2  onenet.o(.data)
    pkt_id                                   0x2000009c   Data           2  onenet.o(.data)
    .data                                    0x2000009e   Section        4  esp8266.o(.data)
    .data                                    0x200000a4   Section        4  stdout.o(.data)
    .data                                    0x200000a8   Section        4  mvars.o(.data)
    .data                                    0x200000ac   Section        4  mvars.o(.data)
    .data                                    0x200000b0   Section        4  errno.o(.data)
    _errno                                   0x200000b0   Data           4  errno.o(.data)
    .bss                                     0x200000b4   Section      128  main.o(.bss)
    .bss                                     0x20000134   Section     5984  algorithm.o(.bss)
    an_dx                                    0x20000134   Data        1984  algorithm.o(.bss)
    an_x                                     0x200008f4   Data        2000  algorithm.o(.bss)
    an_y                                     0x200010c4   Data        2000  algorithm.o(.bss)
    .bss                                     0x20001894   Section     5272  other.o(.bss)
    .bss                                     0x20002d2c   Section      128  esp8266.o(.bss)
    HEAP                                     0x20002db0   Section      512  startup_stm32f10x_hd.o(HEAP)
    STACK                                    0x20002fb0   Section     1024  startup_stm32f10x_hd.o(STACK)

    Global Symbols

    Symbol Name                              Value     Ov Type        Size  Object(Section)

    BuildAttributes$$THM_ISAv4$P$D$K$B$S$PE$A:L22UL41UL21$X:L11$S22US41US21$IEEE1$IW$USESV6$~STKCKD$USESV7$~SHL$OTIME$ROPI$EBA8$MICROLIB$REQ8$PRES8$EABIv2 0x00000000   Number         0  anon$$obj.o ABSOLUTE
    __ARM_use_no_argv                        0x00000000   Number         0  main.o ABSOLUTE
    _printf_a                                0x00000000   Number         0  stubs.o ABSOLUTE
    _printf_c                                0x00000000   Number         0  stubs.o ABSOLUTE
    _printf_charcount                        0x00000000   Number         0  stubs.o ABSOLUTE
    _printf_d                                0x00000000   Number         0  stubs.o ABSOLUTE
    _printf_e                                0x00000000   Number         0  stubs.o ABSOLUTE
    _printf_f                                0x00000000   Number         0  stubs.o ABSOLUTE
    _printf_flags                            0x00000000   Number         0  stubs.o ABSOLUTE
    _printf_fp_dec                           0x00000000   Number         0  stubs.o ABSOLUTE
    _printf_fp_hex                           0x00000000   Number         0  stubs.o ABSOLUTE
    _printf_g                                0x00000000   Number         0  stubs.o ABSOLUTE
    _printf_i                                0x00000000   Number         0  stubs.o ABSOLUTE
    _printf_int_dec                          0x00000000   Number         0  stubs.o ABSOLUTE
    _printf_l                                0x00000000   Number         0  stubs.o ABSOLUTE
    _printf_lc                               0x00000000   Number         0  stubs.o ABSOLUTE
    _printf_ll                               0x00000000   Number         0  stubs.o ABSOLUTE
    _printf_lld                              0x00000000   Number         0  stubs.o ABSOLUTE
    _printf_lli                              0x00000000   Number         0  stubs.o ABSOLUTE
    _printf_llo                              0x00000000   Number         0  stubs.o ABSOLUTE
    _printf_llu                              0x00000000   Number         0  stubs.o ABSOLUTE
    _printf_llx                              0x00000000   Number         0  stubs.o ABSOLUTE
    _printf_longlong_dec                     0x00000000   Number         0  stubs.o ABSOLUTE
    _printf_longlong_hex                     0x00000000   Number         0  stubs.o ABSOLUTE
    _printf_longlong_oct                     0x00000000   Number         0  stubs.o ABSOLUTE
    _printf_ls                               0x00000000   Number         0  stubs.o ABSOLUTE
    _printf_mbtowc                           0x00000000   Number         0  stubs.o ABSOLUTE
    _printf_n                                0x00000000   Number         0  stubs.o ABSOLUTE
    _printf_o                                0x00000000   Number         0  stubs.o ABSOLUTE
    _printf_p                                0x00000000   Number         0  stubs.o ABSOLUTE
    _printf_percent                          0x00000000   Number         0  stubs.o ABSOLUTE
    _printf_pre_padding                      0x00000000   Number         0  stubs.o ABSOLUTE
    _printf_return_value                     0x00000000   Number         0  stubs.o ABSOLUTE
    _printf_s                                0x00000000   Number         0  stubs.o ABSOLUTE
    _printf_sizespec                         0x00000000   Number         0  stubs.o ABSOLUTE
    _printf_str                              0x00000000   Number         0  stubs.o ABSOLUTE
    _printf_truncate_signed                  0x00000000   Number         0  stubs.o ABSOLUTE
    _printf_truncate_unsigned                0x00000000   Number         0  stubs.o ABSOLUTE
    _printf_u                                0x00000000   Number         0  stubs.o ABSOLUTE
    _printf_wc                               0x00000000   Number         0  stubs.o ABSOLUTE
    _printf_wctomb                           0x00000000   Number         0  stubs.o ABSOLUTE
    _printf_widthprec                        0x00000000   Number         0  stubs.o ABSOLUTE
    _printf_x                                0x00000000   Number         0  stubs.o ABSOLUTE
    __cpp_initialize__aeabi_                  - Undefined Weak Reference
    __cxa_finalize                            - Undefined Weak Reference
    __decompress                              - Undefined Weak Reference
    _clock_init                               - Undefined Weak Reference
    _microlib_exit                            - Undefined Weak Reference
    __Vectors_Size                           0x00000130   Number         0  startup_stm32f10x_hd.o ABSOLUTE
    __Vectors                                0x08000000   Data           4  startup_stm32f10x_hd.o(RESET)
    __Vectors_End                            0x08000130   Data           0  startup_stm32f10x_hd.o(RESET)
    __main                                   0x08000131   Thumb Code     0  entry.o(.ARM.Collect$$$$00000000)
    _main_stk                                0x08000131   Thumb Code     0  entry2.o(.ARM.Collect$$$$00000001)
    _main_scatterload                        0x08000135   Thumb Code     0  entry5.o(.ARM.Collect$$$$00000004)
    __main_after_scatterload                 0x08000139   Thumb Code     0  entry5.o(.ARM.Collect$$$$00000004)
    _main_clock                              0x08000139   Thumb Code     0  entry7b.o(.ARM.Collect$$$$00000008)
    _main_cpp_init                           0x08000139   Thumb Code     0  entry8b.o(.ARM.Collect$$$$0000000A)
    _main_init                               0x08000139   Thumb Code     0  entry9a.o(.ARM.Collect$$$$0000000B)
    __rt_final_cpp                           0x08000141   Thumb Code     0  entry10a.o(.ARM.Collect$$$$0000000D)
    __rt_final_exit                          0x08000141   Thumb Code     0  entry11a.o(.ARM.Collect$$$$0000000F)
    Reset_Handler                            0x08000145   Thumb Code     8  startup_stm32f10x_hd.o(.text)
    NMI_Handler                              0x0800014d   Thumb Code     2  startup_stm32f10x_hd.o(.text)
    HardFault_Handler                        0x0800014f   Thumb Code     2  startup_stm32f10x_hd.o(.text)
    MemManage_Handler                        0x08000151   Thumb Code     2  startup_stm32f10x_hd.o(.text)
    BusFault_Handler                         0x08000153   Thumb Code     2  startup_stm32f10x_hd.o(.text)
    UsageFault_Handler                       0x08000155   Thumb Code     2  startup_stm32f10x_hd.o(.text)
    SVC_Handler                              0x08000157   Thumb Code     2  startup_stm32f10x_hd.o(.text)
    DebugMon_Handler                         0x08000159   Thumb Code     2  startup_stm32f10x_hd.o(.text)
    PendSV_Handler                           0x0800015b   Thumb Code     2  startup_stm32f10x_hd.o(.text)
    SysTick_Handler                          0x0800015d   Thumb Code     2  startup_stm32f10x_hd.o(.text)
    ADC1_2_IRQHandler                        0x0800015f   Thumb Code     0  startup_stm32f10x_hd.o(.text)
    ADC3_IRQHandler                          0x0800015f   Thumb Code     0  startup_stm32f10x_hd.o(.text)
    CAN1_RX1_IRQHandler                      0x0800015f   Thumb Code     0  startup_stm32f10x_hd.o(.text)
    CAN1_SCE_IRQHandler                      0x0800015f   Thumb Code     0  startup_stm32f10x_hd.o(.text)
    DMA1_Channel1_IRQHandler                 0x0800015f   Thumb Code     0  startup_stm32f10x_hd.o(.text)
    DMA1_Channel2_IRQHandler                 0x0800015f   Thumb Code     0  startup_stm32f10x_hd.o(.text)
    DMA1_Channel3_IRQHandler                 0x0800015f   Thumb Code     0  startup_stm32f10x_hd.o(.text)
    DMA1_Channel4_IRQHandler                 0x0800015f   Thumb Code     0  startup_stm32f10x_hd.o(.text)
    DMA1_Channel5_IRQHandler                 0x0800015f   Thumb Code     0  startup_stm32f10x_hd.o(.text)
    DMA1_Channel6_IRQHandler                 0x0800015f   Thumb Code     0  startup_stm32f10x_hd.o(.text)
    DMA1_Channel7_IRQHandler                 0x0800015f   Thumb Code     0  startup_stm32f10x_hd.o(.text)
    DMA2_Channel1_IRQHandler                 0x0800015f   Thumb Code     0  startup_stm32f10x_hd.o(.text)
    DMA2_Channel2_IRQHandler                 0x0800015f   Thumb Code     0  startup_stm32f10x_hd.o(.text)
    DMA2_Channel3_IRQHandler                 0x0800015f   Thumb Code     0  startup_stm32f10x_hd.o(.text)
    DMA2_Channel4_5_IRQHandler               0x0800015f   Thumb Code     0  startup_stm32f10x_hd.o(.text)
    EXTI0_IRQHandler                         0x0800015f   Thumb Code     0  startup_stm32f10x_hd.o(.text)
    EXTI15_10_IRQHandler                     0x0800015f   Thumb Code     0  startup_stm32f10x_hd.o(.text)
    EXTI1_IRQHandler                         0x0800015f   Thumb Code     0  startup_stm32f10x_hd.o(.text)
    EXTI3_IRQHandler                         0x0800015f   Thumb Code     0  startup_stm32f10x_hd.o(.text)
    EXTI4_IRQHandler                         0x0800015f   Thumb Code     0  startup_stm32f10x_hd.o(.text)
    EXTI9_5_IRQHandler                       0x0800015f   Thumb Code     0  startup_stm32f10x_hd.o(.text)
    FLASH_IRQHandler                         0x0800015f   Thumb Code     0  startup_stm32f10x_hd.o(.text)
    FSMC_IRQHandler                          0x0800015f   Thumb Code     0  startup_stm32f10x_hd.o(.text)
    I2C1_ER_IRQHandler                       0x0800015f   Thumb Code     0  startup_stm32f10x_hd.o(.text)
    I2C1_EV_IRQHandler                       0x0800015f   Thumb Code     0  startup_stm32f10x_hd.o(.text)
    I2C2_ER_IRQHandler                       0x0800015f   Thumb Code     0  startup_stm32f10x_hd.o(.text)
    I2C2_EV_IRQHandler                       0x0800015f   Thumb Code     0  startup_stm32f10x_hd.o(.text)
    PVD_IRQHandler                           0x0800015f   Thumb Code     0  startup_stm32f10x_hd.o(.text)
    RCC_IRQHandler                           0x0800015f   Thumb Code     0  startup_stm32f10x_hd.o(.text)
    RTCAlarm_IRQHandler                      0x0800015f   Thumb Code     0  startup_stm32f10x_hd.o(.text)
    RTC_IRQHandler                           0x0800015f   Thumb Code     0  startup_stm32f10x_hd.o(.text)
    SDIO_IRQHandler                          0x0800015f   Thumb Code     0  startup_stm32f10x_hd.o(.text)
    SPI1_IRQHandler                          0x0800015f   Thumb Code     0  startup_stm32f10x_hd.o(.text)
    SPI2_IRQHandler                          0x0800015f   Thumb Code     0  startup_stm32f10x_hd.o(.text)
    SPI3_IRQHandler                          0x0800015f   Thumb Code     0  startup_stm32f10x_hd.o(.text)
    TAMPER_IRQHandler                        0x0800015f   Thumb Code     0  startup_stm32f10x_hd.o(.text)
    TIM1_BRK_IRQHandler                      0x0800015f   Thumb Code     0  startup_stm32f10x_hd.o(.text)
    TIM1_CC_IRQHandler                       0x0800015f   Thumb Code     0  startup_stm32f10x_hd.o(.text)
    TIM1_TRG_COM_IRQHandler                  0x0800015f   Thumb Code     0  startup_stm32f10x_hd.o(.text)
    TIM1_UP_IRQHandler                       0x0800015f   Thumb Code     0  startup_stm32f10x_hd.o(.text)
    TIM2_IRQHandler                          0x0800015f   Thumb Code     0  startup_stm32f10x_hd.o(.text)
    TIM3_IRQHandler                          0x0800015f   Thumb Code     0  startup_stm32f10x_hd.o(.text)
    TIM4_IRQHandler                          0x0800015f   Thumb Code     0  startup_stm32f10x_hd.o(.text)
    TIM5_IRQHandler                          0x0800015f   Thumb Code     0  startup_stm32f10x_hd.o(.text)
    TIM7_IRQHandler                          0x0800015f   Thumb Code     0  startup_stm32f10x_hd.o(.text)
    TIM8_BRK_IRQHandler                      0x0800015f   Thumb Code     0  startup_stm32f10x_hd.o(.text)
    TIM8_CC_IRQHandler                       0x0800015f   Thumb Code     0  startup_stm32f10x_hd.o(.text)
    TIM8_TRG_COM_IRQHandler                  0x0800015f   Thumb Code     0  startup_stm32f10x_hd.o(.text)
    TIM8_UP_IRQHandler                       0x0800015f   Thumb Code     0  startup_stm32f10x_hd.o(.text)
    UART4_IRQHandler                         0x0800015f   Thumb Code     0  startup_stm32f10x_hd.o(.text)
    UART5_IRQHandler                         0x0800015f   Thumb Code     0  startup_stm32f10x_hd.o(.text)
    USART2_IRQHandler                        0x0800015f   Thumb Code     0  startup_stm32f10x_hd.o(.text)
    USBWakeUp_IRQHandler                     0x0800015f   Thumb Code     0  startup_stm32f10x_hd.o(.text)
    USB_HP_CAN1_TX_IRQHandler                0x0800015f   Thumb Code     0  startup_stm32f10x_hd.o(.text)
    USB_LP_CAN1_RX0_IRQHandler               0x0800015f   Thumb Code     0  startup_stm32f10x_hd.o(.text)
    WWDG_IRQHandler                          0x0800015f   Thumb Code     0  startup_stm32f10x_hd.o(.text)
    __aeabi_memcpy                           0x08000169   Thumb Code    36  memcpya.o(.text)
    __aeabi_memcpy4                          0x08000169   Thumb Code     0  memcpya.o(.text)
    __aeabi_memcpy8                          0x08000169   Thumb Code     0  memcpya.o(.text)
    __aeabi_memset                           0x0800018d   Thumb Code    14  memseta.o(.text)
    __aeabi_memset4                          0x0800018d   Thumb Code     0  memseta.o(.text)
    __aeabi_memset8                          0x0800018d   Thumb Code     0  memseta.o(.text)
    __aeabi_memclr                           0x0800019b   Thumb Code     4  memseta.o(.text)
    __aeabi_memclr4                          0x0800019b   Thumb Code     0  memseta.o(.text)
    __aeabi_memclr8                          0x0800019b   Thumb Code     0  memseta.o(.text)
    _memset$wrapper                          0x0800019f   Thumb Code    18  memseta.o(.text)
    strstr                                   0x080001b1   Thumb Code    36  strstr.o(.text)
    strchr                                   0x080001d5   Thumb Code    20  strchr.o(.text)
    strlen                                   0x080001e9   Thumb Code    14  strlen.o(.text)
    strncat                                  0x080001f7   Thumb Code    40  strncat.o(.text)
    atoi                                     0x0800021f   Thumb Code    26  atoi.o(.text)
    __aeabi_fmul                             0x08000239   Thumb Code   100  fmul.o(.text)
    __aeabi_fdiv                             0x0800029d   Thumb Code   124  fdiv.o(.text)
    __aeabi_dadd                             0x08000319   Thumb Code   322  dadd.o(.text)
    __aeabi_dsub                             0x0800045b   Thumb Code     6  dadd.o(.text)
    __aeabi_drsub                            0x08000461   Thumb Code     6  dadd.o(.text)
    __aeabi_ddiv                             0x08000467   Thumb Code   222  ddiv.o(.text)
    __aeabi_ui2f                             0x08000545   Thumb Code    10  ffltui.o(.text)
    __aeabi_i2d                              0x0800054f   Thumb Code    34  dflti.o(.text)
    __aeabi_f2iz                             0x08000571   Thumb Code    50  ffixi.o(.text)
    __aeabi_d2iz                             0x080005a3   Thumb Code    62  dfixi.o(.text)
    __aeabi_uidiv                            0x080005e1   Thumb Code     0  uidiv.o(.text)
    __aeabi_uidivmod                         0x080005e1   Thumb Code    44  uidiv.o(.text)
    __aeabi_uldivmod                         0x0800060d   Thumb Code    98  uldiv.o(.text)
    __aeabi_llsl                             0x0800066f   Thumb Code    30  llshl.o(.text)
    _ll_shift_l                              0x0800066f   Thumb Code     0  llshl.o(.text)
    __aeabi_llsr                             0x0800068d   Thumb Code    32  llushr.o(.text)
    _ll_ushift_r                             0x0800068d   Thumb Code     0  llushr.o(.text)
    __aeabi_lasr                             0x080006ad   Thumb Code    36  llsshr.o(.text)
    _ll_sshift_r                             0x080006ad   Thumb Code     0  llsshr.o(.text)
    strtol                                   0x080006d1   Thumb Code   112  strtol.o(.text)
    __I$use$fp                               0x08000741   Thumb Code     0  iusefp.o(.text)
    _float_round                             0x08000741   Thumb Code    18  fepilogue.o(.text)
    _float_epilogue                          0x08000753   Thumb Code    92  fepilogue.o(.text)
    _double_round                            0x080007af   Thumb Code    30  depilogue.o(.text)
    _double_epilogue                         0x080007cd   Thumb Code   156  depilogue.o(.text)
    __aeabi_dmul                             0x08000869   Thumb Code   228  dmul.o(.text)
    __aeabi_d2ulz                            0x0800094d   Thumb Code    48  dfixul.o(.text)
    __aeabi_cdrcmple                         0x0800097d   Thumb Code    48  cdrcmple.o(.text)
    __scatterload                            0x080009ad   Thumb Code    28  init.o(.text)
    __scatterload_rt2                        0x080009ad   Thumb Code     0  init.o(.text)
    __rt_ctype_table                         0x080009d1   Thumb Code     4  ctype_o.o(.text)
    __semihosting_library_function           0x080009d1   Thumb Code     0  semi.o(.text)
    _strtoul                                 0x080009d9   Thumb Code   158  _strtoul.o(.text)
    __I$use$semihosting$fputc                0x08000a77   Thumb Code     0  iusesemip.o(.text)
    _chval                                   0x08000a77   Thumb Code    28  _chval.o(.text)
    Delay                                    0x08000a93   Thumb Code    18  other.o(i.Delay)
    ESP8266_Clear                            0x08000aa5   Thumb Code    18  esp8266.o(i.ESP8266_Clear)
    ESP8266_GetIPD                           0x08000ac1   Thumb Code    84  esp8266.o(i.ESP8266_GetIPD)
    ESP8266_Init                             0x08000b49   Thumb Code   292  esp8266.o(i.ESP8266_Init)
    ESP8266_SendCmd                          0x08000d75   Thumb Code    76  esp8266.o(i.ESP8266_SendCmd)
    ESP8266_SendData                         0x08000dc9   Thumb Code    46  esp8266.o(i.ESP8266_SendData)
    ESP8266_WaitRecive                       0x08000e11   Thumb Code    42  esp8266.o(i.ESP8266_WaitRecive)
    EXTI2_IRQHandler                         0x08000e45   Thumb Code    30  exti.o(i.EXTI2_IRQHandler)
    EXTI_ClearITPendingBit                   0x08000e69   Thumb Code     6  stm32f10x_exti.o(i.EXTI_ClearITPendingBit)
    EXTI_GetITStatus                         0x08000e75   Thumb Code    34  stm32f10x_exti.o(i.EXTI_GetITStatus)
    FSMC_NORSRAMCmd                          0x08000e9d   Thumb Code    46  stm32f10x_fsmc.o(i.FSMC_NORSRAMCmd)
    FSMC_NORSRAMInit                         0x08000ed1   Thumb Code   230  stm32f10x_fsmc.o(i.FSMC_NORSRAMInit)
    GPIO_Init                                0x08000fb7   Thumb Code   278  stm32f10x_gpio.o(i.GPIO_Init)
    GPIO_ReadInputDataBit                    0x080010cd   Thumb Code    18  stm32f10x_gpio.o(i.GPIO_ReadInputDataBit)
    GPIO_ResetBits                           0x080010df   Thumb Code     4  stm32f10x_gpio.o(i.GPIO_ResetBits)
    GPIO_SetBits                             0x080010e3   Thumb Code     4  stm32f10x_gpio.o(i.GPIO_SetBits)
    GPIO_WriteBit                            0x080010e7   Thumb Code    10  stm32f10x_gpio.o(i.GPIO_WriteBit)
    GetGBKCode_from_EXFlash                  0x080010f1   Thumb Code    74  fonts.o(i.GetGBKCode_from_EXFlash)
    GetHeart                                 0x08001145   Thumb Code     8  other.o(i.GetHeart)
    GetStep                                  0x0800114d   Thumb Code     8  other.o(i.GetStep)
    Hardware_Init                            0x08001155   Thumb Code    68  other.o(i.Hardware_Init)
    IIC_Ack                                  0x08001499   Thumb Code    66  myiic.o(i.IIC_Ack)
    IIC_Init                                 0x080014e9   Thumb Code    52  myiic.o(i.IIC_Init)
    IIC_NAck                                 0x08001529   Thumb Code    66  myiic.o(i.IIC_NAck)
    IIC_Read_Byte                            0x08001579   Thumb Code   100  myiic.o(i.IIC_Read_Byte)
    IIC_Send_Byte                            0x080015e9   Thumb Code    90  myiic.o(i.IIC_Send_Byte)
    IIC_Start                                0x08001651   Thumb Code    64  myiic.o(i.IIC_Start)
    IIC_Stop                                 0x0800169d   Thumb Code    62  myiic.o(i.IIC_Stop)
    IIC_Wait_Ack                             0x080016e9   Thumb Code    88  myiic.o(i.IIC_Wait_Ack)
    ILI9341_BackLed_Control                  0x0800174d   Thumb Code    30  bsp_ili9341_lcd.o(i.ILI9341_BackLed_Control)
    ILI9341_Clear                            0x08001771   Thumb Code    40  bsp_ili9341_lcd.o(i.ILI9341_Clear)
    ILI9341_ClearRegion                      0x0800179d   Thumb Code    56  bsp_ili9341_lcd.o(i.ILI9341_ClearRegion)
    ILI9341_DispChar_CH                      0x080017ed   Thumb Code   122  bsp_ili9341_lcd.o(i.ILI9341_DispChar_CH)
    ILI9341_DispChar_EN                      0x08001871   Thumb Code   152  bsp_ili9341_lcd.o(i.ILI9341_DispChar_EN)
    ILI9341_DispString_EN                    0x0800193d   Thumb Code   104  bsp_ili9341_lcd.o(i.ILI9341_DispString_EN)
    ILI9341_DispString_EN_CH                 0x080019b1   Thumb Code   168  bsp_ili9341_lcd.o(i.ILI9341_DispString_EN_CH)
    ILI9341_GramScan                         0x08001c7d   Thumb Code   172  bsp_ili9341_lcd.o(i.ILI9341_GramScan)
    ILI9341_Init                             0x08001d35   Thumb Code    34  bsp_ili9341_lcd.o(i.ILI9341_Init)
    ILI9341_OpenWindow                       0x08001d5d   Thumb Code    96  bsp_ili9341_lcd.o(i.ILI9341_OpenWindow)
    ILI9341_Rst                              0x08001fed   Thumb Code    36  bsp_ili9341_lcd.o(i.ILI9341_Rst)
    Init_cgq                                 0x08002029   Thumb Code    40  other.o(i.Init_cgq)
    LCD_Showimage                            0x08002051   Thumb Code    72  bsp_ili9341_lcd.o(i.LCD_Showimage)
    LED_GPIO_Config                          0x08002099   Thumb Code    90  bsp.o(i.LED_GPIO_Config)
    MPU6050ReadAcc                           0x080020f9   Thumb Code    64  mpu6050.o(i.MPU6050ReadAcc)
    MPU6050ReadGyro                          0x08002139   Thumb Code    64  mpu6050.o(i.MPU6050ReadGyro)
    MPU6050_Init                             0x080022bd   Thumb Code    72  mpu6050.o(i.MPU6050_Init)
    MPU6050_ReadData                         0x08002305   Thumb Code    88  mpu6050.o(i.MPU6050_ReadData)
    MPU6050_ReturnTemp                       0x0800235d   Thumb Code    78  mpu6050.o(i.MPU6050_ReturnTemp)
    MPU6050_WriteReg                         0x080023b5   Thumb Code    46  mpu6050.o(i.MPU6050_WriteReg)
    MQTT_DeleteBuffer                        0x080023e3   Thumb Code    28  mqttkit.o(i.MQTT_DeleteBuffer)
    MQTT_DumpLength                          0x080023ff   Thumb Code    46  mqttkit.o(i.MQTT_DumpLength)
    MQTT_NewBuffer                           0x0800242d   Thumb Code    88  mqttkit.o(i.MQTT_NewBuffer)
    MQTT_PacketCmdResp                       0x08002485   Thumb Code   132  mqttkit.o(i.MQTT_PacketCmdResp)
    MQTT_PacketConnect                       0x08002511   Thumb Code   666  mqttkit.o(i.MQTT_PacketConnect)
    MQTT_PacketPublish                       0x080027b1   Thumb Code   440  mqttkit.o(i.MQTT_PacketPublish)
    MQTT_PacketPublishAck                    0x08002969   Thumb Code    72  mqttkit.o(i.MQTT_PacketPublishAck)
    MQTT_PacketPublishComp                   0x080029b1   Thumb Code    72  mqttkit.o(i.MQTT_PacketPublishComp)
    MQTT_PacketPublishRec                    0x080029f9   Thumb Code    72  mqttkit.o(i.MQTT_PacketPublishRec)
    MQTT_PacketPublishRel                    0x08002a41   Thumb Code    72  mqttkit.o(i.MQTT_PacketPublishRel)
    MQTT_PacketSubscribe                     0x08002a89   Thumb Code   254  mqttkit.o(i.MQTT_PacketSubscribe)
    MQTT_ReadLength                          0x08002b87   Thumb Code    70  mqttkit.o(i.MQTT_ReadLength)
    MQTT_UnPacketCmd                         0x08002bcd   Thumb Code   140  mqttkit.o(i.MQTT_UnPacketCmd)
    MQTT_UnPacketConnectAck                  0x08002c59   Thumb Code    30  mqttkit.o(i.MQTT_UnPacketConnectAck)
    MQTT_UnPacketPublish                     0x08002c79   Thumb Code   438  mqttkit.o(i.MQTT_UnPacketPublish)
    MQTT_UnPacketPublishAck                  0x08002e39   Thumb Code    30  mqttkit.o(i.MQTT_UnPacketPublishAck)
    MQTT_UnPacketPublishComp                 0x08002e57   Thumb Code    30  mqttkit.o(i.MQTT_UnPacketPublishComp)
    MQTT_UnPacketPublishRec                  0x08002e75   Thumb Code    30  mqttkit.o(i.MQTT_UnPacketPublishRec)
    MQTT_UnPacketPublishRel                  0x08002e93   Thumb Code    36  mqttkit.o(i.MQTT_UnPacketPublishRel)
    MQTT_UnPacketRecv                        0x08002eb9   Thumb Code   106  mqttkit.o(i.MQTT_UnPacketRecv)
    MQTT_UnPacketSubscribe                   0x08002f2d   Thumb Code    52  mqttkit.o(i.MQTT_UnPacketSubscribe)
    MQTT_UnPacketUnSubscribe                 0x08002f61   Thumb Code    18  mqttkit.o(i.MQTT_UnPacketUnSubscribe)
    NVIC_Init                                0x08002f75   Thumb Code   100  misc.o(i.NVIC_Init)
    NVIC_PriorityGroupConfig                 0x08002fe5   Thumb Code    10  misc.o(i.NVIC_PriorityGroupConfig)
    OneNet_DevLink                           0x08002ff9   Thumb Code   220  onenet.o(i.OneNet_DevLink)
    OneNet_Publish                           0x08003235   Thumb Code    88  onenet.o(i.OneNet_Publish)
    OneNet_RevPro                            0x080032b1   Thumb Code   592  onenet.o(i.OneNet_RevPro)
    OneNet_Subscribe                         0x080036c1   Thumb Code    80  onenet.o(i.OneNet_Subscribe)
    RCC_AHBPeriphClockCmd                    0x0800372d   Thumb Code    26  stm32f10x_rcc.o(i.RCC_AHBPeriphClockCmd)
    RCC_APB1PeriphClockCmd                   0x0800374d   Thumb Code    26  stm32f10x_rcc.o(i.RCC_APB1PeriphClockCmd)
    RCC_APB2PeriphClockCmd                   0x0800376d   Thumb Code    26  stm32f10x_rcc.o(i.RCC_APB2PeriphClockCmd)
    RCC_GetClocksFreq                        0x0800378d   Thumb Code   192  stm32f10x_rcc.o(i.RCC_GetClocksFreq)
    SPI_Cmd                                  0x08003861   Thumb Code    24  stm32f10x_spi.o(i.SPI_Cmd)
    SPI_FLASH_BufferRead                     0x08003879   Thumb Code    76  bsp_spi_flash.o(i.SPI_FLASH_BufferRead)
    SPI_FLASH_Init                           0x080038c9   Thumb Code   178  bsp_spi_flash.o(i.SPI_FLASH_Init)
    SPI_FLASH_SendByte                       0x08003989   Thumb Code   110  bsp_spi_flash.o(i.SPI_FLASH_SendByte)
    SPI_I2S_GetFlagStatus                    0x08003a01   Thumb Code    18  stm32f10x_spi.o(i.SPI_I2S_GetFlagStatus)
    SPI_I2S_ReceiveData                      0x08003a13   Thumb Code     6  stm32f10x_spi.o(i.SPI_I2S_ReceiveData)
    SPI_I2S_SendData                         0x08003a19   Thumb Code     4  stm32f10x_spi.o(i.SPI_I2S_SendData)
    SPI_Init                                 0x08003a1d   Thumb Code    60  stm32f10x_spi.o(i.SPI_Init)
    SendData                                 0x08003a99   Thumb Code   114  main.o(i.SendData)
    Show                                     0x08003c4d   Thumb Code   708  other.o(i.Show)
    SysTick_CLKSourceConfig                  0x08003fe5   Thumb Code    40  misc.o(i.SysTick_CLKSourceConfig)
    SystemInit                               0x0800400d   Thumb Code    78  system_stm32f10x.o(i.SystemInit)
    TIM6_IRQHandler                          0x0800406d   Thumb Code    32  time.o(i.TIM6_IRQHandler)
    TIM_ClearITPendingBit                    0x08004095   Thumb Code     6  stm32f10x_tim.o(i.TIM_ClearITPendingBit)
    TIM_GetITStatus                          0x0800409b   Thumb Code    34  stm32f10x_tim.o(i.TIM_GetITStatus)
    USART1_IRQHandler                        0x080040bd   Thumb Code    24  usart.o(i.USART1_IRQHandler)
    USART3_IRQHandler                        0x080040d9   Thumb Code    62  esp8266.o(i.USART3_IRQHandler)
    USART_ClearFlag                          0x08004125   Thumb Code    18  stm32f10x_usart.o(i.USART_ClearFlag)
    USART_Cmd                                0x08004137   Thumb Code    24  stm32f10x_usart.o(i.USART_Cmd)
    USART_GetFlagStatus                      0x0800414f   Thumb Code    26  stm32f10x_usart.o(i.USART_GetFlagStatus)
    USART_GetITStatus                        0x08004169   Thumb Code    84  stm32f10x_usart.o(i.USART_GetITStatus)
    USART_ITConfig                           0x080041bd   Thumb Code    74  stm32f10x_usart.o(i.USART_ITConfig)
    USART_Init                               0x08004209   Thumb Code   210  stm32f10x_usart.o(i.USART_Init)
    USART_SendData                           0x080042e1   Thumb Code     8  stm32f10x_usart.o(i.USART_SendData)
    Usart1_Init                              0x080042e9   Thumb Code   166  usart.o(i.Usart1_Init)
    Usart3_Init                              0x08004399   Thumb Code   334  usart.o(i.Usart3_Init)
    UsartPrintf                              0x080044f5   Thumb Code    72  usart.o(i.UsartPrintf)
    Usart_SendString                         0x0800453d   Thumb Code    50  usart.o(i.Usart_SendString)
    __0printf                                0x08004571   Thumb Code    22  printfa.o(i.__0printf)
    __1printf                                0x08004571   Thumb Code     0  printfa.o(i.__0printf)
    __2printf                                0x08004571   Thumb Code     0  printfa.o(i.__0printf)
    __c89printf                              0x08004571   Thumb Code     0  printfa.o(i.__0printf)
    printf                                   0x08004571   Thumb Code     0  printfa.o(i.__0printf)
    __0sprintf                               0x08004591   Thumb Code    34  printfa.o(i.__0sprintf)
    __1sprintf                               0x08004591   Thumb Code     0  printfa.o(i.__0sprintf)
    __2sprintf                               0x08004591   Thumb Code     0  printfa.o(i.__0sprintf)
    __c89sprintf                             0x08004591   Thumb Code     0  printfa.o(i.__0sprintf)
    sprintf                                  0x08004591   Thumb Code     0  printfa.o(i.__0sprintf)
    __0vsnprintf                             0x080045b9   Thumb Code    32  printfa.o(i.__0vsnprintf)
    __1vsnprintf                             0x080045b9   Thumb Code     0  printfa.o(i.__0vsnprintf)
    __2vsnprintf                             0x080045b9   Thumb Code     0  printfa.o(i.__0vsnprintf)
    __c89vsnprintf                           0x080045b9   Thumb Code     0  printfa.o(i.__0vsnprintf)
    vsnprintf                                0x080045b9   Thumb Code     0  printfa.o(i.__0vsnprintf)
    __aeabi_errno_addr                       0x080045dd   Thumb Code     4  errno.o(i.__aeabi_errno_addr)
    __rt_errno_addr                          0x080045dd   Thumb Code     0  errno.o(i.__aeabi_errno_addr)
    __scatterload_copy                       0x080045e5   Thumb Code    14  handlers.o(i.__scatterload_copy)
    __scatterload_null                       0x080045f3   Thumb Code     2  handlers.o(i.__scatterload_null)
    __scatterload_zeroinit                   0x080045f5   Thumb Code    14  handlers.o(i.__scatterload_zeroinit)
    delay_init                               0x08004eb9   Thumb Code    26  delay.o(i.delay_init)
    delay_ms                                 0x08004edd   Thumb Code    72  delay.o(i.delay_ms)
    delay_us                                 0x08004f29   Thumb Code    72  delay.o(i.delay_us)
    fputc                                    0x08004f75   Thumb Code    18  fputc.o(i.fputc)
    free                                     0x08004f89   Thumb Code    76  malloc.o(i.free)
    getheart                                 0x08004fd9   Thumb Code     6  other.o(i.getheart)
    getsp02                                  0x08004fe5   Thumb Code     6  other.o(i.getsp02)
    getstep                                  0x08004ff1   Thumb Code     6  other.o(i.getstep)
    gettemp                                  0x08004ffd   Thumb Code     8  other.o(i.gettemp)
    i2c_Ack                                  0x08005009   Thumb Code    48  bsp_i2c.o(i.i2c_Ack)
    i2c_GPIO_Config                          0x0800504d   Thumb Code    44  bsp_i2c.o(i.i2c_GPIO_Config)
    i2c_NAck                                 0x0800507d   Thumb Code    40  bsp_i2c.o(i.i2c_NAck)
    i2c_ReadByte                             0x080050a9   Thumb Code    80  bsp_i2c.o(i.i2c_ReadByte)
    i2c_SendByte                             0x080050fd   Thumb Code    84  bsp_i2c.o(i.i2c_SendByte)
    i2c_Start                                0x08005155   Thumb Code    44  bsp_i2c.o(i.i2c_Start)
    i2c_Stop                                 0x08005185   Thumb Code    28  bsp_i2c.o(i.i2c_Stop)
    i2c_WaitAck                              0x080051a5   Thumb Code    60  bsp_i2c.o(i.i2c_WaitAck)
    int2str                                  0x080051e5   Thumb Code    68  other.o(i.int2str)
    main                                     0x08005229   Thumb Code    62  main.o(i.main)
    malloc                                   0x08005271   Thumb Code    92  malloc.o(i.malloc)
    max30102_Bus_Read                        0x080052dd   Thumb Code    82  max30102.o(i.max30102_Bus_Read)
    max30102_Bus_Write                       0x0800532f   Thumb Code    68  max30102.o(i.max30102_Bus_Write)
    max30102_FIFO_ReadBytes                  0x08005373   Thumb Code   128  max30102.o(i.max30102_FIFO_ReadBytes)
    max30102_init                            0x080053f5   Thumb Code   128  max30102.o(i.max30102_init)
    max30102_reset                           0x08005479   Thumb Code    20  max30102.o(i.max30102_reset)
    maxim_find_peaks                         0x0800548d   Thumb Code    66  algorithm.o(i.maxim_find_peaks)
    maxim_heart_rate_and_oxygen_saturation   0x080054d1   Thumb Code  1272  algorithm.o(i.maxim_heart_rate_and_oxygen_saturation)
    maxim_peaks_above_min_height             0x080059d1   Thumb Code   122  algorithm.o(i.maxim_peaks_above_min_height)
    maxim_remove_close_peaks                 0x08005a4b   Thumb Code   114  algorithm.o(i.maxim_remove_close_peaks)
    maxim_sort_ascend                        0x08005abd   Thumb Code    54  algorithm.o(i.maxim_sort_ascend)
    maxim_sort_indices_descend               0x08005af3   Thumb Code    64  algorithm.o(i.maxim_sort_indices_descend)
    ASCII8x16_Table                          0x08005b32   Data        1520  fonts.o(.constdata)
    ASCII16x24_Table                         0x08006122   Data        4560  fonts.o(.constdata)
    ASCII24x32_Table                         0x080072f2   Data        9120  fonts.o(.constdata)
    auw_hamm                                 0x08009692   Data          62  algorithm.o(.constdata)
    uch_spo2_table                           0x080096d0   Data         184  algorithm.o(.constdata)
    gImage_666                               0x08009788   Data       153608  other.o(.constdata)
    gImage_1                                 0x0802ef90   Data        4616  other.o(.constdata)
    gImage_2                                 0x08030198   Data        4616  other.o(.constdata)
    gImage_3                                 0x080313a0   Data        4616  other.o(.constdata)
    gImage_4                                 0x080325a8   Data        4616  other.o(.constdata)
    gImage_5                                 0x080337b0   Data        4616  other.o(.constdata)
    gImage_6                                 0x080349b8   Data        4616  other.o(.constdata)
    gImage_7                                 0x08035bc0   Data        4616  other.o(.constdata)
    gImage_8                                 0x08036dc8   Data        4616  other.o(.constdata)
    gImage_9                                 0x08037fd0   Data        4616  other.o(.constdata)
    gImage_10                                0x080391d8   Data        4616  other.o(.constdata)
    gImage_11                                0x0803a3e0   Data        4616  other.o(.constdata)
    gImage_12                                0x0803b5e8   Data        4616  other.o(.constdata)
    gImage_13                                0x0803c7f0   Data        4616  other.o(.constdata)
    gImage_14                                0x0803d9f8   Data        4616  other.o(.constdata)
    gImage_15                                0x0803ec00   Data        4616  other.o(.constdata)
    gImage_888                               0x0803fe08   Data       28800  other.o(.constdata)
    gImage_777                               0x08046e88   Data       28808  other.o(.constdata)
    gImage_999                               0x0804df10   Data       28800  other.o(.constdata)
    __ctype_table                            0x08054f90   Data         129  ctype_o.o(.constdata)
    Region$$Table$$Base                      0x080550a0   Number         0  anon$$obj.o(Region$$Table)
    Region$$Table$$Limit                     0x080550c0   Number         0  anon$$obj.o(Region$$Table)
    topics                                   0x20000014   Data           4  main.o(.data)
    timeCount                                0x20000018   Data           2  main.o(.data)
    dataPtr                                  0x2000001c   Data           4  main.o(.data)
    LCD_X_LENGTH                             0x20000020   Data           2  bsp_ili9341_lcd.o(.data)
    LCD_Y_LENGTH                             0x20000022   Data           2  bsp_ili9341_lcd.o(.data)
    LCD_SCAN_MODE                            0x20000024   Data           1  bsp_ili9341_lcd.o(.data)
    Font8x16                                 0x20000030   Data           8  fonts.o(.data)
    Font16x24                                0x20000038   Data           8  fonts.o(.data)
    Font24x32                                0x20000040   Data           8  fonts.o(.data)
    time                                     0x20000054   Data           4  other.o(.data)
    Accel                                    0x2000005c   Data           6  other.o(.data)
    Gyro                                     0x20000062   Data           6  other.o(.data)
    Temp                                     0x20000068   Data           2  other.o(.data)
    hold_value                               0x2000006c   Data           4  other.o(.data)
    step_count                               0x20000070   Data           4  other.o(.data)
    flag                                     0x20000074   Data           4  other.o(.data)
    n_ir_buffer_length                       0x20000078   Data           4  other.o(.data)
    n_sp02                                   0x2000007c   Data           4  other.o(.data)
    ch_spo2_valid                            0x20000080   Data           1  other.o(.data)
    n_heart_rate                             0x20000084   Data           4  other.o(.data)
    ch_hr_valid                              0x20000088   Data           1  other.o(.data)
    heart                                    0x20000089   Data           6  other.o(.data)
    spo2                                     0x2000008f   Data           6  other.o(.data)
    esp8266_cnt                              0x2000009e   Data           2  esp8266.o(.data)
    esp8266_cntPre                           0x200000a0   Data           2  esp8266.o(.data)
    __stdout                                 0x200000a4   Data           4  stdout.o(.data)
    __microlib_freelist                      0x200000a8   Data           4  mvars.o(.data)
    __microlib_freelist_initialised          0x200000ac   Data           4  mvars.o(.data)
    data                                     0x200000b4   Data         128  main.o(.bss)
    loading                                  0x20001894   Data          50  other.o(.bss)
    temp_num                                 0x200018c6   Data          20  other.o(.bss)
    data_temp                                0x200018dc   Data        1200  other.o(.bss)
    aun_ir_buffer                            0x20001d8c   Data        2000  other.o(.bss)
    aun_red_buffer                           0x2000255c   Data        2000  other.o(.bss)
    esp8266_buf                              0x20002d2c   Data         128  esp8266.o(.bss)
    __heap_base                              0x20002db0   Data           0  startup_stm32f10x_hd.o(HEAP)
    __heap_limit                             0x20002fb0   Data           0  startup_stm32f10x_hd.o(HEAP)
    __initial_sp                             0x200033b0   Data           0  startup_stm32f10x_hd.o(STACK)



==============================================================================

Memory Map of the image

  Image Entry point : 0x08000131

  Load Region LR_IROM1 (Base: 0x08000000, Size: 0x00055174, Max: 0x00080000, ABSOLUTE)

    Execution Region ER_IROM1 (Base: 0x08000000, Size: 0x000550c0, Max: 0x00080000, ABSOLUTE)

    Base Addr    Size         Type   Attr      Idx    E Section Name        Object

    0x08000000   0x00000130   Data   RO            3    RESET               startup_stm32f10x_hd.o
    0x08000130   0x00000000   Code   RO         2875  * .ARM.Collect$$$$00000000  mc_w.l(entry.o)
    0x08000130   0x00000004   Code   RO         3199    .ARM.Collect$$$$00000001  mc_w.l(entry2.o)
    0x08000134   0x00000004   Code   RO         3202    .ARM.Collect$$$$00000004  mc_w.l(entry5.o)
    0x08000138   0x00000000   Code   RO         3204    .ARM.Collect$$$$00000008  mc_w.l(entry7b.o)
    0x08000138   0x00000000   Code   RO         3206    .ARM.Collect$$$$0000000A  mc_w.l(entry8b.o)
    0x08000138   0x00000008   Code   RO         3207    .ARM.Collect$$$$0000000B  mc_w.l(entry9a.o)
    0x08000140   0x00000000   Code   RO         3209    .ARM.Collect$$$$0000000D  mc_w.l(entry10a.o)
    0x08000140   0x00000000   Code   RO         3211    .ARM.Collect$$$$0000000F  mc_w.l(entry11a.o)
    0x08000140   0x00000004   Code   RO         3200    .ARM.Collect$$$$00002712  mc_w.l(entry2.o)
    0x08000144   0x00000024   Code   RO            4    .text               startup_stm32f10x_hd.o
    0x08000168   0x00000024   Code   RO         2878    .text               mc_w.l(memcpya.o)
    0x0800018c   0x00000024   Code   RO         2880    .text               mc_w.l(memseta.o)
    0x080001b0   0x00000024   Code   RO         2882    .text               mc_w.l(strstr.o)
    0x080001d4   0x00000014   Code   RO         2884    .text               mc_w.l(strchr.o)
    0x080001e8   0x0000000e   Code   RO         2886    .text               mc_w.l(strlen.o)
    0x080001f6   0x00000028   Code   RO         2888    .text               mc_w.l(strncat.o)
    0x0800021e   0x0000001a   Code   RO         3181    .text               mc_w.l(atoi.o)
    0x08000238   0x00000064   Code   RO         3183    .text               mf_w.l(fmul.o)
    0x0800029c   0x0000007c   Code   RO         3185    .text               mf_w.l(fdiv.o)
    0x08000318   0x0000014e   Code   RO         3187    .text               mf_w.l(dadd.o)
    0x08000466   0x000000de   Code   RO         3189    .text               mf_w.l(ddiv.o)
    0x08000544   0x0000000a   Code   RO         3191    .text               mf_w.l(ffltui.o)
    0x0800054e   0x00000022   Code   RO         3193    .text               mf_w.l(dflti.o)
    0x08000570   0x00000032   Code   RO         3195    .text               mf_w.l(ffixi.o)
    0x080005a2   0x0000003e   Code   RO         3197    .text               mf_w.l(dfixi.o)
    0x080005e0   0x0000002c   Code   RO         3216    .text               mc_w.l(uidiv.o)
    0x0800060c   0x00000062   Code   RO         3218    .text               mc_w.l(uldiv.o)
    0x0800066e   0x0000001e   Code   RO         3220    .text               mc_w.l(llshl.o)
    0x0800068c   0x00000020   Code   RO         3222    .text               mc_w.l(llushr.o)
    0x080006ac   0x00000024   Code   RO         3224    .text               mc_w.l(llsshr.o)
    0x080006d0   0x00000070   Code   RO         3235    .text               mc_w.l(strtol.o)
    0x08000740   0x00000000   Code   RO         3237    .text               mc_w.l(iusefp.o)
    0x08000740   0x0000006e   Code   RO         3238    .text               mf_w.l(fepilogue.o)
    0x080007ae   0x000000ba   Code   RO         3240    .text               mf_w.l(depilogue.o)
    0x08000868   0x000000e4   Code   RO         3242    .text               mf_w.l(dmul.o)
    0x0800094c   0x00000030   Code   RO         3244    .text               mf_w.l(dfixul.o)
    0x0800097c   0x00000030   Code   RO         3246    .text               mf_w.l(cdrcmple.o)
    0x080009ac   0x00000024   Code   RO         3248    .text               mc_w.l(init.o)
    0x080009d0   0x00000000   Code   RO         3250    .text               mc_w.l(semi.o)
    0x080009d0   0x00000008   Code   RO         3251    .text               mc_w.l(ctype_o.o)
    0x080009d8   0x0000009e   Code   RO         3279    .text               mc_w.l(_strtoul.o)
    0x08000a76   0x00000000   Code   RO         3281    .text               mc_w.l(iusesemip.o)
    0x08000a76   0x0000001c   Code   RO         3282    .text               mc_w.l(_chval.o)
    0x08000a92   0x00000012   Code   RO         2438    i.Delay             other.o
    0x08000aa4   0x0000001c   Code   RO         2819    i.ESP8266_Clear     esp8266.o
    0x08000ac0   0x00000088   Code   RO         2820    i.ESP8266_GetIPD    esp8266.o
    0x08000b48   0x0000022c   Code   RO         2821    i.ESP8266_Init      esp8266.o
    0x08000d74   0x00000054   Code   RO         2822    i.ESP8266_SendCmd   esp8266.o
    0x08000dc8   0x00000048   Code   RO         2823    i.ESP8266_SendData  esp8266.o
    0x08000e10   0x00000034   Code   RO         2824    i.ESP8266_WaitRecive  esp8266.o
    0x08000e44   0x00000024   Code   RO         1666    i.EXTI2_IRQHandler  exti.o
    0x08000e68   0x0000000c   Code   RO         1040    i.EXTI_ClearITPendingBit  stm32f10x_exti.o
    0x08000e74   0x00000028   Code   RO         1044    i.EXTI_GetITStatus  stm32f10x_exti.o
    0x08000e9c   0x00000034   Code   RO         1104    i.FSMC_NORSRAMCmd   stm32f10x_fsmc.o
    0x08000ed0   0x000000e6   Code   RO         1106    i.FSMC_NORSRAMInit  stm32f10x_fsmc.o
    0x08000fb6   0x00000116   Code   RO          183    i.GPIO_Init         stm32f10x_gpio.o
    0x080010cc   0x00000012   Code   RO          187    i.GPIO_ReadInputDataBit  stm32f10x_gpio.o
    0x080010de   0x00000004   Code   RO          190    i.GPIO_ResetBits    stm32f10x_gpio.o
    0x080010e2   0x00000004   Code   RO          191    i.GPIO_SetBits      stm32f10x_gpio.o
    0x080010e6   0x0000000a   Code   RO          194    i.GPIO_WriteBit     stm32f10x_gpio.o
    0x080010f0   0x00000054   Code   RO         1946    i.GetGBKCode_from_EXFlash  fonts.o
    0x08001144   0x00000008   Code   RO         2439    i.GetHeart          other.o
    0x0800114c   0x00000008   Code   RO         2440    i.GetStep           other.o
    0x08001154   0x00000088   Code   RO         2441    i.Hardware_Init     other.o
    0x080011dc   0x000002bc   Code   RO         2442    i.Heart_spo2        other.o
    0x08001498   0x00000050   Code   RO         2275    i.IIC_Ack           myiic.o
    0x080014e8   0x00000040   Code   RO         2276    i.IIC_Init          myiic.o
    0x08001528   0x00000050   Code   RO         2277    i.IIC_NAck          myiic.o
    0x08001578   0x00000070   Code   RO         2279    i.IIC_Read_Byte     myiic.o
    0x080015e8   0x00000068   Code   RO         2281    i.IIC_Send_Byte     myiic.o
    0x08001650   0x0000004c   Code   RO         2282    i.IIC_Start         myiic.o
    0x0800169c   0x0000004c   Code   RO         2283    i.IIC_Stop          myiic.o
    0x080016e8   0x00000064   Code   RO         2284    i.IIC_Wait_Ack      myiic.o
    0x0800174c   0x00000024   Code   RO         1684    i.ILI9341_BackLed_Control  bsp_ili9341_lcd.o
    0x08001770   0x0000002c   Code   RO         1685    i.ILI9341_Clear     bsp_ili9341_lcd.o
    0x0800179c   0x0000003c   Code   RO         1686    i.ILI9341_ClearRegion  bsp_ili9341_lcd.o
    0x080017d8   0x00000012   Code   RO         1687    i.ILI9341_Delay     bsp_ili9341_lcd.o
    0x080017ea   0x00000002   PAD
    0x080017ec   0x00000084   Code   RO         1688    i.ILI9341_DispChar_CH  bsp_ili9341_lcd.o
    0x08001870   0x000000cc   Code   RO         1689    i.ILI9341_DispChar_EN  bsp_ili9341_lcd.o
    0x0800193c   0x00000074   Code   RO         1693    i.ILI9341_DispString_EN  bsp_ili9341_lcd.o
    0x080019b0   0x000000b4   Code   RO         1694    i.ILI9341_DispString_EN_CH  bsp_ili9341_lcd.o
    0x08001a64   0x0000005e   Code   RO         1703    i.ILI9341_FSMC_Config  bsp_ili9341_lcd.o
    0x08001ac2   0x00000020   Code   RO         1704    i.ILI9341_FillColor  bsp_ili9341_lcd.o
    0x08001ae2   0x00000002   PAD
    0x08001ae4   0x00000198   Code   RO         1705    i.ILI9341_GPIO_Config  bsp_ili9341_lcd.o
    0x08001c7c   0x000000b8   Code   RO         1707    i.ILI9341_GramScan  bsp_ili9341_lcd.o
    0x08001d34   0x00000028   Code   RO         1708    i.ILI9341_Init      bsp_ili9341_lcd.o
    0x08001d5c   0x00000060   Code   RO         1709    i.ILI9341_OpenWindow  bsp_ili9341_lcd.o
    0x08001dbc   0x00000230   Code   RO         1710    i.ILI9341_REG_Config  bsp_ili9341_lcd.o
    0x08001fec   0x00000028   Code   RO         1713    i.ILI9341_Rst       bsp_ili9341_lcd.o
    0x08002014   0x00000008   Code   RO         1716    i.ILI9341_Write_Cmd  bsp_ili9341_lcd.o
    0x0800201c   0x0000000c   Code   RO         1717    i.ILI9341_Write_Data  bsp_ili9341_lcd.o
    0x08002028   0x00000028   Code   RO         2444    i.Init_cgq          other.o
    0x08002050   0x00000048   Code   RO         1726    i.LCD_Showimage     bsp_ili9341_lcd.o
    0x08002098   0x00000060   Code   RO         1654    i.LED_GPIO_Config   bsp.o
    0x080020f8   0x00000040   Code   RO         2142    i.MPU6050ReadAcc    mpu6050.o
    0x08002138   0x00000040   Code   RO         2143    i.MPU6050ReadGyro   mpu6050.o
    0x08002178   0x00000144   Code   RO         2446    i.MPU6050_DateConver  other.o
    0x080022bc   0x00000048   Code   RO         2146    i.MPU6050_Init      mpu6050.o
    0x08002304   0x00000058   Code   RO         2147    i.MPU6050_ReadData  mpu6050.o
    0x0800235c   0x00000058   Code   RO         2148    i.MPU6050_ReturnTemp  mpu6050.o
    0x080023b4   0x0000002e   Code   RO         2149    i.MPU6050_WriteReg  mpu6050.o
    0x080023e2   0x0000001c   Code   RO         2648    i.MQTT_DeleteBuffer  mqttkit.o
    0x080023fe   0x0000002e   Code   RO         2649    i.MQTT_DumpLength   mqttkit.o
    0x0800242c   0x00000058   Code   RO         2650    i.MQTT_NewBuffer    mqttkit.o
    0x08002484   0x0000008c   Code   RO         2651    i.MQTT_PacketCmdResp  mqttkit.o
    0x08002510   0x000002a0   Code   RO         2652    i.MQTT_PacketConnect  mqttkit.o
    0x080027b0   0x000001b8   Code   RO         2655    i.MQTT_PacketPublish  mqttkit.o
    0x08002968   0x00000048   Code   RO         2656    i.MQTT_PacketPublishAck  mqttkit.o
    0x080029b0   0x00000048   Code   RO         2657    i.MQTT_PacketPublishComp  mqttkit.o
    0x080029f8   0x00000048   Code   RO         2658    i.MQTT_PacketPublishRec  mqttkit.o
    0x08002a40   0x00000048   Code   RO         2659    i.MQTT_PacketPublishRel  mqttkit.o
    0x08002a88   0x000000fe   Code   RO         2662    i.MQTT_PacketSubscribe  mqttkit.o
    0x08002b86   0x00000046   Code   RO         2664    i.MQTT_ReadLength   mqttkit.o
    0x08002bcc   0x0000008c   Code   RO         2665    i.MQTT_UnPacketCmd  mqttkit.o
    0x08002c58   0x0000001e   Code   RO         2666    i.MQTT_UnPacketConnectAck  mqttkit.o
    0x08002c76   0x00000002   PAD
    0x08002c78   0x000001c0   Code   RO         2667    i.MQTT_UnPacketPublish  mqttkit.o
    0x08002e38   0x0000001e   Code   RO         2668    i.MQTT_UnPacketPublishAck  mqttkit.o
    0x08002e56   0x0000001e   Code   RO         2669    i.MQTT_UnPacketPublishComp  mqttkit.o
    0x08002e74   0x0000001e   Code   RO         2670    i.MQTT_UnPacketPublishRec  mqttkit.o
    0x08002e92   0x00000024   Code   RO         2671    i.MQTT_UnPacketPublishRel  mqttkit.o
    0x08002eb6   0x00000002   PAD
    0x08002eb8   0x00000074   Code   RO         2672    i.MQTT_UnPacketRecv  mqttkit.o
    0x08002f2c   0x00000034   Code   RO         2673    i.MQTT_UnPacketSubscribe  mqttkit.o
    0x08002f60   0x00000012   Code   RO         2674    i.MQTT_UnPacketUnSubscribe  mqttkit.o
    0x08002f72   0x00000002   PAD
    0x08002f74   0x00000070   Code   RO          137    i.NVIC_Init         misc.o
    0x08002fe4   0x00000014   Code   RO          138    i.NVIC_PriorityGroupConfig  misc.o
    0x08002ff8   0x0000023c   Code   RO         2599    i.OneNet_DevLink    onenet.o
    0x08003234   0x0000007c   Code   RO         2600    i.OneNet_Publish    onenet.o
    0x080032b0   0x00000410   Code   RO         2601    i.OneNet_RevPro     onenet.o
    0x080036c0   0x0000006c   Code   RO         2602    i.OneNet_Subscribe  onenet.o
    0x0800372c   0x00000020   Code   RO          292    i.RCC_AHBPeriphClockCmd  stm32f10x_rcc.o
    0x0800374c   0x00000020   Code   RO          293    i.RCC_APB1PeriphClockCmd  stm32f10x_rcc.o
    0x0800376c   0x00000020   Code   RO          295    i.RCC_APB2PeriphClockCmd  stm32f10x_rcc.o
    0x0800378c   0x000000d4   Code   RO          303    i.RCC_GetClocksFreq  stm32f10x_rcc.o
    0x08003860   0x00000018   Code   RO         1218    i.SPI_Cmd           stm32f10x_spi.o
    0x08003878   0x00000050   Code   RO         1968    i.SPI_FLASH_BufferRead  bsp_spi_flash.o
    0x080038c8   0x000000c0   Code   RO         1971    i.SPI_FLASH_Init    bsp_spi_flash.o
    0x08003988   0x00000078   Code   RO         1977    i.SPI_FLASH_SendByte  bsp_spi_flash.o
    0x08003a00   0x00000012   Code   RO         1226    i.SPI_I2S_GetFlagStatus  stm32f10x_spi.o
    0x08003a12   0x00000006   Code   RO         1229    i.SPI_I2S_ReceiveData  stm32f10x_spi.o
    0x08003a18   0x00000004   Code   RO         1230    i.SPI_I2S_SendData  stm32f10x_spi.o
    0x08003a1c   0x0000003c   Code   RO         1231    i.SPI_Init          stm32f10x_spi.o
    0x08003a58   0x00000040   Code   RO         1984    i.SPI_TIMEOUT_UserCallback  bsp_spi_flash.o
    0x08003a98   0x000000cc   Code   RO         1537    i.SendData          main.o
    0x08003b64   0x00000008   Code   RO           24    i.SetSysClock       system_stm32f10x.o
    0x08003b6c   0x000000e0   Code   RO           25    i.SetSysClockTo72   system_stm32f10x.o
    0x08003c4c   0x00000318   Code   RO         2447    i.Show              other.o
    0x08003f64   0x00000080   Code   RO         2448    i.Step_temp         other.o
    0x08003fe4   0x00000028   Code   RO          141    i.SysTick_CLKSourceConfig  misc.o
    0x0800400c   0x00000060   Code   RO           27    i.SystemInit        system_stm32f10x.o
    0x0800406c   0x00000028   Code   RO         1630    i.TIM6_IRQHandler   time.o
    0x08004094   0x00000006   Code   RO          502    i.TIM_ClearITPendingBit  stm32f10x_tim.o
    0x0800409a   0x00000022   Code   RO          528    i.TIM_GetITStatus   stm32f10x_tim.o
    0x080040bc   0x0000001c   Code   RO         2553    i.USART1_IRQHandler  usart.o
    0x080040d8   0x0000004c   Code   RO         2825    i.USART3_IRQHandler  esp8266.o
    0x08004124   0x00000012   Code   RO         1357    i.USART_ClearFlag   stm32f10x_usart.o
    0x08004136   0x00000018   Code   RO         1361    i.USART_Cmd         stm32f10x_usart.o
    0x0800414e   0x0000001a   Code   RO         1364    i.USART_GetFlagStatus  stm32f10x_usart.o
    0x08004168   0x00000054   Code   RO         1365    i.USART_GetITStatus  stm32f10x_usart.o
    0x080041bc   0x0000004a   Code   RO         1367    i.USART_ITConfig    stm32f10x_usart.o
    0x08004206   0x00000002   PAD
    0x08004208   0x000000d8   Code   RO         1368    i.USART_Init        stm32f10x_usart.o
    0x080042e0   0x00000008   Code   RO         1378    i.USART_SendData    stm32f10x_usart.o
    0x080042e8   0x000000b0   Code   RO         2554    i.Usart1_Init       usart.o
    0x08004398   0x0000015c   Code   RO         2555    i.Usart3_Init       usart.o
    0x080044f4   0x00000048   Code   RO         2556    i.UsartPrintf       usart.o
    0x0800453c   0x00000032   Code   RO         2557    i.Usart_SendString  usart.o
    0x0800456e   0x00000002   PAD
    0x08004570   0x00000020   Code   RO         3125    i.__0printf         mc_w.l(printfa.o)
    0x08004590   0x00000028   Code   RO         3127    i.__0sprintf        mc_w.l(printfa.o)
    0x080045b8   0x00000024   Code   RO         3130    i.__0vsnprintf      mc_w.l(printfa.o)
    0x080045dc   0x00000008   Code   RO         3228    i.__aeabi_errno_addr  mc_w.l(errno.o)
    0x080045e4   0x0000000e   Code   RO         3286    i.__scatterload_copy  mc_w.l(handlers.o)
    0x080045f2   0x00000002   Code   RO         3287    i.__scatterload_null  mc_w.l(handlers.o)
    0x080045f4   0x0000000e   Code   RO         3288    i.__scatterload_zeroinit  mc_w.l(handlers.o)
    0x08004602   0x00000002   PAD
    0x08004604   0x00000164   Code   RO         3132    i._fp_digits        mc_w.l(printfa.o)
    0x08004768   0x000006dc   Code   RO         3133    i._printf_core      mc_w.l(printfa.o)
    0x08004e44   0x00000024   Code   RO         3134    i._printf_post_padding  mc_w.l(printfa.o)
    0x08004e68   0x0000002e   Code   RO         3135    i._printf_pre_padding  mc_w.l(printfa.o)
    0x08004e96   0x00000016   Code   RO         3136    i._snputc           mc_w.l(printfa.o)
    0x08004eac   0x0000000a   Code   RO         3137    i._sputc            mc_w.l(printfa.o)
    0x08004eb6   0x00000002   PAD
    0x08004eb8   0x00000024   Code   RO         2203    i.delay_init        delay.o
    0x08004edc   0x0000004c   Code   RO         2204    i.delay_ms          delay.o
    0x08004f28   0x0000004c   Code   RO         2205    i.delay_us          delay.o
    0x08004f74   0x00000012   Code   RO         3213    i.fputc             mc_w.l(fputc.o)
    0x08004f86   0x00000002   PAD
    0x08004f88   0x00000050   Code   RO         3153    i.free              mc_w.l(malloc.o)
    0x08004fd8   0x0000000c   Code   RO         2449    i.getheart          other.o
    0x08004fe4   0x0000000c   Code   RO         2450    i.getsp02           other.o
    0x08004ff0   0x0000000c   Code   RO         2451    i.getstep           other.o
    0x08004ffc   0x0000000c   Code   RO         2452    i.gettemp           other.o
    0x08005008   0x00000034   Code   RO         2077    i.i2c_Ack           bsp_i2c.o
    0x0800503c   0x0000000e   Code   RO         2079    i.i2c_Delay         bsp_i2c.o
    0x0800504a   0x00000002   PAD
    0x0800504c   0x00000030   Code   RO         2080    i.i2c_GPIO_Config   bsp_i2c.o
    0x0800507c   0x0000002c   Code   RO         2081    i.i2c_NAck          bsp_i2c.o
    0x080050a8   0x00000054   Code   RO         2082    i.i2c_ReadByte      bsp_i2c.o
    0x080050fc   0x00000058   Code   RO         2083    i.i2c_SendByte      bsp_i2c.o
    0x08005154   0x00000030   Code   RO         2084    i.i2c_Start         bsp_i2c.o
    0x08005184   0x00000020   Code   RO         2085    i.i2c_Stop          bsp_i2c.o
    0x080051a4   0x00000040   Code   RO         2086    i.i2c_WaitAck       bsp_i2c.o
    0x080051e4   0x00000044   Code   RO         2453    i.int2str           other.o
    0x08005228   0x00000048   Code   RO         1538    i.main              main.o
    0x08005270   0x0000006c   Code   RO         3154    i.malloc            mc_w.l(malloc.o)
    0x080052dc   0x00000052   Code   RO         2353    i.max30102_Bus_Read  max30102.o
    0x0800532e   0x00000044   Code   RO         2354    i.max30102_Bus_Write  max30102.o
    0x08005372   0x00000080   Code   RO         2355    i.max30102_FIFO_ReadBytes  max30102.o
    0x080053f2   0x00000002   PAD
    0x080053f4   0x00000084   Code   RO         2357    i.max30102_init     max30102.o
    0x08005478   0x00000014   Code   RO         2358    i.max30102_reset    max30102.o
    0x0800548c   0x00000042   Code   RO         2229    i.maxim_find_peaks  algorithm.o
    0x080054ce   0x00000002   PAD
    0x080054d0   0x00000500   Code   RO         2230    i.maxim_heart_rate_and_oxygen_saturation  algorithm.o
    0x080059d0   0x0000007a   Code   RO         2231    i.maxim_peaks_above_min_height  algorithm.o
    0x08005a4a   0x00000072   Code   RO         2232    i.maxim_remove_close_peaks  algorithm.o
    0x08005abc   0x00000036   Code   RO         2233    i.maxim_sort_ascend  algorithm.o
    0x08005af2   0x00000040   Code   RO         2234    i.maxim_sort_indices_descend  algorithm.o
    0x08005b32   0x00003b60   Data   RO         1947    .constdata          fonts.o
    0x08009692   0x000000f6   Data   RO         2236    .constdata          algorithm.o
    0x08009788   0x0004b808   Data   RO         2455    .constdata          other.o
    0x08054f90   0x00000081   Data   RO         3252    .constdata          mc_w.l(ctype_o.o)
    0x08055011   0x00000003   PAD
    0x08055014   0x00000004   Data   RO         3253    .constdata          mc_w.l(ctype_o.o)
    0x08055018   0x0000000b   Data   RO         1540    .conststring        main.o
    0x08055023   0x00000001   PAD
    0x08055024   0x0000007c   Data   RO         2603    .conststring        onenet.o
    0x080550a0   0x00000020   Data   RO         3284    Region$$Table       anon$$obj.o


    Execution Region RW_IRAM1 (Base: 0x20000000, Size: 0x000033b0, Max: 0x00010000, ABSOLUTE)

    Base Addr    Size         Type   Attr      Idx    E Section Name        Object

    0x20000000   0x00000014   Data   RW          323    .data               stm32f10x_rcc.o
    0x20000014   0x0000000c   Data   RW         1541    .data               main.o
    0x20000020   0x00000010   Data   RW         1728    .data               bsp_ili9341_lcd.o
    0x20000030   0x00000019   Data   RW         1948    .data               fonts.o
    0x20000049   0x00000003   PAD
    0x2000004c   0x00000004   Data   RW         1985    .data               bsp_spi_flash.o
    0x20000050   0x00000004   Data   RW         2206    .data               delay.o
    0x20000054   0x00000048   Data   RW         2456    .data               other.o
    0x2000009c   0x00000002   Data   RW         2604    .data               onenet.o
    0x2000009e   0x00000004   Data   RW         2827    .data               esp8266.o
    0x200000a2   0x00000002   PAD
    0x200000a4   0x00000004   Data   RW         3215    .data               mc_w.l(stdout.o)
    0x200000a8   0x00000004   Data   RW         3226    .data               mc_w.l(mvars.o)
    0x200000ac   0x00000004   Data   RW         3227    .data               mc_w.l(mvars.o)
    0x200000b0   0x00000004   Data   RW         3231    .data               mc_w.l(errno.o)
    0x200000b4   0x00000080   Zero   RW         1539    .bss                main.o
    0x20000134   0x00001760   Zero   RW         2235    .bss                algorithm.o
    0x20001894   0x00001498   Zero   RW         2454    .bss                other.o
    0x20002d2c   0x00000080   Zero   RW         2826    .bss                esp8266.o
    0x20002dac   0x00000004   PAD
    0x20002db0   0x00000200   Zero   RW            2    HEAP                startup_stm32f10x_hd.o
    0x20002fb0   0x00000400   Zero   RW            1    STACK               startup_stm32f10x_hd.o


==============================================================================

Image component sizes


      Code (inc. data)   RO Data    RW Data    ZI Data      Debug   Object Name

      1700         30        246          0       5984       6965   algorithm.o
        96          6          0          0          0        494   bsp.o
       474         32          0          0          0       4258   bsp_i2c.o
      2336        142          0         16          0      13143   bsp_ili9341_lcd.o
       456         76          0          4          0       2825   bsp_spi_flash.o
         0          0          0          0          0       4496   core_cm3.o
       188         18          0          4          0       1623   delay.o
      1004        384          0          4        128       4959   esp8266.o
        36          6          0          0          0        439   exti.o
        84         10      15200         25          0       2079   fonts.o
       276        100         11         12        128       2301   main.o
       430          4          0          0          0       3232   max30102.o
       172         22          0          0          0       2001   misc.o
       422         10          0          0          0       3301   mpu6050.o
      2956         34          0          0          0      18113   mqttkit.o
       692        104          0          0          0       3958   myiic.o
      1844        884        124          2          0       4929   onenet.o
      2270        340     309256         72       5272       9777   other.o
        36          8        304          0       1536        844   startup_stm32f10x_hd.o
        52         12          0          0          0       1088   stm32f10x_exti.o
       282          6          0          0          0       1773   stm32f10x_fsmc.o
       314          0          0          0          0       4124   stm32f10x_gpio.o
       308         38          0         20          0       4918   stm32f10x_rcc.o
       112          0          0          0          0       3722   stm32f10x_spi.o
        40          0          0          0          0       1702   stm32f10x_tim.o
       450          6          0          0          0       6003   stm32f10x_usart.o
       328         28          0          0          0     265065   system_stm32f10x.o
        40          8          0          0          0        434   time.o
       674         28          0          0          0       4173   usart.o

    ----------------------------------------------------------------------
     18092       2336     325174        164      13052     382739   Object Totals
         0          0         32          0          0          0   (incl. Generated)
        20          0          1          5          4          0   (incl. Padding)

    ----------------------------------------------------------------------

      Code (inc. data)   RO Data    RW Data    ZI Data      Debug   Library Member Name

        28          0          0          0          0         68   _chval.o
       158          0          0          0          0         92   _strtoul.o
        26          0          0          0          0         80   atoi.o
         8          4        133          0          0         68   ctype_o.o
         0          0          0          0          0          0   entry.o
         0          0          0          0          0          0   entry10a.o
         0          0          0          0          0          0   entry11a.o
         8          4          0          0          0          0   entry2.o
         4          0          0          0          0          0   entry5.o
         0          0          0          0          0          0   entry7b.o
         0          0          0          0          0          0   entry8b.o
         8          4          0          0          0          0   entry9a.o
         8          4          0          4          0         68   errno.o
        18          0          0          0          0         80   fputc.o
        30          0          0          0          0          0   handlers.o
        36          8          0          0          0         68   init.o
         0          0          0          0          0          0   iusefp.o
         0          0          0          0          0          0   iusesemip.o
        30          0          0          0          0         68   llshl.o
        36          0          0          0          0         68   llsshr.o
        32          0          0          0          0         68   llushr.o
       188         20          0          0          0        160   malloc.o
        36          0          0          0          0         68   memcpya.o
        36          0          0          0          0        108   memseta.o
         0          0          0          8          0          0   mvars.o
      2334        100          0          0          0        744   printfa.o
         0          0          0          0          0          0   semi.o
         0          0          0          4          0          0   stdout.o
        20          0          0          0          0         68   strchr.o
        14          0          0          0          0         68   strlen.o
        40          0          0          0          0         76   strncat.o
        36          0          0          0          0         80   strstr.o
       112          0          0          0          0         88   strtol.o
        44          0          0          0          0         80   uidiv.o
        98          0          0          0          0         92   uldiv.o
        48          0          0          0          0         68   cdrcmple.o
       334          0          0          0          0        148   dadd.o
       222          0          0          0          0        100   ddiv.o
       186          0          0          0          0        176   depilogue.o
        62          0          0          0          0         80   dfixi.o
        48          0          0          0          0         68   dfixul.o
        34          0          0          0          0         76   dflti.o
       228          0          0          0          0         96   dmul.o
       124          0          0          0          0         88   fdiv.o
       110          0          0          0          0        168   fepilogue.o
        50          0          0          0          0         68   ffixi.o
        10          0          0          0          0         68   ffltui.o
       100          0          0          0          0         76   fmul.o

    ----------------------------------------------------------------------
      4950        144        136         16          0       3640   Library Totals
         6          0          3          0          0          0   (incl. Padding)

    ----------------------------------------------------------------------

      Code (inc. data)   RO Data    RW Data    ZI Data      Debug   Library Name

      3388        144        133         16          0       2360   mc_w.l
      1556          0          0          0          0       1280   mf_w.l

    ----------------------------------------------------------------------
      4950        144        136         16          0       3640   Library Totals

    ----------------------------------------------------------------------

==============================================================================


      Code (inc. data)   RO Data    RW Data    ZI Data      Debug   

     23042       2480     325310        180      13052     376859   Grand Totals
     23042       2480     325310        180      13052     376859   ELF Image Totals
     23042       2480     325310        180          0          0   ROM Totals

==============================================================================

    Total RO  Size (Code + RO Data)               348352 ( 340.19kB)
    Total RW  Size (RW Data + ZI Data)             13232 (  12.92kB)
    Total ROM Size (Code + RO Data + RW Data)     348532 ( 340.36kB)

==============================================================================

